I/InternalIcingCorporaPro( 1101): Updating corpora: APPS=com.digiburo.mellow.heeler, CONTACTS=MAYBE
D/PackageBroadcastService(  791): Received broadcast action=android.intent.action.PACKAGE_ADDED and uri=com.digiburo.mellow.heeler
D/PackageAddedReceiver(  675): package added com.digiburo.mellow.heeler
I/InternalIcingCorporaPro( 1101): UpdateCorporaTask done [took 48 ms] updated apps [took 48 ms] 
I/PeopleContactsSync(  791): CP2 sync disabled
D/dalvikvm(  375): JIT code cache reset in 7 ms (1048548 bytes 36/0)
D/dalvikvm(  375): GC_EXPLICIT freed 2558K, 35% free 25633K/39396K, paused 6ms+25ms, total 256ms
D/AndroidRuntime(11008): Shutting down VM
D/jdwp    (11008): Got wake-up signal, bailing out of select
D/dalvikvm(11008): Debugger has detached; object registry had 1 entries
D/PackageBroadcastService(  791): Received broadcast action=android.intent.action.PACKAGE_REPLACED and uri=com.digiburo.mellow.heeler
I/PeopleContactsSync(  791): CP2 sync disabled
D/dalvikvm( 7818): GC_CONCURRENT freed 385K, 5% free 8895K/9320K, paused 2ms+2ms, total 13ms
D/AndroidRuntime(11043): 
D/AndroidRuntime(11043): >>>>>> AndroidRuntime START com.android.internal.os.RuntimeInit <<<<<<
D/AndroidRuntime(11043): CheckJNI is OFF
D/dalvikvm(11043): Trying to load lib libjavacore.so 0x0
D/dalvikvm(11043): Added shared lib libjavacore.so 0x0
D/dalvikvm(11043): Trying to load lib libnativehelper.so 0x0
D/dalvikvm(11043): Added shared lib libnativehelper.so 0x0
I/ActivityManager(  375): Start proc com.digiburo.mellow.heeler for broadcast com.digiburo.mellow.heeler/.lib.service.ScanReceiver: pid=11051 uid=10075 gids={50075, 3003, 1015, 1028}
D/dalvikvm(11051): Late-enabling CheckJNI
D/AndroidRuntime(11043): Calling main entry com.android.commands.am.Am
D/dalvikvm(11043): Note: class Landroid/app/ActivityManagerNative; has 163 unimplemented (abstract) methods
I/ActivityManager(  375): START u0 {act=android.intent.action.MAIN cat=[android.intent.category.LAUNCHER] flg=0x10000000 cmp=com.digiburo.mellow.heeler/.app.MainActivity} from pid 11043
D/AndroidRuntime(11043): Shutting down VM
D/jdwp    (11043): Got wake-up signal, bailing out of select
D/dalvikvm(11043): Debugger has detached; object registry had 1 entries
D//SpiceManager.java:212(11051): 09:29:38.587 main SpiceManager started.
D/com.digiburo.mellow.heeler.lib.service.ScanReceiver(11051): xxx xxx onReceive xxx xxx:INTENT_ACTION_ALARM
D/com.digiburo.mellow.heeler.lib.service.ScanReceiver(11051): no location - ignoring intent
D/dalvikvm(11051): GC_FOR_ALLOC freed 286K, 4% free 9089K/9412K, paused 17ms, total 17ms
V//SpiceManager.java:1183(11051): 09:29:38.714 SpiceManagerThread 0 Binding to service.
D/com.digiburo.mellow.heeler.app.ConsoleFragment(11051): start collection false
D/com.digiburo.mellow.heeler.app.ConsoleFragment(11051): start collection false
V//SpiceManager.java:1189(11051): 09:29:38.736 SpiceManagerThread 0 Binding to service succeeded.
D//SpiceManager.java:1236(11051): 09:29:38.736 SpiceManagerThread 0 Waiting for service to be bound.
D/com.digiburo.mellow.heeler.lib.service.AudioService(11051): xxx xxx onCreate xxx xxx
I/GoogleTTSService(10139): Creating Google TTS service, version 3.1.3.1162895
I/TextToSpeech(11051): Sucessfully bound to com.google.android.tts
D/com.digiburo.mellow.heeler.lib.service.AudioService(11051): xxx xxx onStart xxx xxx
I/com.digiburo.mellow.heeler.lib.service.AudioService(11051): sayThis waiting for initialize
D/dalvikvm(10139): Trying to load lib /data/app-lib/com.google.android.tts-2/libpatts_engine_jni_api_ub.210030103.so 0x4200af80
D/dalvikvm(10139): Shared lib '/data/app-lib/com.google.android.tts-2/libpatts_engine_jni_api_ub.210030103.so' already loaded in same CL 0x4200af80
I/patts   (10139): Loading project file (apk mode is true,assets from com.google.android.tts) ...
D//SpiceService.java:127(11051): 09:29:38.778 main SpiceService instance created.
I/patts   (10139): [android_project_file.cc:35] Loading "voices/en-us-x-sfg-phone-hmm/phonology.cfg" ...
I/patts   (10139): [android_project_file.cc:35] Loading "voices/en-us-x-sfg-phone-hmm/compressed_lexicon_en_us.blex" ...
D/dalvikvm(11051): GC_FOR_ALLOC freed 242K, 3% free 9361K/9640K, paused 16ms, total 16ms
V//SpiceService.java:442(11051): 09:29:38.885 main Pending requests : 0
V//SpiceService.java:444(11051): 09:29:38.887 main Stop foreground
I/patts   (10139): [android_project_file.cc:35] Loading "voices/en-us-x-sfg-phone-hmm/phonology.pb" ...
I/patts   (10139): [android_project_file.cc:35] Loading "voices/en-us-x-sfg-phone-hmm/rewrite_android.far" ...
I/patts   (10139): [grm-manager.h:57] Loading FST archive from "voices/en-us-x-sfg-phone-hmm/rewrite_android.far" ...
I/patts   (10139): [android_project_file.cc:35] Loading "voices/en-us-x-sfg-phone-hmm/tokenize_and_classify_embedded_android.far" ...
I/patts   (10139): [grm-manager.h:57] Loading FST archive from "voices/en-us-x-sfg-phone-hmm/tokenize_and_classify_embedded_android.far" ...
I/patts   (10139): [android_project_file.cc:35] Loading "voices/en-us-x-sfg-phone-hmm/textnorm_params_embedded.pb" ...
D/libEGL  (11051): loaded /vendor/lib/egl/libEGL_POWERVR_SGX540_120.so
D/libEGL  (11051): loaded /vendor/lib/egl/libGLESv1_CM_POWERVR_SGX540_120.so
D/libEGL  (11051): loaded /vendor/lib/egl/libGLESv2_POWERVR_SGX540_120.so
D/OpenGLRenderer(11051): Enabling debug mode 0
I/TextToSpeech(11051): Connected to ComponentInfo{com.google.android.tts/com.google.android.tts.service.GoogleTTSService}
D//SpiceServiceListenerNotifier.java:33(11051): 09:29:39.110 main Message Queue starting
D//SpiceManager.java:1086(11051): 09:29:39.111 main Bound to service : JacksonSpringAndroidSpiceService
D//SpiceManager.java:1243(11051): 09:29:39.118 SpiceManagerThread 0 Bound ok.
W/IInputConnectionWrapper(28594): showStatusIcon on inactive InputConnection
I/TextToSpeech(11051): Set up connection to ComponentInfo{com.google.android.tts/com.google.android.tts.service.GoogleTTSService}
I/com.digiburo.mellow.heeler.lib.service.AudioService(11051): onInit:0
I/ActivityManager(  375): Displayed com.digiburo.mellow.heeler/.app.MainActivity: +688ms
I/patts   (10139): [android_project_file.cc:35] Loading "voices/en-us-x-sfg-phone-hmm/resolve_homographs_simple_us.pb" ...
I/patts   (10139): [android_project_file.cc:35] Loading "voices/en-us-x-sfg-phone-hmm/mapping_grammar_android.far" ...
I/patts   (10139): [grm-manager.h:57] Loading FST archive from "voices/en-us-x-sfg-phone-hmm/mapping_grammar_android.far" ...
I/patts   (10139): [android_project_file.cc:35] Loading "voices/en-us-x-sfg-phone-hmm/roman_numeral_contexts.pb" ...
I/patts   (10139): [android_project_file.cc:35] Loading "voices/en-us-x-sfg-phone-hmm/roman_numeral_android.far" ...
I/patts   (10139): [grm-manager.h:57] Loading FST archive from "voices/en-us-x-sfg-phone-hmm/roman_numeral_android.far" ...
I/patts   (10139): [android_project_file.cc:35] Loading "voices/en-us-x-sfg-phone-hmm/verbalize_android.far" ...
I/patts   (10139): [grm-manager.h:57] Loading FST archive from "voices/en-us-x-sfg-phone-hmm/verbalize_android.far" ...
I/patts   (10139): [android_project_file.cc:35] Loading "voices/en-us-x-sfg-phone-hmm/textnorm_params_embedded.pb" ...
I/patts   (10139): [android_project_file.cc:35] Loading "voices/en-us-x-sfg-phone-hmm/resolve_homographs_simple_us.pb" ...
I/patts   (10139): [android_project_file.cc:35] Loading "voices/en-us-x-sfg-phone-hmm/g2p_m3_syls0_stress0_en-US.fst" ...
I/patts   (10139): [compact_fst.cc:31] Loading FST from "voices/en-us-x-sfg-phone-hmm/g2p_m3_syls0_stress0_en-US.fst" ...
I/patts   (10139): [decoder_impl.cc:78] g2p FST: 55 graphemes, 41 phonemes (with special symbols)
I/patts   (10139): [android_project_file.cc:35] Loading "voices/en-us-x-sfg-phone-hmm/engine_hmm_22050_ap-embedded_lsp.cfg" ...
I/patts   (10139): [embedded_hmm_synthesizer.cc:21] Embedded HMM synthesizer initialized.
I/patts   (10139): [android_project_file.cc:35] Loading "voices/en-us-x-sfg-phone-hmm/phonology.cfg" ...
I/patts   (10139): [android_project_file.cc:35] Loading "voices/en-us-x-sfg-phone-hmm/compile_hmm_phoneme.cfg" ...
I/patts   (10139): [android_project_file.cc:35] Loading "voices/en-us-x-sfg-phone-hmm/engine_hmm_22050_ap-embedded_lsp.cfg" ...
I/patts   (10139): [android_project_file.cc:35] Loading "voices/en-us-x-sfg-phone-hmm/patts1_hmm_voice_en_us_sfg_all_22050_phoneme_lsp_swop_ap_msd_bin_8bit.voice" ...
D/dalvikvm( 9624): GC_CONCURRENT freed 440K, 6% free 9535K/10040K, paused 3ms+3ms, total 28ms
D/Finsky  ( 9624): [1] 5.onFinished: Installation state replication succeeded.
V/DigitalWidgetViewsFactory(13697): DigitalWidget sets next alarm string to null
D/com.digiburo.mellow.heeler.lib.service.ScanReceiver(11051): xxx xxx onReceive xxx xxx:INTENT_ACTION_ALARM
D/com.digiburo.mellow.heeler.lib.service.ScanReceiver(11051): no location - ignoring intent
D/AndroidRuntime(11078): 
D/AndroidRuntime(11078): >>>>>> AndroidRuntime START com.android.internal.os.RuntimeInit <<<<<<
D/AndroidRuntime(11078): CheckJNI is OFF
D/dalvikvm(11078): Trying to load lib libjavacore.so 0x0
D/dalvikvm(11078): Added shared lib libjavacore.so 0x0
D/dalvikvm(11078): Trying to load lib libnativehelper.so 0x0
D/dalvikvm(11078): Added shared lib libnativehelper.so 0x0
D/AndroidRuntime(11078): Calling main entry com.android.commands.pm.Pm
W/ActivityManager(  375): No content provider found for permission revoke: file:///data/local/tmp/com.digiburo.mellow.heeler
W/ActivityManager(  375): No content provider found for permission revoke: file:///data/local/tmp/com.digiburo.mellow.heeler
I/PackageManager(  375): Copying native libraries to /data/app-lib/vmdl-1897586027
D/dalvikvm(  375): GC_CONCURRENT freed 4473K, 36% free 25360K/39396K, paused 5ms+8ms, total 107ms
D/dalvikvm(  375): WAIT_FOR_CONCURRENT_GC blocked 45ms
D/dalvikvm(  375): GC_CONCURRENT freed 4381K, 37% free 25105K/39396K, paused 4ms+7ms, total 94ms
D/dalvikvm(  375): WAIT_FOR_CONCURRENT_GC blocked 82ms
I/ActivityManager(  375): Force stopping package com.digiburo.mellow.heeler appid=10075 user=-1
I/ActivityManager(  375): Killing proc 11051:com.digiburo.mellow.heeler/u0a10075: force stop com.digiburo.mellow.heeler
W/ActivityManager(  375): Scheduling restart of crashed service com.digiburo.mellow.heeler/com.octo.android.robospice.JacksonSpringAndroidSpiceService in 5000ms
W/ActivityManager(  375): Scheduling restart of crashed service com.digiburo.mellow.heeler/.lib.service.AudioService in 15000ms
W/ActivityManager(  375): Force removing ActivityRecord{42510730 u0 com.digiburo.mellow.heeler/.app.MainActivity}: app died, no saved state
I/patts   (10139): [jni_text_analysis_api.cc:337] jni: deleting text normalizer ...
I/ActivityManager(  375):   Force stopping service ServiceRecord{42886db0 u0 com.digiburo.mellow.heeler/.lib.service.AudioService}
I/ActivityManager(  375):   Force stopping service ServiceRecord{42844668 u0 com.digiburo.mellow.heeler/com.octo.android.robospice.JacksonSpringAndroidSpiceService}
I/WindowState(  375): WIN DEATH: Window{4245df80 u0 com.digiburo.mellow.heeler/com.digiburo.mellow.heeler.app.MainActivity}
W/WindowManager(  375): Force-removing child win Window{43b56158 u0 PopupWindow:4204fb70} from container Window{4245df80 u0 com.digiburo.mellow.heeler/com.digiburo.mellow.heeler.app.MainActivity}
I/patts   (10139): [jni_synthesizer_api.cc:92] jni: deleting synthesizer ...
I/patts   (10139): [jni_project_file_api.cc:110] jni: deleting project file ...
I/patts   (10139): [jni_project_file_api.cc:123] jni: deleting project resource holder ...
W/WindowManager(  375): Failed looking up window
W/WindowManager(  375): java.lang.IllegalArgumentException: Requested window android.os.BinderProxy@434e4a50 does not exist
W/WindowManager(  375): 	at com.android.server.wm.WindowManagerService.windowForClientLocked(WindowManagerService.java:7608)
W/WindowManager(  375): 	at com.android.server.wm.WindowManagerService.windowForClientLocked(WindowManagerService.java:7599)
W/WindowManager(  375): 	at com.android.server.wm.WindowState$DeathRecipient.binderDied(WindowState.java:1000)
W/WindowManager(  375): 	at android.os.BinderProxy.sendDeathNotice(Binder.java:470)
W/WindowManager(  375): 	at dalvik.system.NativeStart.run(Native Method)
I/WindowState(  375): WIN DEATH: null
I/PackageManager(  375): Package com.digiburo.mellow.heeler codePath changed from /data/app/com.digiburo.mellow.heeler-1.apk to /data/app/com.digiburo.mellow.heeler-2.apk; Retaining data and using new
I/PackageManager(  375): Running dexopt on: com.digiburo.mellow.heeler
W/InputMethodManagerService(  375): Got RemoteException sending setActive(false) notification to pid 11051 uid 10075
D/dalvikvm(11089): DexOpt: load 232ms, verify+opt 1773ms, 4144436 bytes
I/ActivityManager(  375): Force stopping package com.digiburo.mellow.heeler appid=10075 user=-1
W/PackageManager(  375): Code path for pkg : com.digiburo.mellow.heeler changing from /data/app/com.digiburo.mellow.heeler-1.apk to /data/app/com.digiburo.mellow.heeler-2.apk
W/PackageManager(  375): Resource path for pkg : com.digiburo.mellow.heeler changing from /data/app/com.digiburo.mellow.heeler-1.apk to /data/app/com.digiburo.mellow.heeler-2.apk
W/PackageManager(  375): Not granting permission android.permission.SEND_DOWNLOAD_COMPLETED_INTENTS to package com.google.android.browser (protectionLevel=2 flags=0x89be45)
W/PackageManager(  375): Unknown permission android.permission.ADD_SYSTEM_SERVICE in package com.android.phone
W/PackageManager(  375): Unknown permission com.android.smspush.WAPPUSH_MANAGER_BIND in package com.android.phone
W/PackageManager(  375): Unknown permission com.android.nfc.permission.NFCEE_ADMIN in package com.google.android.apps.walletnfcrel
W/PackageManager(  375): Unknown permission com.android.vending.billing.IBillingAccountService.BIND2 in package com.google.android.gsf.login
W/PackageManager(  375): Unknown permission com.android.chrome.TOS_ACKED in package com.google.android.gsf.login
W/PackageManager(  375): Unknown permission com.android.gallery3d.permission.GALLERY_PROVIDER in package com.android.bluetooth
W/PackageManager(  375): Not granting permission android.permission.BROADCAST_PACKAGE_REMOVED to package com.google.android.marvin.talkback (protectionLevel=2 flags=0xc9bec5)
W/PackageManager(  375): Not granting permission android.permission.DEVICE_POWER to package com.google.android.deskclock (protectionLevel=2 flags=0xc8be45)
W/PackageManager(  375): Unknown permission android.permission.RECOVERY in package com.google.android.gms
W/PackageManager(  375): Not granting permission android.permission.READ_DREAM_STATE to package com.google.android.gms (protectionLevel=2 flags=0xc83ec5)
W/PackageManager(  375): Not granting permission android.permission.GET_APP_OPS_STATS to package com.google.android.gms (protectionLevel=50 flags=0xc83ec5)
W/PackageManager(  375): Not granting permission android.permission.UPDATE_APP_OPS_STATS to package com.google.android.gms (protectionLevel=18 flags=0xc83ec5)
W/PackageManager(  375): Unknown permission android.permission.CAPTURE_AUDIO_HOTWORD in package com.google.android.gms
W/PackageManager(  375): Unknown permission android.permission.ACCESS_NETWORK_CONDITIONS in package com.google.android.gms
W/PackageManager(  375): Unknown permission android.permission.MANAGE_DEVICE_ADMINS in package com.google.android.gms
W/PackageManager(  375): Not granting permission android.permission.MODIFY_PHONE_STATE to package com.google.android.gms (protectionLevel=18 flags=0xc83ec5)
W/PackageManager(  375): Not granting permission android.permission.MANAGE_USB to package com.google.android.gms (protectionLevel=18 flags=0xc83ec5)
W/PackageManager(  375): Not granting permission android.permission.CALL_PRIVILEGED to package com.google.android.gms (protectionLevel=18 flags=0xc83ec5)
W/PackageManager(  375): Unknown permission android.permission.BLUETOOTH_PRIVILEGED in package com.google.android.gms
W/PackageManager(  375): Unknown permission android.permission.CAPTURE_AUDIO_OUTPUT in package com.google.android.gms
W/PackageManager(  375): Unknown permission android.permission.CAPTURE_VIDEO_OUTPUT in package com.google.android.gms
W/PackageManager(  375): Unknown permission android.permission.CAPTURE_SECURE_VIDEO_OUTPUT in package com.google.android.gms
W/PackageManager(  375): Not granting permission android.permission.READ_FRAME_BUFFER to package com.google.android.gms (protectionLevel=18 flags=0xc83ec5)
W/PackageManager(  375): Unknown permission com.google.android.wearable.READ_SETTINGS in package com.google.android.gms
W/PackageManager(  375): Unknown permission android.permission.READ_OWNER_DATA in package com.google.android.setupwizard
W/PackageManager(  375): Unknown permission android.permission.WRITE_OWNER_DATA in package com.google.android.setupwizard
W/PackageManager(  375): Unknown permission android.permission.MEDIA_CONTENT_CONTROL in package com.google.android.googlequicksearchbox
W/PackageManager(  375): Unknown permission com.google.android.apps.googlevoice.permission.AUTO_SEND in package com.google.android.googlequicksearchbox
W/PackageManager(  375): Unknown permission com.android.chrome.PRERENDER_URL in package com.google.android.googlequicksearchbox
W/PackageManager(  375): Unknown permission android.permission.CAPTURE_AUDIO_HOTWORD in package com.google.android.googlequicksearchbox
W/PackageManager(  375): Not granting permission android.permission.STOP_APP_SWITCHES to package com.google.android.googlequicksearchbox (protectionLevel=18 flags=0xdbbec5)
W/PackageManager(  375): Not granting permission android.permission.STATUS_BAR to package com.google.android.googlequicksearchbox (protectionLevel=18 flags=0xdbbec5)
W/PackageManager(  375): Unknown permission com.google.android.launcher.permission.CONTENT_REDIRECT in package com.google.android.googlequicksearchbox
W/PackageManager(  375): Not granting permission android.permission.BIND_APPWIDGET to package com.google.android.googlequicksearchbox (protectionLevel=18 flags=0xdbbec5)
W/PackageManager(  375): Not granting permission android.permission.SEND_DOWNLOAD_COMPLETED_INTENTS to package com.android.vending (protectionLevel=2 flags=0x8abec5)
W/PackageManager(  375): Not granting permission android.permission.WRITE_SECURE_SETTINGS to package com.android.vending (protectionLevel=50 flags=0x8abec5)
W/PackageManager(  375): Not granting permission android.permission.FORCE_STOP_PACKAGES to package com.android.vending (protectionLevel=2 flags=0x8abec5)
W/PackageManager(  375): Unknown permission android.permission.MANAGE_DOCUMENTS in package com.google.android.youtube
W/PackageManager(  375): Not granting permission android.permission.READ_DREAM_STATE to package com.google.android.gsf (protectionLevel=2 flags=0x883e45)
W/PackageManager(  375): Unknown permission com.digiburo.mellow.heeler.permission.MAPS_RECEIVE in package com.digiburo.mellow.heeler
I/ActivityManager(  375): Force stopping package com.digiburo.mellow.heeler appid=10075 user=0
D/dalvikvm(28594): GC_EXPLICIT freed 266K, 8% free 16534K/17852K, paused 5ms+8ms, total 65ms
D/dalvikvm( 9581): GC_EXPLICIT freed 312K, 5% free 9182K/9604K, paused 2ms+7ms, total 36ms
D/dalvikvm(  637): GC_EXPLICIT freed 253K, 21% free 18331K/23056K, paused 3ms+5ms, total 84ms
D/dalvikvm( 1101): GC_EXPLICIT freed 185K, 9% free 10076K/10984K, paused 4ms+2ms, total 117ms
I/InputReader(  375): Reconfiguring input devices.  changes=0x00000010
I/InputReader(  375): Reconfiguring input devices.  changes=0x00000010
I/Launcher(  637): Deferring update until onResume
D/BackupManagerService(  375): Received broadcast Intent { act=android.intent.action.PACKAGE_REMOVED dat=package:com.digiburo.mellow.heeler flg=0x8000010 (has extras) }
I/Launcher(  637): Deferring update until onResume
D/BackupManagerService(  375): Received broadcast Intent { act=android.intent.action.PACKAGE_ADDED dat=package:com.digiburo.mellow.heeler flg=0x8000010 (has extras) }
V/BackupManagerService(  375): removePackageParticipantsLocked: uid=10075 #1
V/BackupManagerService(  375): addPackageParticipantsLocked: #1
W/ContextImpl( 9598): Calling a method in the system process without a qualified user: android.app.ContextImpl.startService:1385 android.content.ContextWrapper.startService:473 android.content.ContextWrapper.startService:473 com.android.keychain.KeyChainBroadcastReceiver.onReceive:12 android.app.ActivityThread.handleReceiver:2424 
D/PackageBroadcastService(  791): Received broadcast action=android.intent.action.PACKAGE_REMOVED and uri=com.digiburo.mellow.heeler
E/Process (  375): Error getting pid for '0'
I/InternalIcingCorporaPro( 1101): Updating corpora: APPS=com.digiburo.mellow.heeler, CONTACTS=MAYBE
D/PackageBroadcastService(  791): Received broadcast action=android.intent.action.PACKAGE_ADDED and uri=com.digiburo.mellow.heeler
I/PeopleContactsSync(  791): CP2 sync disabled
D/PackageAddedReceiver(  675): package added com.digiburo.mellow.heeler
I/InternalIcingCorporaPro( 1101): UpdateCorporaTask done [took 57 ms] updated apps [took 57 ms] 
D/dalvikvm(30683): GC_CONCURRENT freed 300K, 60% free 12932K/32104K, paused 7ms+3ms, total 33ms
D/dalvikvm(30683): WAIT_FOR_CONCURRENT_GC blocked 22ms
D/dalvikvm(  375): GC_EXPLICIT freed 1802K, 36% free 25229K/39396K, paused 5ms+21ms, total 305ms
D/PackageBroadcastService(  791): Received broadcast action=android.intent.action.PACKAGE_REPLACED and uri=com.digiburo.mellow.heeler
I/PeopleContactsSync(  791): CP2 sync disabled
D/AndroidRuntime(11078): Shutting down VM
D/jdwp    (11078): Got wake-up signal, bailing out of select
D/dalvikvm(11078): Debugger has detached; object registry had 1 entries
D/dalvikvm( 7818): GC_CONCURRENT freed 390K, 5% free 8894K/9324K, paused 2ms+1ms, total 18ms
D/AndroidRuntime(11113): 
D/AndroidRuntime(11113): >>>>>> AndroidRuntime START com.android.internal.os.RuntimeInit <<<<<<
D/AndroidRuntime(11113): CheckJNI is OFF
D/dalvikvm(11113): Trying to load lib libjavacore.so 0x0
D/dalvikvm(11113): Added shared lib libjavacore.so 0x0
D/dalvikvm(11113): Trying to load lib libnativehelper.so 0x0
D/dalvikvm(11113): Added shared lib libnativehelper.so 0x0
D/dalvikvm( 7818): GC_CONCURRENT freed 387K, 5% free 8893K/9324K, paused 2ms+1ms, total 14ms
D/AndroidRuntime(11113): Calling main entry com.android.commands.am.Am
D/dalvikvm(11113): Note: class Landroid/app/ActivityManagerNative; has 163 unimplemented (abstract) methods
I/ActivityManager(  375): START u0 {act=android.intent.action.MAIN cat=[android.intent.category.LAUNCHER] flg=0x10000000 cmp=com.digiburo.mellow.heeler/.app.MainActivity} from pid 11113
D/AndroidRuntime(11113): Shutting down VM
D/jdwp    (11113): Got wake-up signal, bailing out of select
D/dalvikvm(11113): Debugger has detached; object registry had 1 entries
D/dalvikvm(11123): Late-enabling CheckJNI
I/ActivityManager(  375): Start proc com.digiburo.mellow.heeler for activity com.digiburo.mellow.heeler/.app.MainActivity: pid=11123 uid=10075 gids={50075, 3003, 1015, 1028}
D//SpiceManager.java:212(11123): 09:31:36.773 main SpiceManager started.
V//SpiceManager.java:1183(11123): 09:31:36.777 SpiceManagerThread 0 Binding to service.
D/dalvikvm(11123): GC_FOR_ALLOC freed 287K, 4% free 9088K/9412K, paused 21ms, total 22ms
V//SpiceManager.java:1189(11123): 09:31:36.812 SpiceManagerThread 0 Binding to service succeeded.
D//SpiceManager.java:1236(11123): 09:31:36.813 SpiceManagerThread 0 Waiting for service to be bound.
D/com.digiburo.mellow.heeler.app.ConsoleFragment(11123): start collection false
D/com.digiburo.mellow.heeler.app.ConsoleFragment(11123): start collection false
D//SpiceService.java:127(11123): 09:31:36.907 main SpiceService instance created.
D/com.digiburo.mellow.heeler.lib.service.AudioService(11123): xxx xxx onCreate xxx xxx
I/TextToSpeech(11123): Sucessfully bound to com.google.android.tts
I/GoogleTTSService(10139): Creating Google TTS service, version 3.1.3.1162895
D/com.digiburo.mellow.heeler.lib.service.AudioService(11123): xxx xxx onStart xxx xxx
I/com.digiburo.mellow.heeler.lib.service.AudioService(11123): sayThis waiting for initialize
D/dalvikvm(10139): Trying to load lib /data/app-lib/com.google.android.tts-2/libpatts_engine_jni_api_ub.210030103.so 0x4200af80
D/dalvikvm(10139): Shared lib '/data/app-lib/com.google.android.tts-2/libpatts_engine_jni_api_ub.210030103.so' already loaded in same CL 0x4200af80
I/patts   (10139): Loading project file (apk mode is true,assets from com.google.android.tts) ...
I/patts   (10139): [android_project_file.cc:35] Loading "voices/en-us-x-sfg-phone-hmm/phonology.cfg" ...
I/patts   (10139): [android_project_file.cc:35] Loading "voices/en-us-x-sfg-phone-hmm/compressed_lexicon_en_us.blex" ...
I/patts   (10139): [android_project_file.cc:35] Loading "voices/en-us-x-sfg-phone-hmm/phonology.pb" ...
I/patts   (10139): [android_project_file.cc:35] Loading "voices/en-us-x-sfg-phone-hmm/rewrite_android.far" ...
I/patts   (10139): [grm-manager.h:57] Loading FST archive from "voices/en-us-x-sfg-phone-hmm/rewrite_android.far" ...
I/patts   (10139): [android_project_file.cc:35] Loading "voices/en-us-x-sfg-phone-hmm/tokenize_and_classify_embedded_android.far" ...
I/patts   (10139): [grm-manager.h:57] Loading FST archive from "voices/en-us-x-sfg-phone-hmm/tokenize_and_classify_embedded_android.far" ...
I/patts   (10139): [android_project_file.cc:35] Loading "voices/en-us-x-sfg-phone-hmm/textnorm_params_embedded.pb" ...
I/patts   (10139): [android_project_file.cc:35] Loading "voices/en-us-x-sfg-phone-hmm/resolve_homographs_simple_us.pb" ...
I/patts   (10139): [android_project_file.cc:35] Loading "voices/en-us-x-sfg-phone-hmm/mapping_grammar_android.far" ...
I/patts   (10139): [grm-manager.h:57] Loading FST archive from "voices/en-us-x-sfg-phone-hmm/mapping_grammar_android.far" ...
I/patts   (10139): [android_project_file.cc:35] Loading "voices/en-us-x-sfg-phone-hmm/roman_numeral_contexts.pb" ...
I/patts   (10139): [android_project_file.cc:35] Loading "voices/en-us-x-sfg-phone-hmm/roman_numeral_android.far" ...
I/patts   (10139): [grm-manager.h:57] Loading FST archive from "voices/en-us-x-sfg-phone-hmm/roman_numeral_android.far" ...
I/patts   (10139): [android_project_file.cc:35] Loading "voices/en-us-x-sfg-phone-hmm/verbalize_android.far" ...
I/patts   (10139): [grm-manager.h:57] Loading FST archive from "voices/en-us-x-sfg-phone-hmm/verbalize_android.far" ...
I/patts   (10139): [android_project_file.cc:35] Loading "voices/en-us-x-sfg-phone-hmm/textnorm_params_embedded.pb" ...
I/patts   (10139): [android_project_file.cc:35] Loading "voices/en-us-x-sfg-phone-hmm/resolve_homographs_simple_us.pb" ...
I/patts   (10139): [android_project_file.cc:35] Loading "voices/en-us-x-sfg-phone-hmm/g2p_m3_syls0_stress0_en-US.fst" ...
I/patts   (10139): [compact_fst.cc:31] Loading FST from "voices/en-us-x-sfg-phone-hmm/g2p_m3_syls0_stress0_en-US.fst" ...
D/dalvikvm(11123): GC_FOR_ALLOC freed 240K, 3% free 9363K/9640K, paused 13ms, total 13ms
I/patts   (10139): [decoder_impl.cc:78] g2p FST: 55 graphemes, 41 phonemes (with special symbols)
I/patts   (10139): [android_project_file.cc:35] Loading "voices/en-us-x-sfg-phone-hmm/engine_hmm_22050_ap-embedded_lsp.cfg" ...
I/patts   (10139): [embedded_hmm_synthesizer.cc:21] Embedded HMM synthesizer initialized.
I/patts   (10139): [android_project_file.cc:35] Loading "voices/en-us-x-sfg-phone-hmm/phonology.cfg" ...
I/patts   (10139): [android_project_file.cc:35] Loading "voices/en-us-x-sfg-phone-hmm/compile_hmm_phoneme.cfg" ...
I/patts   (10139): [android_project_file.cc:35] Loading "voices/en-us-x-sfg-phone-hmm/engine_hmm_22050_ap-embedded_lsp.cfg" ...
I/patts   (10139): [android_project_file.cc:35] Loading "voices/en-us-x-sfg-phone-hmm/patts1_hmm_voice_en_us_sfg_all_22050_phoneme_lsp_swop_ap_msd_bin_8bit.voice" ...
W/TextToSpeech(11123): speak failed: not bound to TTS engine
V//SpiceService.java:442(11123): 09:31:39.995 main Pending requests : 0
V//SpiceService.java:444(11123): 09:31:40.000 main Stop foreground
I/Choreographer(11123): Skipped 182 frames!  The application may be doing too much work on its main thread.
D/libEGL  (11123): loaded /vendor/lib/egl/libEGL_POWERVR_SGX540_120.so
D/libEGL  (11123): loaded /vendor/lib/egl/libGLESv1_CM_POWERVR_SGX540_120.so
D/libEGL  (11123): loaded /vendor/lib/egl/libGLESv2_POWERVR_SGX540_120.so
D/OpenGLRenderer(11123): Enabling debug mode 0
I/TextToSpeech(11123): Connected to ComponentInfo{com.google.android.tts/com.google.android.tts.service.GoogleTTSService}
D/com.digiburo.mellow.heeler.lib.service.ScanReceiver(11123): xxx xxx onReceive xxx xxx:INTENT_ACTION_ALARM
D/com.digiburo.mellow.heeler.lib.service.ScanReceiver(11123): no location - ignoring intent
D//SpiceServiceListenerNotifier.java:33(11123): 09:31:40.202 main Message Queue starting
D//SpiceManager.java:1086(11123): 09:31:40.205 main Bound to service : JacksonSpringAndroidSpiceService
I/TextToSpeech(11123): Set up connection to ComponentInfo{com.google.android.tts/com.google.android.tts.service.GoogleTTSService}
D//SpiceManager.java:1243(11123): 09:31:40.212 SpiceManagerThread 0 Bound ok.
W/IInputConnectionWrapper(28594): showStatusIcon on inactive InputConnection
I/com.digiburo.mellow.heeler.lib.service.AudioService(11123): onInit:0
I/ActivityManager(  375): Displayed com.digiburo.mellow.heeler/.app.MainActivity: +3s724ms
D/dalvikvm( 9624): GC_CONCURRENT freed 420K, 6% free 9532K/10040K, paused 3ms+3ms, total 27ms
D/Finsky  ( 9624): [1] 5.onFinished: Installation state replication succeeded.
D/com.digiburo.mellow.heeler.lib.service.ScanReceiver(11123): xxx xxx onReceive xxx xxx:INTENT_ACTION_ALARM
D/com.digiburo.mellow.heeler.lib.service.ScanReceiver(11123): no location - ignoring intent
D/AndroidRuntime(11148): 
D/AndroidRuntime(11148): >>>>>> AndroidRuntime START com.android.internal.os.RuntimeInit <<<<<<
D/AndroidRuntime(11148): CheckJNI is OFF
D/dalvikvm(11148): Trying to load lib libjavacore.so 0x0
D/dalvikvm(11148): Added shared lib libjavacore.so 0x0
D/dalvikvm(11148): Trying to load lib libnativehelper.so 0x0
D/dalvikvm(11148): Added shared lib libnativehelper.so 0x0
D/AndroidRuntime(11148): Calling main entry com.android.commands.pm.Pm
W/ActivityManager(  375): No content provider found for permission revoke: file:///data/local/tmp/com.digiburo.mellow.heeler
W/ActivityManager(  375): No content provider found for permission revoke: file:///data/local/tmp/com.digiburo.mellow.heeler
I/PackageManager(  375): Copying native libraries to /data/app-lib/vmdl-593645443
D/dalvikvm(  375): GC_CONCURRENT freed 4035K, 36% free 25294K/39396K, paused 5ms+10ms, total 139ms
D/dalvikvm(  375): WAIT_FOR_CONCURRENT_GC blocked 128ms
I/patts   (10139): [jni_text_analysis_api.cc:337] jni: deleting text normalizer ...
I/ActivityManager(  375): Force stopping package com.digiburo.mellow.heeler appid=10075 user=-1
I/ActivityManager(  375): Killing proc 11123:com.digiburo.mellow.heeler/u0a10075: force stop com.digiburo.mellow.heeler
W/ActivityManager(  375): Scheduling restart of crashed service com.digiburo.mellow.heeler/com.octo.android.robospice.JacksonSpringAndroidSpiceService in 5000ms
W/ActivityManager(  375): Scheduling restart of crashed service com.digiburo.mellow.heeler/.lib.service.AudioService in 15000ms
W/ActivityManager(  375): Force removing ActivityRecord{424ad040 u0 com.digiburo.mellow.heeler/.app.MainActivity}: app died, no saved state
I/ActivityManager(  375):   Force stopping service ServiceRecord{42ca8390 u0 com.digiburo.mellow.heeler/.lib.service.AudioService}
I/ActivityManager(  375):   Force stopping service ServiceRecord{42cbcc68 u0 com.digiburo.mellow.heeler/com.octo.android.robospice.JacksonSpringAndroidSpiceService}
I/WindowState(  375): WIN DEATH: Window{4260e8a0 u0 com.digiburo.mellow.heeler/com.digiburo.mellow.heeler.app.MainActivity}
I/patts   (10139): [jni_synthesizer_api.cc:92] jni: deleting synthesizer ...
I/patts   (10139): [jni_project_file_api.cc:110] jni: deleting project file ...
I/patts   (10139): [jni_project_file_api.cc:123] jni: deleting project resource holder ...
I/PackageManager(  375): Package com.digiburo.mellow.heeler codePath changed from /data/app/com.digiburo.mellow.heeler-2.apk to /data/app/com.digiburo.mellow.heeler-1.apk; Retaining data and using new
I/PackageManager(  375): Running dexopt on: com.digiburo.mellow.heeler
D/dalvikvm(  375): GC_CONCURRENT freed 4163K, 37% free 25134K/39396K, paused 7ms+35ms, total 248ms
W/InputMethodManagerService(  375): Got RemoteException sending setActive(false) notification to pid 11123 uid 10075
D/dalvikvm(11158): DexOpt: load 240ms, verify+opt 1697ms, 4144436 bytes
W/PackageManager(  375): Code path for pkg : com.digiburo.mellow.heeler changing from /data/app/com.digiburo.mellow.heeler-2.apk to /data/app/com.digiburo.mellow.heeler-1.apk
I/ActivityManager(  375): Force stopping package com.digiburo.mellow.heeler appid=10075 user=-1
W/PackageManager(  375): Resource path for pkg : com.digiburo.mellow.heeler changing from /data/app/com.digiburo.mellow.heeler-2.apk to /data/app/com.digiburo.mellow.heeler-1.apk
W/PackageManager(  375): Not granting permission android.permission.SEND_DOWNLOAD_COMPLETED_INTENTS to package com.google.android.browser (protectionLevel=2 flags=0x89be45)
W/PackageManager(  375): Unknown permission android.permission.ADD_SYSTEM_SERVICE in package com.android.phone
W/PackageManager(  375): Unknown permission com.android.smspush.WAPPUSH_MANAGER_BIND in package com.android.phone
W/PackageManager(  375): Unknown permission com.android.nfc.permission.NFCEE_ADMIN in package com.google.android.apps.walletnfcrel
W/PackageManager(  375): Unknown permission com.android.vending.billing.IBillingAccountService.BIND2 in package com.google.android.gsf.login
W/PackageManager(  375): Unknown permission com.android.chrome.TOS_ACKED in package com.google.android.gsf.login
W/PackageManager(  375): Unknown permission com.android.gallery3d.permission.GALLERY_PROVIDER in package com.android.bluetooth
W/PackageManager(  375): Not granting permission android.permission.BROADCAST_PACKAGE_REMOVED to package com.google.android.marvin.talkback (protectionLevel=2 flags=0xc9bec5)
W/PackageManager(  375): Not granting permission android.permission.DEVICE_POWER to package com.google.android.deskclock (protectionLevel=2 flags=0xc8be45)
W/PackageManager(  375): Unknown permission android.permission.RECOVERY in package com.google.android.gms
W/PackageManager(  375): Not granting permission android.permission.READ_DREAM_STATE to package com.google.android.gms (protectionLevel=2 flags=0xc83ec5)
W/PackageManager(  375): Not granting permission android.permission.GET_APP_OPS_STATS to package com.google.android.gms (protectionLevel=50 flags=0xc83ec5)
W/PackageManager(  375): Not granting permission android.permission.UPDATE_APP_OPS_STATS to package com.google.android.gms (protectionLevel=18 flags=0xc83ec5)
W/PackageManager(  375): Unknown permission android.permission.CAPTURE_AUDIO_HOTWORD in package com.google.android.gms
W/PackageManager(  375): Unknown permission android.permission.ACCESS_NETWORK_CONDITIONS in package com.google.android.gms
W/PackageManager(  375): Unknown permission android.permission.MANAGE_DEVICE_ADMINS in package com.google.android.gms
W/PackageManager(  375): Not granting permission android.permission.MODIFY_PHONE_STATE to package com.google.android.gms (protectionLevel=18 flags=0xc83ec5)
W/PackageManager(  375): Not granting permission android.permission.MANAGE_USB to package com.google.android.gms (protectionLevel=18 flags=0xc83ec5)
W/PackageManager(  375): Not granting permission android.permission.CALL_PRIVILEGED to package com.google.android.gms (protectionLevel=18 flags=0xc83ec5)
W/PackageManager(  375): Unknown permission android.permission.BLUETOOTH_PRIVILEGED in package com.google.android.gms
W/PackageManager(  375): Unknown permission android.permission.CAPTURE_AUDIO_OUTPUT in package com.google.android.gms
W/PackageManager(  375): Unknown permission android.permission.CAPTURE_VIDEO_OUTPUT in package com.google.android.gms
W/PackageManager(  375): Unknown permission android.permission.CAPTURE_SECURE_VIDEO_OUTPUT in package com.google.android.gms
W/PackageManager(  375): Not granting permission android.permission.READ_FRAME_BUFFER to package com.google.android.gms (protectionLevel=18 flags=0xc83ec5)
W/PackageManager(  375): Unknown permission com.google.android.wearable.READ_SETTINGS in package com.google.android.gms
W/PackageManager(  375): Unknown permission android.permission.READ_OWNER_DATA in package com.google.android.setupwizard
W/PackageManager(  375): Unknown permission android.permission.WRITE_OWNER_DATA in package com.google.android.setupwizard
W/PackageManager(  375): Unknown permission android.permission.MEDIA_CONTENT_CONTROL in package com.google.android.googlequicksearchbox
W/PackageManager(  375): Unknown permission com.google.android.apps.googlevoice.permission.AUTO_SEND in package com.google.android.googlequicksearchbox
W/PackageManager(  375): Unknown permission com.android.chrome.PRERENDER_URL in package com.google.android.googlequicksearchbox
W/PackageManager(  375): Unknown permission android.permission.CAPTURE_AUDIO_HOTWORD in package com.google.android.googlequicksearchbox
W/PackageManager(  375): Not granting permission android.permission.STOP_APP_SWITCHES to package com.google.android.googlequicksearchbox (protectionLevel=18 flags=0xdbbec5)
W/PackageManager(  375): Not granting permission android.permission.STATUS_BAR to package com.google.android.googlequicksearchbox (protectionLevel=18 flags=0xdbbec5)
W/PackageManager(  375): Unknown permission com.google.android.launcher.permission.CONTENT_REDIRECT in package com.google.android.googlequicksearchbox
W/PackageManager(  375): Not granting permission android.permission.BIND_APPWIDGET to package com.google.android.googlequicksearchbox (protectionLevel=18 flags=0xdbbec5)
W/PackageManager(  375): Not granting permission android.permission.SEND_DOWNLOAD_COMPLETED_INTENTS to package com.android.vending (protectionLevel=2 flags=0x8abec5)
W/PackageManager(  375): Not granting permission android.permission.WRITE_SECURE_SETTINGS to package com.android.vending (protectionLevel=50 flags=0x8abec5)
W/PackageManager(  375): Not granting permission android.permission.FORCE_STOP_PACKAGES to package com.android.vending (protectionLevel=2 flags=0x8abec5)
W/PackageManager(  375): Unknown permission android.permission.MANAGE_DOCUMENTS in package com.google.android.youtube
W/PackageManager(  375): Not granting permission android.permission.READ_DREAM_STATE to package com.google.android.gsf (protectionLevel=2 flags=0x883e45)
W/PackageManager(  375): Unknown permission com.digiburo.mellow.heeler.permission.MAPS_RECEIVE in package com.digiburo.mellow.heeler
I/ActivityManager(  375): Force stopping package com.digiburo.mellow.heeler appid=10075 user=0
D/dalvikvm(28594): GC_EXPLICIT freed 267K, 8% free 16534K/17852K, paused 3ms+8ms, total 57ms
D/dalvikvm( 9581): GC_EXPLICIT freed 313K, 5% free 9182K/9604K, paused 1ms+4ms, total 34ms
I/InputReader(  375): Reconfiguring input devices.  changes=0x00000010
D/dalvikvm(  637): GC_EXPLICIT freed 251K, 21% free 18331K/23056K, paused 2ms+3ms, total 97ms
W/ContextImpl( 9598): Calling a method in the system process without a qualified user: android.app.ContextImpl.startService:1385 android.content.ContextWrapper.startService:473 android.content.ContextWrapper.startService:473 com.android.keychain.KeyChainBroadcastReceiver.onReceive:12 android.app.ActivityThread.handleReceiver:2424 
D/dalvikvm(  629): GC_CONCURRENT freed 455K, 6% free 9136K/9636K, paused 11ms+2ms, total 42ms
D/BackupManagerService(  375): Received broadcast Intent { act=android.intent.action.PACKAGE_REMOVED dat=package:com.digiburo.mellow.heeler flg=0x8000010 (has extras) }
D/dalvikvm( 1101): GC_EXPLICIT freed 186K, 9% free 10076K/10984K, paused 3ms+4ms, total 216ms
I/InputReader(  375): Reconfiguring input devices.  changes=0x00000010
D/BackupManagerService(  375): Received broadcast Intent { act=android.intent.action.PACKAGE_ADDED dat=package:com.digiburo.mellow.heeler flg=0x8000010 (has extras) }
V/BackupManagerService(  375): removePackageParticipantsLocked: uid=10075 #1
V/BackupManagerService(  375): addPackageParticipantsLocked: #1
I/Launcher(  637): Deferring update until onResume
D/PackageBroadcastService(  791): Received broadcast action=android.intent.action.PACKAGE_REMOVED and uri=com.digiburo.mellow.heeler
I/Launcher(  637): Deferring update until onResume
I/InternalIcingCorporaPro( 1101): Updating corpora: APPS=com.digiburo.mellow.heeler, CONTACTS=MAYBE
D/PackageBroadcastService(  791): Received broadcast action=android.intent.action.PACKAGE_ADDED and uri=com.digiburo.mellow.heeler
D/PackageAddedReceiver(  675): package added com.digiburo.mellow.heeler
I/PeopleContactsSync(  791): CP2 sync disabled
I/InternalIcingCorporaPro( 1101): UpdateCorporaTask done [took 69 ms] updated apps [took 69 ms] 
D/dalvikvm(  791): GC_CONCURRENT freed 505K, 5% free 10487K/11032K, paused 9ms+3ms, total 68ms
D/PackageBroadcastService(  791): Received broadcast action=android.intent.action.PACKAGE_REPLACED and uri=com.digiburo.mellow.heeler
I/PeopleContactsSync(  791): CP2 sync disabled
D/dalvikvm(  375): GC_EXPLICIT freed 1966K, 38% free 24541K/39396K, paused 4ms+16ms, total 292ms
D/AndroidRuntime(11148): Shutting down VM
D/jdwp    (11148): Got wake-up signal, bailing out of select
D/dalvikvm(11148): Debugger has detached; object registry had 1 entries
D/dalvikvm( 7818): GC_CONCURRENT freed 385K, 5% free 8895K/9320K, paused 2ms+1ms, total 14ms
D/AndroidRuntime(11182): 
D/AndroidRuntime(11182): >>>>>> AndroidRuntime START com.android.internal.os.RuntimeInit <<<<<<
D/AndroidRuntime(11182): CheckJNI is OFF
D/dalvikvm(11182): Trying to load lib libjavacore.so 0x0
D/dalvikvm(11182): Added shared lib libjavacore.so 0x0
D/dalvikvm(11182): Trying to load lib libnativehelper.so 0x0
D/dalvikvm(11182): Added shared lib libnativehelper.so 0x0
D/AndroidRuntime(11182): Calling main entry com.android.commands.am.Am
D/dalvikvm(11182): Note: class Landroid/app/ActivityManagerNative; has 163 unimplemented (abstract) methods
I/ActivityManager(  375): START u0 {act=android.intent.action.MAIN cat=[android.intent.category.LAUNCHER] flg=0x10000000 cmp=com.digiburo.mellow.heeler/.app.MainActivity} from pid 11182
D/AndroidRuntime(11182): Shutting down VM
D/jdwp    (11182): Got wake-up signal, bailing out of select
D/dalvikvm(11182): Debugger has detached; object registry had 1 entries
D/dalvikvm(11192): Late-enabling CheckJNI
I/ActivityManager(  375): Start proc com.digiburo.mellow.heeler for activity com.digiburo.mellow.heeler/.app.MainActivity: pid=11192 uid=10075 gids={50075, 3003, 1015, 1028}
D//SpiceManager.java:212(11192): 09:32:46.620 main SpiceManager started.
D/dalvikvm(11192): GC_FOR_ALLOC freed 286K, 4% free 9089K/9412K, paused 17ms, total 17ms
V//SpiceManager.java:1183(11192): 09:32:46.653 SpiceManagerThread 0 Binding to service.
V//SpiceManager.java:1189(11192): 09:32:46.655 SpiceManagerThread 0 Binding to service succeeded.
D//SpiceManager.java:1236(11192): 09:32:46.656 SpiceManagerThread 0 Waiting for service to be bound.
D/com.digiburo.mellow.heeler.app.ConsoleFragment(11192): start collection false
D/com.digiburo.mellow.heeler.app.ConsoleFragment(11192): start collection false
D//SpiceService.java:127(11192): 09:32:46.739 main SpiceService instance created.
D/com.digiburo.mellow.heeler.lib.service.AudioService(11192): xxx xxx onCreate xxx xxx
I/GoogleTTSService(10139): Creating Google TTS service, version 3.1.3.1162895
D/dalvikvm(10139): Trying to load lib /data/app-lib/com.google.android.tts-2/libpatts_engine_jni_api_ub.210030103.so 0x4200af80
D/dalvikvm(10139): Shared lib '/data/app-lib/com.google.android.tts-2/libpatts_engine_jni_api_ub.210030103.so' already loaded in same CL 0x4200af80
I/patts   (10139): Loading project file (apk mode is true,assets from com.google.android.tts) ...
I/patts   (10139): [android_project_file.cc:35] Loading "voices/en-us-x-sfg-phone-hmm/phonology.cfg" ...
D/dalvikvm(11192): GC_FOR_ALLOC freed 241K, 3% free 9362K/9640K, paused 23ms, total 23ms
I/TextToSpeech(11192): Sucessfully bound to com.google.android.tts
D/com.digiburo.mellow.heeler.lib.service.AudioService(11192): xxx xxx onStart xxx xxx
I/com.digiburo.mellow.heeler.lib.service.AudioService(11192): sayThis waiting for initialize
I/patts   (10139): [android_project_file.cc:35] Loading "voices/en-us-x-sfg-phone-hmm/compressed_lexicon_en_us.blex" ...
I/patts   (10139): [android_project_file.cc:35] Loading "voices/en-us-x-sfg-phone-hmm/phonology.pb" ...
I/patts   (10139): [android_project_file.cc:35] Loading "voices/en-us-x-sfg-phone-hmm/rewrite_android.far" ...
I/patts   (10139): [grm-manager.h:57] Loading FST archive from "voices/en-us-x-sfg-phone-hmm/rewrite_android.far" ...
I/patts   (10139): [android_project_file.cc:35] Loading "voices/en-us-x-sfg-phone-hmm/tokenize_and_classify_embedded_android.far" ...
I/patts   (10139): [grm-manager.h:57] Loading FST archive from "voices/en-us-x-sfg-phone-hmm/tokenize_and_classify_embedded_android.far" ...
I/patts   (10139): [android_project_file.cc:35] Loading "voices/en-us-x-sfg-phone-hmm/textnorm_params_embedded.pb" ...
I/patts   (10139): [android_project_file.cc:35] Loading "voices/en-us-x-sfg-phone-hmm/resolve_homographs_simple_us.pb" ...
I/patts   (10139): [android_project_file.cc:35] Loading "voices/en-us-x-sfg-phone-hmm/mapping_grammar_android.far" ...
I/patts   (10139): [grm-manager.h:57] Loading FST archive from "voices/en-us-x-sfg-phone-hmm/mapping_grammar_android.far" ...
I/patts   (10139): [android_project_file.cc:35] Loading "voices/en-us-x-sfg-phone-hmm/roman_numeral_contexts.pb" ...
I/patts   (10139): [android_project_file.cc:35] Loading "voices/en-us-x-sfg-phone-hmm/roman_numeral_android.far" ...
I/patts   (10139): [grm-manager.h:57] Loading FST archive from "voices/en-us-x-sfg-phone-hmm/roman_numeral_android.far" ...
I/patts   (10139): [android_project_file.cc:35] Loading "voices/en-us-x-sfg-phone-hmm/verbalize_android.far" ...
I/patts   (10139): [grm-manager.h:57] Loading FST archive from "voices/en-us-x-sfg-phone-hmm/verbalize_android.far" ...
I/patts   (10139): [android_project_file.cc:35] Loading "voices/en-us-x-sfg-phone-hmm/textnorm_params_embedded.pb" ...
I/patts   (10139): [android_project_file.cc:35] Loading "voices/en-us-x-sfg-phone-hmm/resolve_homographs_simple_us.pb" ...
I/patts   (10139): [android_project_file.cc:35] Loading "voices/en-us-x-sfg-phone-hmm/g2p_m3_syls0_stress0_en-US.fst" ...
I/patts   (10139): [compact_fst.cc:31] Loading FST from "voices/en-us-x-sfg-phone-hmm/g2p_m3_syls0_stress0_en-US.fst" ...
I/patts   (10139): [decoder_impl.cc:78] g2p FST: 55 graphemes, 41 phonemes (with special symbols)
I/patts   (10139): [android_project_file.cc:35] Loading "voices/en-us-x-sfg-phone-hmm/engine_hmm_22050_ap-embedded_lsp.cfg" ...
I/patts   (10139): [embedded_hmm_synthesizer.cc:21] Embedded HMM synthesizer initialized.
I/patts   (10139): [android_project_file.cc:35] Loading "voices/en-us-x-sfg-phone-hmm/phonology.cfg" ...
I/patts   (10139): [android_project_file.cc:35] Loading "voices/en-us-x-sfg-phone-hmm/compile_hmm_phoneme.cfg" ...
I/patts   (10139): [android_project_file.cc:35] Loading "voices/en-us-x-sfg-phone-hmm/engine_hmm_22050_ap-embedded_lsp.cfg" ...
I/patts   (10139): [android_project_file.cc:35] Loading "voices/en-us-x-sfg-phone-hmm/patts1_hmm_voice_en_us_sfg_all_22050_phoneme_lsp_swop_ap_msd_bin_8bit.voice" ...
W/TextToSpeech(11192): speak failed: not bound to TTS engine
V//SpiceService.java:442(11192): 09:32:54.839 main Pending requests : 0
V//SpiceService.java:444(11192): 09:32:54.842 main Stop foreground
I/Choreographer(11192): Skipped 478 frames!  The application may be doing too much work on its main thread.
I/LatinIME:LogUtils(  584): Dictionary info: dictionary = contacts.en_US ; version = 1402834055 ; date = 1402834055
D/libEGL  (11192): loaded /vendor/lib/egl/libEGL_POWERVR_SGX540_120.so
D/libEGL  (11192): loaded /vendor/lib/egl/libGLESv1_CM_POWERVR_SGX540_120.so
D/libEGL  (11192): loaded /vendor/lib/egl/libGLESv2_POWERVR_SGX540_120.so
D/OpenGLRenderer(11192): Enabling debug mode 0
I/TextToSpeech(11192): Connected to ComponentInfo{com.google.android.tts/com.google.android.tts.service.GoogleTTSService}
D//SpiceServiceListenerNotifier.java:33(11192): 09:32:55.050 main Message Queue starting
I/TextToSpeech(11192): Set up connection to ComponentInfo{com.google.android.tts/com.google.android.tts.service.GoogleTTSService}
D//SpiceManager.java:1086(11192): 09:32:55.051 main Bound to service : JacksonSpringAndroidSpiceService
D//SpiceManager.java:1243(11192): 09:32:55.055 SpiceManagerThread 0 Bound ok.
W/IInputConnectionWrapper(28594): showStatusIcon on inactive InputConnection
I/com.digiburo.mellow.heeler.lib.service.AudioService(11192): onInit:0
I/ActivityManager(  375): Displayed com.digiburo.mellow.heeler/.app.MainActivity: +8s783ms
D/dalvikvm( 9624): GC_CONCURRENT freed 459K, 5% free 9540K/10040K, paused 3ms+3ms, total 34ms
D/Finsky  ( 9624): [1] 5.onFinished: Installation state replication succeeded.
D/com.digiburo.mellow.heeler.lib.service.ScanReceiver(11192): xxx xxx onReceive xxx xxx:INTENT_ACTION_ALARM
D/com.digiburo.mellow.heeler.lib.service.ScanReceiver(11192): no location - ignoring intent
D/com.digiburo.mellow.heeler.lib.service.ScanReceiver(11192): xxx xxx onReceive xxx xxx:INTENT_ACTION_ALARM
