D/com.digiburo.mellow.heeler.lib.service.ScanReceiver(11192): no location - ignoring intent
D/com.digiburo.mellow.heeler.lib.service.ScanReceiver(11192): xxx xxx onReceive xxx xxx:INTENT_ACTION_ALARM
D/com.digiburo.mellow.heeler.lib.service.ScanReceiver(11192): no location - ignoring intent
D/AndroidRuntime(11218): 
D/AndroidRuntime(11218): >>>>>> AndroidRuntime START com.android.internal.os.RuntimeInit <<<<<<
D/AndroidRuntime(11218): CheckJNI is OFF
D/dalvikvm(11218): Trying to load lib libjavacore.so 0x0
D/dalvikvm(11218): Added shared lib libjavacore.so 0x0
D/dalvikvm(11218): Trying to load lib libnativehelper.so 0x0
D/dalvikvm(11218): Added shared lib libnativehelper.so 0x0
D/AndroidRuntime(11218): Calling main entry com.android.commands.pm.Pm
W/ActivityManager(  375): No content provider found for permission revoke: file:///data/local/tmp/com.digiburo.mellow.heeler
W/ActivityManager(  375): No content provider found for permission revoke: file:///data/local/tmp/com.digiburo.mellow.heeler
I/PackageManager(  375): Copying native libraries to /data/app-lib/vmdl170770734
D/dalvikvm(  375): GC_CONCURRENT freed 3200K, 36% free 25266K/39396K, paused 5ms+8ms, total 102ms
D/dalvikvm(  375): WAIT_FOR_CONCURRENT_GC blocked 83ms
I/patts   (10139): [jni_text_analysis_api.cc:337] jni: deleting text normalizer ...
I/ActivityManager(  375): Force stopping package com.digiburo.mellow.heeler appid=10075 user=-1
I/ActivityManager(  375): Killing proc 11192:com.digiburo.mellow.heeler/u0a10075: force stop com.digiburo.mellow.heeler
W/ActivityManager(  375): Scheduling restart of crashed service com.digiburo.mellow.heeler/.lib.service.AudioService in 5000ms
W/ActivityManager(  375): Scheduling restart of crashed service com.digiburo.mellow.heeler/com.octo.android.robospice.JacksonSpringAndroidSpiceService in 15000ms
W/ActivityManager(  375): Force removing ActivityRecord{427bc3a0 u0 com.digiburo.mellow.heeler/.app.MainActivity}: app died, no saved state
I/ActivityManager(  375):   Force stopping service ServiceRecord{4276d2d8 u0 com.digiburo.mellow.heeler/.lib.service.AudioService}
I/ActivityManager(  375):   Force stopping service ServiceRecord{42777358 u0 com.digiburo.mellow.heeler/com.octo.android.robospice.JacksonSpringAndroidSpiceService}
I/WindowState(  375): WIN DEATH: Window{429ae330 u0 com.digiburo.mellow.heeler/com.digiburo.mellow.heeler.app.MainActivity}
I/patts   (10139): [jni_synthesizer_api.cc:92] jni: deleting synthesizer ...
I/patts   (10139): [jni_project_file_api.cc:110] jni: deleting project file ...
I/patts   (10139): [jni_project_file_api.cc:123] jni: deleting project resource holder ...
D/dalvikvm(  375): GC_CONCURRENT freed 4217K, 37% free 25170K/39396K, paused 5ms+12ms, total 102ms
I/PackageManager(  375): Package com.digiburo.mellow.heeler codePath changed from /data/app/com.digiburo.mellow.heeler-1.apk to /data/app/com.digiburo.mellow.heeler-2.apk; Retaining data and using new
I/PackageManager(  375): Running dexopt on: com.digiburo.mellow.heeler
W/InputMethodManagerService(  375): Got RemoteException sending setActive(false) notification to pid 11192 uid 10075
D/dalvikvm(11229): DexOpt: load 237ms, verify+opt 2521ms, 4144436 bytes
I/ActivityManager(  375): Force stopping package com.digiburo.mellow.heeler appid=10075 user=-1
W/PackageManager(  375): Code path for pkg : com.digiburo.mellow.heeler changing from /data/app/com.digiburo.mellow.heeler-1.apk to /data/app/com.digiburo.mellow.heeler-2.apk
W/PackageManager(  375): Resource path for pkg : com.digiburo.mellow.heeler changing from /data/app/com.digiburo.mellow.heeler-1.apk to /data/app/com.digiburo.mellow.heeler-2.apk
W/PackageManager(  375): Not granting permission android.permission.SEND_DOWNLOAD_COMPLETED_INTENTS to package com.google.android.browser (protectionLevel=2 flags=0x89be45)
W/PackageManager(  375): Unknown permission android.permission.ADD_SYSTEM_SERVICE in package com.android.phone
W/PackageManager(  375): Unknown permission com.android.smspush.WAPPUSH_MANAGER_BIND in package com.android.phone
W/PackageManager(  375): Unknown permission com.android.nfc.permission.NFCEE_ADMIN in package com.google.android.apps.walletnfcrel
W/PackageManager(  375): Unknown permission com.android.vending.billing.IBillingAccountService.BIND2 in package com.google.android.gsf.login
W/PackageManager(  375): Unknown permission com.android.chrome.TOS_ACKED in package com.google.android.gsf.login
W/PackageManager(  375): Unknown permission com.android.gallery3d.permission.GALLERY_PROVIDER in package com.android.bluetooth
W/PackageManager(  375): Not granting permission android.permission.BROADCAST_PACKAGE_REMOVED to package com.google.android.marvin.talkback (protectionLevel=2 flags=0xc9bec5)
W/PackageManager(  375): Not granting permission android.permission.DEVICE_POWER to package com.google.android.deskclock (protectionLevel=2 flags=0xc8be45)
W/PackageManager(  375): Unknown permission android.permission.RECOVERY in package com.google.android.gms
W/PackageManager(  375): Not granting permission android.permission.READ_DREAM_STATE to package com.google.android.gms (protectionLevel=2 flags=0xc83ec5)
W/PackageManager(  375): Not granting permission android.permission.GET_APP_OPS_STATS to package com.google.android.gms (protectionLevel=50 flags=0xc83ec5)
W/PackageManager(  375): Not granting permission android.permission.UPDATE_APP_OPS_STATS to package com.google.android.gms (protectionLevel=18 flags=0xc83ec5)
W/PackageManager(  375): Unknown permission android.permission.CAPTURE_AUDIO_HOTWORD in package com.google.android.gms
W/PackageManager(  375): Unknown permission android.permission.ACCESS_NETWORK_CONDITIONS in package com.google.android.gms
W/PackageManager(  375): Unknown permission android.permission.MANAGE_DEVICE_ADMINS in package com.google.android.gms
W/PackageManager(  375): Not granting permission android.permission.MODIFY_PHONE_STATE to package com.google.android.gms (protectionLevel=18 flags=0xc83ec5)
W/PackageManager(  375): Not granting permission android.permission.MANAGE_USB to package com.google.android.gms (protectionLevel=18 flags=0xc83ec5)
W/PackageManager(  375): Not granting permission android.permission.CALL_PRIVILEGED to package com.google.android.gms (protectionLevel=18 flags=0xc83ec5)
W/PackageManager(  375): Unknown permission android.permission.BLUETOOTH_PRIVILEGED in package com.google.android.gms
W/PackageManager(  375): Unknown permission android.permission.CAPTURE_AUDIO_OUTPUT in package com.google.android.gms
W/PackageManager(  375): Unknown permission android.permission.CAPTURE_VIDEO_OUTPUT in package com.google.android.gms
W/PackageManager(  375): Unknown permission android.permission.CAPTURE_SECURE_VIDEO_OUTPUT in package com.google.android.gms
W/PackageManager(  375): Not granting permission android.permission.READ_FRAME_BUFFER to package com.google.android.gms (protectionLevel=18 flags=0xc83ec5)
W/PackageManager(  375): Unknown permission com.google.android.wearable.READ_SETTINGS in package com.google.android.gms
W/PackageManager(  375): Unknown permission android.permission.READ_OWNER_DATA in package com.google.android.setupwizard
W/PackageManager(  375): Unknown permission android.permission.WRITE_OWNER_DATA in package com.google.android.setupwizard
W/PackageManager(  375): Unknown permission android.permission.MEDIA_CONTENT_CONTROL in package com.google.android.googlequicksearchbox
W/PackageManager(  375): Unknown permission com.google.android.apps.googlevoice.permission.AUTO_SEND in package com.google.android.googlequicksearchbox
W/PackageManager(  375): Unknown permission com.android.chrome.PRERENDER_URL in package com.google.android.googlequicksearchbox
W/PackageManager(  375): Unknown permission android.permission.CAPTURE_AUDIO_HOTWORD in package com.google.android.googlequicksearchbox
W/PackageManager(  375): Not granting permission android.permission.STOP_APP_SWITCHES to package com.google.android.googlequicksearchbox (protectionLevel=18 flags=0xdbbec5)
W/PackageManager(  375): Not granting permission android.permission.STATUS_BAR to package com.google.android.googlequicksearchbox (protectionLevel=18 flags=0xdbbec5)
W/PackageManager(  375): Unknown permission com.google.android.launcher.permission.CONTENT_REDIRECT in package com.google.android.googlequicksearchbox
W/PackageManager(  375): Not granting permission android.permission.BIND_APPWIDGET to package com.google.android.googlequicksearchbox (protectionLevel=18 flags=0xdbbec5)
W/PackageManager(  375): Not granting permission android.permission.SEND_DOWNLOAD_COMPLETED_INTENTS to package com.android.vending (protectionLevel=2 flags=0x8abec5)
W/PackageManager(  375): Not granting permission android.permission.WRITE_SECURE_SETTINGS to package com.android.vending (protectionLevel=50 flags=0x8abec5)
W/PackageManager(  375): Not granting permission android.permission.FORCE_STOP_PACKAGES to package com.android.vending (protectionLevel=2 flags=0x8abec5)
W/PackageManager(  375): Unknown permission android.permission.MANAGE_DOCUMENTS in package com.google.android.youtube
W/PackageManager(  375): Not granting permission android.permission.READ_DREAM_STATE to package com.google.android.gsf (protectionLevel=2 flags=0x883e45)
W/PackageManager(  375): Unknown permission com.digiburo.mellow.heeler.permission.MAPS_RECEIVE in package com.digiburo.mellow.heeler
I/ActivityManager(  375): Force stopping package com.digiburo.mellow.heeler appid=10075 user=0
D/dalvikvm(28594): GC_EXPLICIT freed 266K, 8% free 16534K/17852K, paused 3ms+5ms, total 55ms
D/dalvikvm( 9581): GC_EXPLICIT freed 312K, 5% free 9182K/9604K, paused 1ms+3ms, total 32ms
D/dalvikvm( 1101): GC_EXPLICIT freed 186K, 9% free 10076K/10984K, paused 3ms+3ms, total 94ms
I/InputReader(  375): Reconfiguring input devices.  changes=0x00000010
D/dalvikvm(  637): GC_EXPLICIT freed 253K, 21% free 18332K/23056K, paused 3ms+5ms, total 99ms
W/ContextImpl( 9598): Calling a method in the system process without a qualified user: android.app.ContextImpl.startService:1385 android.content.ContextWrapper.startService:473 android.content.ContextWrapper.startService:473 com.android.keychain.KeyChainBroadcastReceiver.onReceive:12 android.app.ActivityThread.handleReceiver:2424 
D/dalvikvm( 9598): GC_CONCURRENT freed 295K, 4% free 8955K/9288K, paused 2ms+1ms, total 22ms
D/BackupManagerService(  375): Received broadcast Intent { act=android.intent.action.PACKAGE_REMOVED dat=package:com.digiburo.mellow.heeler flg=0x8000010 (has extras) }
I/InputReader(  375): Reconfiguring input devices.  changes=0x00000010
D/BackupManagerService(  375): Received broadcast Intent { act=android.intent.action.PACKAGE_ADDED dat=package:com.digiburo.mellow.heeler flg=0x8000010 (has extras) }
V/BackupManagerService(  375): removePackageParticipantsLocked: uid=10075 #1
V/BackupManagerService(  375): addPackageParticipantsLocked: #1
D/PackageBroadcastService(  791): Received broadcast action=android.intent.action.PACKAGE_REMOVED and uri=com.digiburo.mellow.heeler
I/Launcher(  637): Deferring update until onResume
D/dalvikvm(  629): GC_CONCURRENT freed 456K, 6% free 9135K/9632K, paused 2ms+1ms, total 23ms
I/Launcher(  637): Deferring update until onResume
I/InternalIcingCorporaPro( 1101): Updating corpora: APPS=com.digiburo.mellow.heeler, CONTACTS=MAYBE
D/dalvikvm(30683): GC_CONCURRENT freed 170K, 57% free 14067K/32104K, paused 2ms+6ms, total 52ms
D/PackageAddedReceiver(  675): package added com.digiburo.mellow.heeler
D/PackageBroadcastService(  791): Received broadcast action=android.intent.action.PACKAGE_ADDED and uri=com.digiburo.mellow.heeler
I/InternalIcingCorporaPro( 1101): UpdateCorporaTask done [took 38 ms] updated apps [took 38 ms] 
I/PeopleContactsSync(  791): CP2 sync disabled
D/PackageBroadcastService(  791): Received broadcast action=android.intent.action.PACKAGE_REPLACED and uri=com.digiburo.mellow.heeler
I/PeopleContactsSync(  791): CP2 sync disabled
D/dalvikvm(  375): GC_EXPLICIT freed 2029K, 38% free 24590K/39396K, paused 9ms+17ms, total 337ms
D/AndroidRuntime(11218): Shutting down VM
D/jdwp    (11218): Got wake-up signal, bailing out of select
D/dalvikvm(11218): Debugger has detached; object registry had 1 entries
D/dalvikvm( 7818): GC_CONCURRENT freed 387K, 5% free 8895K/9320K, paused 1ms+2ms, total 17ms
D/AndroidRuntime(11255): 
D/AndroidRuntime(11255): >>>>>> AndroidRuntime START com.android.internal.os.RuntimeInit <<<<<<
D/AndroidRuntime(11255): CheckJNI is OFF
D/dalvikvm(11255): Trying to load lib libjavacore.so 0x0
D/dalvikvm(11255): Added shared lib libjavacore.so 0x0
D/dalvikvm(11255): Trying to load lib libnativehelper.so 0x0
D/dalvikvm(11255): Added shared lib libnativehelper.so 0x0
D/dalvikvm( 7818): GC_CONCURRENT freed 387K, 5% free 8892K/9320K, paused 2ms+1ms, total 15ms
D/AndroidRuntime(11255): Calling main entry com.android.commands.am.Am
D/dalvikvm(11255): Note: class Landroid/app/ActivityManagerNative; has 163 unimplemented (abstract) methods
I/ActivityManager(  375): START u0 {act=android.intent.action.MAIN cat=[android.intent.category.LAUNCHER] flg=0x10000000 cmp=com.digiburo.mellow.heeler/.app.MainActivity} from pid 11255
D/AndroidRuntime(11255): Shutting down VM
D/jdwp    (11255): Got wake-up signal, bailing out of select
D/dalvikvm(11255): Debugger has detached; object registry had 1 entries
D/dalvikvm(11266): Late-enabling CheckJNI
I/ActivityManager(  375): Start proc com.digiburo.mellow.heeler for activity com.digiburo.mellow.heeler/.app.MainActivity: pid=11266 uid=10075 gids={50075, 3003, 1015, 1028}
V//SpiceManager.java:1183(11266): 09:35:46.411 SpiceManagerThread 0 Binding to service.
D//SpiceManager.java:212(11266): 09:35:46.411 main SpiceManager started.
D/dalvikvm(11266): GC_FOR_ALLOC freed 288K, 4% free 9087K/9412K, paused 19ms, total 19ms
V//SpiceManager.java:1189(11266): 09:35:46.442 SpiceManagerThread 0 Binding to service succeeded.
D//SpiceManager.java:1236(11266): 09:35:46.450 SpiceManagerThread 0 Waiting for service to be bound.
D/com.digiburo.mellow.heeler.app.ConsoleFragment(11266): start collection false
D/com.digiburo.mellow.heeler.app.ConsoleFragment(11266): start collection false
D//SpiceService.java:127(11266): 09:35:46.535 main SpiceService instance created.
D/com.digiburo.mellow.heeler.lib.service.AudioService(11266): xxx xxx onCreate xxx xxx
D/dalvikvm(11266): GC_FOR_ALLOC freed 239K, 3% free 9360K/9636K, paused 15ms, total 15ms
I/TextToSpeech(11266): Sucessfully bound to com.google.android.tts
D/com.digiburo.mellow.heeler.lib.service.AudioService(11266): xxx xxx onStart xxx xxx
I/GoogleTTSService(10139): Creating Google TTS service, version 3.1.3.1162895
I/com.digiburo.mellow.heeler.lib.service.AudioService(11266): sayThis waiting for initialize
D/dalvikvm(10139): Trying to load lib /data/app-lib/com.google.android.tts-2/libpatts_engine_jni_api_ub.210030103.so 0x4200af80
D/dalvikvm(10139): Shared lib '/data/app-lib/com.google.android.tts-2/libpatts_engine_jni_api_ub.210030103.so' already loaded in same CL 0x4200af80
I/patts   (10139): Loading project file (apk mode is true,assets from com.google.android.tts) ...
I/patts   (10139): [android_project_file.cc:35] Loading "voices/en-us-x-sfg-phone-hmm/phonology.cfg" ...
D/dalvikvm(10139): GC_CONCURRENT freed 373K, 6% free 9380K/9876K, paused 2ms+2ms, total 21ms
I/patts   (10139): [android_project_file.cc:35] Loading "voices/en-us-x-sfg-phone-hmm/compressed_lexicon_en_us.blex" ...
I/patts   (10139): [android_project_file.cc:35] Loading "voices/en-us-x-sfg-phone-hmm/phonology.pb" ...
I/patts   (10139): [android_project_file.cc:35] Loading "voices/en-us-x-sfg-phone-hmm/rewrite_android.far" ...
I/patts   (10139): [grm-manager.h:57] Loading FST archive from "voices/en-us-x-sfg-phone-hmm/rewrite_android.far" ...
I/patts   (10139): [android_project_file.cc:35] Loading "voices/en-us-x-sfg-phone-hmm/tokenize_and_classify_embedded_android.far" ...
I/patts   (10139): [grm-manager.h:57] Loading FST archive from "voices/en-us-x-sfg-phone-hmm/tokenize_and_classify_embedded_android.far" ...
I/patts   (10139): [android_project_file.cc:35] Loading "voices/en-us-x-sfg-phone-hmm/textnorm_params_embedded.pb" ...
I/patts   (10139): [android_project_file.cc:35] Loading "voices/en-us-x-sfg-phone-hmm/resolve_homographs_simple_us.pb" ...
I/patts   (10139): [android_project_file.cc:35] Loading "voices/en-us-x-sfg-phone-hmm/mapping_grammar_android.far" ...
I/patts   (10139): [grm-manager.h:57] Loading FST archive from "voices/en-us-x-sfg-phone-hmm/mapping_grammar_android.far" ...
I/patts   (10139): [android_project_file.cc:35] Loading "voices/en-us-x-sfg-phone-hmm/roman_numeral_contexts.pb" ...
I/patts   (10139): [android_project_file.cc:35] Loading "voices/en-us-x-sfg-phone-hmm/roman_numeral_android.far" ...
I/patts   (10139): [grm-manager.h:57] Loading FST archive from "voices/en-us-x-sfg-phone-hmm/roman_numeral_android.far" ...
I/patts   (10139): [android_project_file.cc:35] Loading "voices/en-us-x-sfg-phone-hmm/verbalize_android.far" ...
I/patts   (10139): [grm-manager.h:57] Loading FST archive from "voices/en-us-x-sfg-phone-hmm/verbalize_android.far" ...
I/patts   (10139): [android_project_file.cc:35] Loading "voices/en-us-x-sfg-phone-hmm/textnorm_params_embedded.pb" ...
I/patts   (10139): [android_project_file.cc:35] Loading "voices/en-us-x-sfg-phone-hmm/resolve_homographs_simple_us.pb" ...
I/patts   (10139): [android_project_file.cc:35] Loading "voices/en-us-x-sfg-phone-hmm/g2p_m3_syls0_stress0_en-US.fst" ...
I/patts   (10139): [compact_fst.cc:31] Loading FST from "voices/en-us-x-sfg-phone-hmm/g2p_m3_syls0_stress0_en-US.fst" ...
I/patts   (10139): [decoder_impl.cc:78] g2p FST: 55 graphemes, 41 phonemes (with special symbols)
I/patts   (10139): [android_project_file.cc:35] Loading "voices/en-us-x-sfg-phone-hmm/engine_hmm_22050_ap-embedded_lsp.cfg" ...
I/patts   (10139): [embedded_hmm_synthesizer.cc:21] Embedded HMM synthesizer initialized.
I/patts   (10139): [android_project_file.cc:35] Loading "voices/en-us-x-sfg-phone-hmm/phonology.cfg" ...
I/patts   (10139): [android_project_file.cc:35] Loading "voices/en-us-x-sfg-phone-hmm/compile_hmm_phoneme.cfg" ...
I/patts   (10139): [android_project_file.cc:35] Loading "voices/en-us-x-sfg-phone-hmm/engine_hmm_22050_ap-embedded_lsp.cfg" ...
I/patts   (10139): [android_project_file.cc:35] Loading "voices/en-us-x-sfg-phone-hmm/patts1_hmm_voice_en_us_sfg_all_22050_phoneme_lsp_swop_ap_msd_bin_8bit.voice" ...
W/TextToSpeech(11266): speak failed: not bound to TTS engine
V//SpiceService.java:442(11266): 09:35:54.624 main Pending requests : 0
V//SpiceService.java:444(11266): 09:35:54.632 main Stop foreground
I/Choreographer(11266): Skipped 477 frames!  The application may be doing too much work on its main thread.
D/libEGL  (11266): loaded /vendor/lib/egl/libEGL_POWERVR_SGX540_120.so
D/libEGL  (11266): loaded /vendor/lib/egl/libGLESv1_CM_POWERVR_SGX540_120.so
D/libEGL  (11266): loaded /vendor/lib/egl/libGLESv2_POWERVR_SGX540_120.so
D/OpenGLRenderer(11266): Enabling debug mode 0
I/TextToSpeech(11266): Connected to ComponentInfo{com.google.android.tts/com.google.android.tts.service.GoogleTTSService}
D//SpiceServiceListenerNotifier.java:33(11266): 09:35:54.829 main Message Queue starting
I/TextToSpeech(11266): Set up connection to ComponentInfo{com.google.android.tts/com.google.android.tts.service.GoogleTTSService}
D//SpiceManager.java:1086(11266): 09:35:54.830 main Bound to service : JacksonSpringAndroidSpiceService
D//SpiceManager.java:1243(11266): 09:35:54.832 SpiceManagerThread 0 Bound ok.
W/IInputConnectionWrapper(28594): showStatusIcon on inactive InputConnection
I/com.digiburo.mellow.heeler.lib.service.AudioService(11266): onInit:0
I/com.digiburo.mellow.heeler.lib.service.AudioService(11266): onInit success
I/ActivityManager(  375): Displayed com.digiburo.mellow.heeler/.app.MainActivity: +8s780ms
D/dalvikvm( 9624): GC_CONCURRENT freed 431K, 6% free 9536K/10040K, paused 2ms+3ms, total 29ms
D/Finsky  ( 9624): [1] 5.onFinished: Installation state replication succeeded.
D/com.digiburo.mellow.heeler.lib.service.ScanReceiver(11266): xxx xxx onReceive xxx xxx:INTENT_ACTION_ALARM
D/com.digiburo.mellow.heeler.lib.service.ScanReceiver(11266): no location - ignoring intent
D/dalvikvm(13697): GC_CONCURRENT freed 1935K, 12% free 15054K/17032K, paused 5ms+3ms, total 46ms
D/com.digiburo.mellow.heeler.lib.service.ScanReceiver(11266): xxx xxx onReceive xxx xxx:INTENT_ACTION_ALARM
D/com.digiburo.mellow.heeler.lib.service.ScanReceiver(11266): no location - ignoring intent
V/BackupManagerService(  375): Running a backup pass
V/BackupManagerService(  375): clearing pending backups
V/PerformBackupTask(  375): Beginning backup of 1 targets
V/BackupServiceBinder(  375): doBackup() invoked
D/PerformBackupTask(  375): invokeAgentForBackup on @pm@
V/BackupServiceBinder(  375): doBackup() invoked
D/BackupHelperDispatcher(  375): handling existing helper 'wallpaper' android.app.backup.WallpaperBackupHelper@42bd07e0
I/PerformBackupTask(  375): no backup data written; not calling transport
D/PerformBackupTask(  375): starting agent for backup of BackupRequest{pkg=android}
D/BackupManagerService(  375): awaiting agent for ApplicationInfo{420df060 android}
D/BackupManagerService(  375): agentConnected pkg=android agent=android.app.backup.BackupAgent$BackupServiceBinder@42a79980
I/BackupManagerService(  375): got agent android.app.backup.BackupAgent$BackupServiceBinder@42a79980
D/PerformBackupTask(  375): invokeAgentForBackup on android
I/ActivityManager(  375): Start proc com.google.android.gsf.login for service com.google.android.gsf.login/com.google.android.gsf.loginservice.GoogleLoginService: pid=11287 uid=10010 gids={50010, 3003, 1007, 1028, 1015, 1006, 3002, 3001, 2001, 3006}
D/dalvikvm(11287): GC_CONCURRENT freed 284K, 4% free 9009K/9332K, paused 3ms+5ms, total 33ms
D/BackupManagerService(  375): Now staging backup of android
I/PerformBackupTask(  375): Backup pass finished.
D/dalvikvm(  496): GC_CONCURRENT freed 626K, 29% free 12416K/17272K, paused 4ms+6ms, total 51ms
W/IInputConnectionWrapper(11266): showStatusIcon on inactive InputConnection
D/dalvikvm( 7818): GC_CONCURRENT freed 391K, 5% free 8893K/9324K, paused 2ms+1ms, total 15ms
D/dalvikvm(  375): GC_CONCURRENT freed 3494K, 37% free 24912K/39396K, paused 8ms+8ms, total 117ms
D/BluetoothAdapter(28594): 1107670808: getState() :  mService = null. Returning STATE_OFF
I/ActivityManager(  375): START u0 {act=android.intent.action.MAIN cmp=com.android.settings/.SubSettings (has extras)} from pid 28594
W/ContextImpl(28594): Calling a method in the system process without a qualified user: android.app.ContextImpl.bindService:1439 android.content.ContextWrapper.bindService:496 com.android.settings.applications.ManageApplications.onCreate:861 android.app.Fragment.performCreate:1673 android.app.FragmentManagerImpl.moveToState:854 
I/ActivityManager(  375): Displayed com.android.settings/.SubSettings: +382ms
D/dalvikvm( 7818): GC_CONCURRENT freed 390K, 5% free 8893K/9324K, paused 3ms+1ms, total 21ms
I/ActivityManager(  375): START u0 {act=android.intent.action.MAIN cmp=com.android.settings/.SubSettings (has extras)} from pid 28594
D/dalvikvm(  375): GC_CONCURRENT freed 3709K, 37% free 25119K/39396K, paused 6ms+10ms, total 130ms
D/dalvikvm(  375): WAIT_FOR_CONCURRENT_GC blocked 117ms
D/dalvikvm( 7818): GC_CONCURRENT freed 388K, 5% free 8893K/9320K, paused 3ms+2ms, total 20ms
D/android.widget.GridLayout(28594): vertical constraints: y1-y0>=52, y2-y1>=665, y2-y0<=96 are inconsistent; permanently removing: y2-y0<=96. 
I/ActivityManager(  375): Displayed com.android.settings/.SubSettings: +386ms
D/dalvikvm( 7818): GC_CONCURRENT freed 396K, 5% free 8893K/9328K, paused 1ms+1ms, total 17ms
I/ActivityManager(  375): START u0 {act=android.intent.action.UNINSTALL_PACKAGE dat=package:com.digiburo.mellow.heeler cmp=com.android.packageinstaller/.UninstallerActivity (has extras)} from pid 28594
I/ActivityManager(  375): Start proc com.android.packageinstaller for activity com.android.packageinstaller/.UninstallerActivity: pid=11314 uid=10041 gids={50041, 1028}
D/dalvikvm(  125): GC_EXPLICIT freed 41K, 1% free 8863K/8944K, paused 2ms+3ms, total 38ms
D/dalvikvm(  125): GC_EXPLICIT freed <1K, 1% free 8863K/8944K, paused 2ms+3ms, total 26ms
D/dalvikvm(  125): GC_EXPLICIT freed <1K, 1% free 8863K/8944K, paused 2ms+2ms, total 28ms
D/libEGL  (11314): loaded /vendor/lib/egl/libEGL_POWERVR_SGX540_120.so
D/libEGL  (11314): loaded /vendor/lib/egl/libGLESv1_CM_POWERVR_SGX540_120.so
D/libEGL  (11314): loaded /vendor/lib/egl/libGLESv2_POWERVR_SGX540_120.so
D/OpenGLRenderer(11314): Enabling debug mode 0
I/ActivityManager(  375): Displayed com.android.packageinstaller/.UninstallerActivity: +285ms
I/ActivityManager(  375): START u0 {act=android.intent.action.VIEW cmp=com.android.packageinstaller/.UninstallAppProgress (has extras)} from pid 11314
I/ActivityManager(  375): Force stopping package com.digiburo.mellow.heeler appid=10075 user=-1
I/patts   (10139): [jni_text_analysis_api.cc:337] jni: deleting text normalizer ...
I/ActivityManager(  375): Killing proc 11266:com.digiburo.mellow.heeler/u0a10075: force stop com.digiburo.mellow.heeler
W/ActivityManager(  375): Scheduling restart of crashed service com.digiburo.mellow.heeler/com.octo.android.robospice.JacksonSpringAndroidSpiceService in 5000ms
W/ActivityManager(  375): Scheduling restart of crashed service com.digiburo.mellow.heeler/.lib.service.AudioService in 14999ms
I/ActivityManager(  375):   Force stopping service ServiceRecord{428175c0 u0 com.digiburo.mellow.heeler/.lib.service.AudioService}
I/ActivityManager(  375):   Force stopping service ServiceRecord{428357d8 u0 com.digiburo.mellow.heeler/com.octo.android.robospice.JacksonSpringAndroidSpiceService}
W/PackageManager(  375): Couldn't delete native library directory /data/app-lib/com.digiburo.mellow.heeler
I/PackageManager(  375): Removing old permission: com.digiburo.example.wxtrax.permission.MAPS_RECEIVE from package com.digiburo.mellow.heeler
W/PackageManager(  375): Not granting permission android.permission.SEND_DOWNLOAD_COMPLETED_INTENTS to package com.google.android.browser (protectionLevel=2 flags=0x89be45)
W/PackageManager(  375): Unknown permission android.permission.ADD_SYSTEM_SERVICE in package com.android.phone
W/PackageManager(  375): Unknown permission com.android.smspush.WAPPUSH_MANAGER_BIND in package com.android.phone
W/PackageManager(  375): Unknown permission com.android.nfc.permission.NFCEE_ADMIN in package com.google.android.apps.walletnfcrel
W/PackageManager(  375): Unknown permission com.android.vending.billing.IBillingAccountService.BIND2 in package com.google.android.gsf.login
W/PackageManager(  375): Unknown permission com.android.chrome.TOS_ACKED in package com.google.android.gsf.login
W/PackageManager(  375): Unknown permission com.android.gallery3d.permission.GALLERY_PROVIDER in package com.android.bluetooth
W/PackageManager(  375): Not granting permission android.permission.BROADCAST_PACKAGE_REMOVED to package com.google.android.marvin.talkback (protectionLevel=2 flags=0xc9bec5)
W/PackageManager(  375): Not granting permission android.permission.DEVICE_POWER to package com.google.android.deskclock (protectionLevel=2 flags=0xc8be45)
W/PackageManager(  375): Unknown permission android.permission.RECOVERY in package com.google.android.gms
W/PackageManager(  375): Not granting permission android.permission.READ_DREAM_STATE to package com.google.android.gms (protectionLevel=2 flags=0xc83ec5)
W/PackageManager(  375): Not granting permission android.permission.GET_APP_OPS_STATS to package com.google.android.gms (protectionLevel=50 flags=0xc83ec5)
W/PackageManager(  375): Not granting permission android.permission.UPDATE_APP_OPS_STATS to package com.google.android.gms (protectionLevel=18 flags=0xc83ec5)
W/PackageManager(  375): Unknown permission android.permission.CAPTURE_AUDIO_HOTWORD in package com.google.android.gms
W/PackageManager(  375): Unknown permission android.permission.ACCESS_NETWORK_CONDITIONS in package com.google.android.gms
W/PackageManager(  375): Unknown permission android.permission.MANAGE_DEVICE_ADMINS in package com.google.android.gms
W/PackageManager(  375): Not granting permission android.permission.MODIFY_PHONE_STATE to package com.google.android.gms (protectionLevel=18 flags=0xc83ec5)
W/PackageManager(  375): Not granting permission android.permission.MANAGE_USB to package com.google.android.gms (protectionLevel=18 flags=0xc83ec5)
W/PackageManager(  375): Not granting permission android.permission.CALL_PRIVILEGED to package com.google.android.gms (protectionLevel=18 flags=0xc83ec5)
W/PackageManager(  375): Unknown permission android.permission.BLUETOOTH_PRIVILEGED in package com.google.android.gms
W/PackageManager(  375): Unknown permission android.permission.CAPTURE_AUDIO_OUTPUT in package com.google.android.gms
W/PackageManager(  375): Unknown permission android.permission.CAPTURE_VIDEO_OUTPUT in package com.google.android.gms
W/PackageManager(  375): Unknown permission android.permission.CAPTURE_SECURE_VIDEO_OUTPUT in package com.google.android.gms
W/PackageManager(  375): Not granting permission android.permission.READ_FRAME_BUFFER to package com.google.android.gms (protectionLevel=18 flags=0xc83ec5)
W/PackageManager(  375): Unknown permission com.google.android.wearable.READ_SETTINGS in package com.google.android.gms
W/PackageManager(  375): Unknown permission android.permission.READ_OWNER_DATA in package com.google.android.setupwizard
W/PackageManager(  375): Unknown permission android.permission.WRITE_OWNER_DATA in package com.google.android.setupwizard
W/PackageManager(  375): Unknown permission android.permission.MEDIA_CONTENT_CONTROL in package com.google.android.googlequicksearchbox
W/PackageManager(  375): Unknown permission com.google.android.apps.googlevoice.permission.AUTO_SEND in package com.google.android.googlequicksearchbox
W/PackageManager(  375): Unknown permission com.android.chrome.PRERENDER_URL in package com.google.android.googlequicksearchbox
W/PackageManager(  375): Unknown permission android.permission.CAPTURE_AUDIO_HOTWORD in package com.google.android.googlequicksearchbox
W/PackageManager(  375): Not granting permission android.permission.STOP_APP_SWITCHES to package com.google.android.googlequicksearchbox (protectionLevel=18 flags=0xdbbec5)
W/PackageManager(  375): Not granting permission android.permission.STATUS_BAR to package com.google.android.googlequicksearchbox (protectionLevel=18 flags=0xdbbec5)
W/PackageManager(  375): Unknown permission com.google.android.launcher.permission.CONTENT_REDIRECT in package com.google.android.googlequicksearchbox
W/PackageManager(  375): Not granting permission android.permission.BIND_APPWIDGET to package com.google.android.googlequicksearchbox (protectionLevel=18 flags=0xdbbec5)
I/patts   (10139): [jni_synthesizer_api.cc:92] jni: deleting synthesizer ...
I/patts   (10139): [jni_project_file_api.cc:110] jni: deleting project file ...
I/patts   (10139): [jni_project_file_api.cc:123] jni: deleting project resource holder ...
W/PackageManager(  375): Not granting permission android.permission.SEND_DOWNLOAD_COMPLETED_INTENTS to package com.android.vending (protectionLevel=2 flags=0x8abec5)
W/PackageManager(  375): Not granting permission android.permission.WRITE_SECURE_SETTINGS to package com.android.vending (protectionLevel=50 flags=0x8abec5)
W/PackageManager(  375): Not granting permission android.permission.FORCE_STOP_PACKAGES to package com.android.vending (protectionLevel=2 flags=0x8abec5)
W/PackageManager(  375): Unknown permission android.permission.MANAGE_DOCUMENTS in package com.google.android.youtube
W/PackageManager(  375): Not granting permission android.permission.READ_DREAM_STATE to package com.google.android.gsf (protectionLevel=2 flags=0x883e45)
I/ActivityManager(  375): Displayed com.android.packageinstaller/.UninstallAppProgress: +208ms
D/keystore(  130): calling clear_uid in state: 3
I/ActivityManager(  375): Force stopping package com.digiburo.mellow.heeler appid=10075 user=0
D/dalvikvm(11314): GC_EXPLICIT freed 115K, 2% free 9043K/9196K, paused 2ms+7ms, total 38ms
D/dalvikvm(  375): GC_CONCURRENT freed 4333K, 38% free 24804K/39396K, paused 5ms+9ms, total 139ms
D/dalvikvm( 9581): GC_EXPLICIT freed 312K, 5% free 9182K/9604K, paused 1ms+2ms, total 28ms
D/dalvikvm(28594): GC_EXPLICIT freed 849K, 5% free 17128K/18020K, paused 9ms+10ms, total 109ms
I/InputReader(  375): Reconfiguring input devices.  changes=0x00000010
E/BinaryDictionaryGetter(  584): Found a cached dictionary file but cannot read or use it
I/LatinIME:LogUtils(  584): Dictionary info: dictionary = ? ; version = 17 ; date = 1340965726
E/BinaryDictionaryGetter(  584): Found a cached dictionary file but cannot read or use it
I/LatinIME:LogUtils(  584): Dictionary info: dictionary = main:en ; version = 44 ; date = 1393228245
W/GeofencerStateMachine(  600): Ignoring removeGeofence because network location is disabled.
D/VoicemailCleanupService( 9581): Cleaning up data for package: com.digiburo.mellow.heeler
D/dalvikvm( 1101): GC_EXPLICIT freed 186K, 9% free 10076K/10984K, paused 5ms+55ms, total 172ms
D/dalvikvm(  637): GC_EXPLICIT freed 254K, 21% free 18331K/23056K, paused 4ms+4ms, total 169ms
I/Launcher(  637): Deferring update until onResume
I/Launcher(  637): Deferring update until onResume
D/BackupManagerService(  375): Received broadcast Intent { act=android.intent.action.PACKAGE_REMOVED dat=package:com.digiburo.mellow.heeler flg=0x8000010 (has extras) }
V/BackupManagerService(  375): removePackageParticipantsLocked: uid=10075 #1
W/ContextImpl( 9598): Calling a method in the system process without a qualified user: android.app.ContextImpl.startService:1385 android.content.ContextWrapper.startService:473 android.content.ContextWrapper.startService:473 com.android.keychain.KeyChainBroadcastReceiver.onReceive:12 android.app.ActivityThread.handleReceiver:2424 
I/InternalIcingCorporaPro( 1101): Updating corpora: APPS=com.digiburo.mellow.heeler, CONTACTS=MAYBE
D/PackageBroadcastService(  791): Received broadcast action=android.intent.action.PACKAGE_REMOVED and uri=com.digiburo.mellow.heeler
I/dalvikvm( 9370): Could not find method android.app.AppOpsManager.checkPackage, referenced from method buw.a
W/dalvikvm( 9370): VFY: unable to resolve virtual method 1296: Landroid/app/AppOpsManager;.checkPackage (ILjava/lang/String;)V
D/dalvikvm( 9370): VFY: replacing opcode 0x6e at 0x0010
I/PeopleContactsSync(  791): CP2 sync disabled
I/LatinIME:LogUtils(  584): Dictionary info: dictionary = PersonalizationDictionary.en_US ; version = 1400809146 ; date = 1403077100
I/Icing   (  791): doRemovePackageData com.digiburo.mellow.heeler
D/Drive.UninstallOperation( 9370): Uninstall com.digiburo.mellow.heeler
D/DatabaseModelLoader( 9370): Uninstalled com.digiburo.mellow.heeler
I/LatinIME:LogUtils(  584): Dictionary info: dictionary = PersonalizationDictionary.en_US ; version = 1400809146 ; date = 1403077100
I/InternalIcingCorporaPro( 1101): UpdateCorporaTask done [took 294 ms] updated apps [took 294 ms] 
D/dalvikvm(  375): GC_EXPLICIT freed 2201K, 37% free 24888K/39396K, paused 4ms+20ms, total 505ms
E/InstalledAppDetails(28594): Exception when retrieving package:com.digiburo.mellow.heeler
E/InstalledAppDetails(28594): android.content.pm.PackageManager$NameNotFoundException: com.digiburo.mellow.heeler
E/InstalledAppDetails(28594): 	at android.app.ApplicationPackageManager.getPackageInfo(ApplicationPackageManager.java:81)
E/InstalledAppDetails(28594): 	at com.android.settings.applications.InstalledAppDetails.retrieveAppEntry(InstalledAppDetails.java:622)
E/InstalledAppDetails(28594): 	at com.android.settings.applications.InstalledAppDetails.refreshUi(InstalledAppDetails.java:641)
E/InstalledAppDetails(28594): 	at com.android.settings.applications.InstalledAppDetails.onActivityResult(InstalledAppDetails.java:535)
E/InstalledAppDetails(28594): 	at android.app.Activity.dispatchActivityResult(Activity.java:5326)
E/InstalledAppDetails(28594): 	at android.app.ActivityThread.deliverResults(ActivityThread.java:3363)
E/InstalledAppDetails(28594): 	at android.app.ActivityThread.handleSendResult(ActivityThread.java:3410)
E/InstalledAppDetails(28594): 	at android.app.ActivityThread.access$1100(ActivityThread.java:141)
E/InstalledAppDetails(28594): 	at android.app.ActivityThread$H.handleMessage(ActivityThread.java:1304)
E/InstalledAppDetails(28594): 	at android.os.Handler.dispatchMessage(Handler.java:99)
E/InstalledAppDetails(28594): 	at android.os.Looper.loop(Looper.java:137)
E/InstalledAppDetails(28594): 	at android.app.ActivityThread.main(ActivityThread.java:5103)
E/InstalledAppDetails(28594): 	at java.lang.reflect.Method.invokeNative(Native Method)
E/InstalledAppDetails(28594): 	at java.lang.reflect.Method.invoke(Method.java:525)
E/InstalledAppDetails(28594): 	at com.android.internal.os.ZygoteInit$MethodAndArgsCaller.run(ZygoteInit.java:737)
E/InstalledAppDetails(28594): 	at com.android.internal.os.ZygoteInit.main(ZygoteInit.java:553)
E/InstalledAppDetails(28594): 	at dalvik.system.NativeStart.main(Native Method)
W/AppSecurityPermissions(28594): Couldn't retrieve permissions for package:com.digiburo.mellow.heeler
W/PackageManager(  375): Package named 'com.digiburo.mellow.heeler' doesn't exist.
D/dalvikvm( 7818): GC_CONCURRENT freed 388K, 5% free 8893K/9328K, paused 3ms+1ms, total 20ms
I/Icing   (  791): Indexing C2C166AFE37FFE9CEE82F64D54BCB8EB8115FDDA from com.google.android.googlequicksearchbox
W/ActivityManager(  375): Permission denied: checkComponentPermission() owningUid=10023
W/ActivityManager(  375): Permission denied: checkComponentPermission() owningUid=10023
D/dalvikvm(  791): GC_CONCURRENT freed 441K, 5% free 10500K/11028K, paused 5ms+4ms, total 49ms
W/ActivityManager(  375): Permission denied: checkComponentPermission() owningUid=10023
W/ActivityManager(  375): Permission denied: checkComponentPermission() owningUid=10023
W/ActivityManager(  375): Permission denied: checkComponentPermission() owningUid=10023
W/ActivityManager(  375): Permission denied: checkComponentPermission() owningUid=10023
I/Icing   (  791): Indexing done C2C166AFE37FFE9CEE82F64D54BCB8EB8115FDDA
D/AndroidRuntime(11350): 
D/AndroidRuntime(11350): >>>>>> AndroidRuntime START com.android.internal.os.RuntimeInit <<<<<<
D/AndroidRuntime(11350): CheckJNI is OFF
D/dalvikvm(11350): Trying to load lib libjavacore.so 0x0
D/dalvikvm(11350): Added shared lib libjavacore.so 0x0
D/dalvikvm(11350): Trying to load lib libnativehelper.so 0x0
D/dalvikvm(11350): Added shared lib libnativehelper.so 0x0
D/AndroidRuntime(11350): Calling main entry com.android.commands.pm.Pm
W/ActivityManager(  375): No content provider found for permission revoke: file:///data/local/tmp/com.digiburo.mellow.heeler
W/ActivityManager(  375): No content provider found for permission revoke: file:///data/local/tmp/com.digiburo.mellow.heeler
I/PackageManager(  375): Copying native libraries to /data/app-lib/vmdl2102339368
D/dalvikvm(  375): GC_CONCURRENT freed 3802K, 37% free 25098K/39396K, paused 4ms+11ms, total 125ms
D/dalvikvm(  375): WAIT_FOR_CONCURRENT_GC blocked 114ms
D/dalvikvm(  375): GC_CONCURRENT freed 4043K, 37% free 25115K/39396K, paused 4ms+10ms, total 99ms
D/dalvikvm(  375): WAIT_FOR_CONCURRENT_GC blocked 8ms
I/PackageManager(  375): Running dexopt on: com.digiburo.mellow.heeler
D/dalvikvm(11360): DexOpt: load 233ms, verify+opt 1980ms, 4144436 bytes
I/ActivityManager(  375): Force stopping package com.digiburo.mellow.heeler appid=10075 user=-1
W/PackageManager(  375): Not granting permission android.permission.SEND_DOWNLOAD_COMPLETED_INTENTS to package com.google.android.browser (protectionLevel=2 flags=0x89be45)
W/PackageManager(  375): Unknown permission android.permission.ADD_SYSTEM_SERVICE in package com.android.phone
W/PackageManager(  375): Unknown permission com.android.smspush.WAPPUSH_MANAGER_BIND in package com.android.phone
W/PackageManager(  375): Unknown permission com.android.nfc.permission.NFCEE_ADMIN in package com.google.android.apps.walletnfcrel
W/PackageManager(  375): Unknown permission com.android.vending.billing.IBillingAccountService.BIND2 in package com.google.android.gsf.login
W/PackageManager(  375): Unknown permission com.android.chrome.TOS_ACKED in package com.google.android.gsf.login
W/PackageManager(  375): Unknown permission com.android.gallery3d.permission.GALLERY_PROVIDER in package com.android.bluetooth
W/PackageManager(  375): Not granting permission android.permission.BROADCAST_PACKAGE_REMOVED to package com.google.android.marvin.talkback (protectionLevel=2 flags=0xc9bec5)
W/PackageManager(  375): Not granting permission android.permission.DEVICE_POWER to package com.google.android.deskclock (protectionLevel=2 flags=0xc8be45)
W/PackageManager(  375): Unknown permission android.permission.RECOVERY in package com.google.android.gms
W/PackageManager(  375): Not granting permission android.permission.READ_DREAM_STATE to package com.google.android.gms (protectionLevel=2 flags=0xc83ec5)
W/PackageManager(  375): Not granting permission android.permission.GET_APP_OPS_STATS to package com.google.android.gms (protectionLevel=50 flags=0xc83ec5)
W/PackageManager(  375): Not granting permission android.permission.UPDATE_APP_OPS_STATS to package com.google.android.gms (protectionLevel=18 flags=0xc83ec5)
W/PackageManager(  375): Unknown permission android.permission.CAPTURE_AUDIO_HOTWORD in package com.google.android.gms
W/PackageManager(  375): Unknown permission android.permission.ACCESS_NETWORK_CONDITIONS in package com.google.android.gms
W/PackageManager(  375): Unknown permission android.permission.MANAGE_DEVICE_ADMINS in package com.google.android.gms
W/PackageManager(  375): Not granting permission android.permission.MODIFY_PHONE_STATE to package com.google.android.gms (protectionLevel=18 flags=0xc83ec5)
W/PackageManager(  375): Not granting permission android.permission.MANAGE_USB to package com.google.android.gms (protectionLevel=18 flags=0xc83ec5)
W/PackageManager(  375): Not granting permission android.permission.CALL_PRIVILEGED to package com.google.android.gms (protectionLevel=18 flags=0xc83ec5)
W/PackageManager(  375): Unknown permission android.permission.BLUETOOTH_PRIVILEGED in package com.google.android.gms
W/PackageManager(  375): Unknown permission android.permission.CAPTURE_AUDIO_OUTPUT in package com.google.android.gms
W/PackageManager(  375): Unknown permission android.permission.CAPTURE_VIDEO_OUTPUT in package com.google.android.gms
W/PackageManager(  375): Unknown permission android.permission.CAPTURE_SECURE_VIDEO_OUTPUT in package com.google.android.gms
W/PackageManager(  375): Not granting permission android.permission.READ_FRAME_BUFFER to package com.google.android.gms (protectionLevel=18 flags=0xc83ec5)
W/PackageManager(  375): Unknown permission com.google.android.wearable.READ_SETTINGS in package com.google.android.gms
W/PackageManager(  375): Unknown permission android.permission.READ_OWNER_DATA in package com.google.android.setupwizard
W/PackageManager(  375): Unknown permission android.permission.WRITE_OWNER_DATA in package com.google.android.setupwizard
W/PackageManager(  375): Unknown permission android.permission.MEDIA_CONTENT_CONTROL in package com.google.android.googlequicksearchbox
W/PackageManager(  375): Unknown permission com.google.android.apps.googlevoice.permission.AUTO_SEND in package com.google.android.googlequicksearchbox
W/PackageManager(  375): Unknown permission com.android.chrome.PRERENDER_URL in package com.google.android.googlequicksearchbox
W/PackageManager(  375): Unknown permission android.permission.CAPTURE_AUDIO_HOTWORD in package com.google.android.googlequicksearchbox
W/PackageManager(  375): Not granting permission android.permission.STOP_APP_SWITCHES to package com.google.android.googlequicksearchbox (protectionLevel=18 flags=0xdbbec5)
W/PackageManager(  375): Not granting permission android.permission.STATUS_BAR to package com.google.android.googlequicksearchbox (protectionLevel=18 flags=0xdbbec5)
W/PackageManager(  375): Unknown permission com.google.android.launcher.permission.CONTENT_REDIRECT in package com.google.android.googlequicksearchbox
W/PackageManager(  375): Not granting permission android.permission.BIND_APPWIDGET to package com.google.android.googlequicksearchbox (protectionLevel=18 flags=0xdbbec5)
W/PackageManager(  375): Not granting permission android.permission.SEND_DOWNLOAD_COMPLETED_INTENTS to package com.android.vending (protectionLevel=2 flags=0x8abec5)
W/PackageManager(  375): Not granting permission android.permission.WRITE_SECURE_SETTINGS to package com.android.vending (protectionLevel=50 flags=0x8abec5)
W/PackageManager(  375): Not granting permission android.permission.FORCE_STOP_PACKAGES to package com.android.vending (protectionLevel=2 flags=0x8abec5)
W/PackageManager(  375): Unknown permission android.permission.MANAGE_DOCUMENTS in package com.google.android.youtube
W/PackageManager(  375): Not granting permission android.permission.READ_DREAM_STATE to package com.google.android.gsf (protectionLevel=2 flags=0x883e45)
W/PackageManager(  375): Unknown permission com.digiburo.mellow.heeler.permission.MAPS_RECEIVE in package com.digiburo.mellow.heeler
I/Launcher(  637): Deferring update until onResume
I/InputReader(  375): Reconfiguring input devices.  changes=0x00000010
I/Launcher(  637): Deferring update until onResume
D/BackupManagerService(  375): Received broadcast Intent { act=android.intent.action.PACKAGE_ADDED dat=package:com.digiburo.mellow.heeler flg=0x8000010 (has extras) }
I/InternalIcingCorporaPro( 1101): Updating corpora: APPS=com.digiburo.mellow.heeler, CONTACTS=MAYBE
V/BackupManagerService(  375): addPackageParticipantsLocked: #1
D/PackageBroadcastService(  791): Received broadcast action=android.intent.action.PACKAGE_ADDED and uri=com.digiburo.mellow.heeler
D/PackageAddedReceiver(  675): package added com.digiburo.mellow.heeler
I/PeopleContactsSync(  791): CP2 sync disabled
D/dalvikvm( 1101): GC_CONCURRENT freed 342K, 7% free 10240K/10984K, paused 10ms+2ms, total 70ms
I/InternalIcingCorporaPro( 1101): UpdateCorporaTask done [took 208 ms] updated apps [took 208 ms] 
D/dalvikvm(  375): GC_EXPLICIT freed 1248K, 37% free 25198K/39396K, paused 130ms+17ms, total 378ms
D/AndroidRuntime(11350): Shutting down VM
D/jdwp    (11350): Got wake-up signal, bailing out of select
D/dalvikvm(11350): Debugger has detached; object registry had 1 entries
D/AndroidRuntime(11374): 
D/AndroidRuntime(11374): >>>>>> AndroidRuntime START com.android.internal.os.RuntimeInit <<<<<<
D/AndroidRuntime(11374): CheckJNI is OFF
D/dalvikvm(11374): Trying to load lib libjavacore.so 0x0
D/dalvikvm(11374): Added shared lib libjavacore.so 0x0
D/dalvikvm(11374): Trying to load lib libnativehelper.so 0x0
D/dalvikvm(11374): Added shared lib libnativehelper.so 0x0
D/dalvikvm( 9581): GC_CONCURRENT freed 305K, 5% free 9298K/9708K, paused 3ms+3ms, total 22ms
D/AndroidRuntime(11374): Calling main entry com.android.commands.am.Am
D/dalvikvm(11374): Note: class Landroid/app/ActivityManagerNative; has 163 unimplemented (abstract) methods
I/ActivityManager(  375): START u0 {act=android.intent.action.MAIN cat=[android.intent.category.LAUNCHER] flg=0x10000000 cmp=com.digiburo.mellow.heeler/.app.MainActivity} from pid 11374
D/AndroidRuntime(11374): Shutting down VM
D/jdwp    (11374): Got wake-up signal, bailing out of select
D/dalvikvm(11374): Debugger has detached; object registry had 1 entries
I/ActivityManager(  375): Start proc com.digiburo.mellow.heeler for activity com.digiburo.mellow.heeler/.app.MainActivity: pid=11384 uid=10075 gids={50075, 3003, 1015, 1028}
D/dalvikvm(11384): Late-enabling CheckJNI
I/Icing   (  791): Indexing C2C166AFE37FFE9CEE82F64D54BCB8EB8115FDDA from com.google.android.googlequicksearchbox
W/ActivityManager(  375): Permission denied: checkComponentPermission() owningUid=10023
W/ActivityManager(  375): Permission denied: checkComponentPermission() owningUid=10023
W/ActivityManager(  375): Permission denied: checkComponentPermission() owningUid=10023
W/ActivityManager(  375): Permission denied: checkComponentPermission() owningUid=10023
W/ActivityManager(  375): Permission denied: checkComponentPermission() owningUid=10023
W/ActivityManager(  375): Permission denied: checkComponentPermission() owningUid=10023
D/dalvikvm(11384): GC_FOR_ALLOC freed 251K, 4% free 9124K/9412K, paused 20ms, total 20ms
W/ActivityManager(  375): Permission denied: checkComponentPermission() owningUid=10023
W/ActivityManager(  375): Permission denied: checkComponentPermission() owningUid=10023
W/ActivityManager(  375): Permission denied: checkComponentPermission() owningUid=10023
W/ActivityManager(  375): Permission denied: checkComponentPermission() owningUid=10023
I/Icing   (  791): Indexing done C2C166AFE37FFE9CEE82F64D54BCB8EB8115FDDA
D//SpiceManager.java:212(11384): 09:38:36.840 main SpiceManager started.
V//SpiceManager.java:1183(11384): 09:38:36.842 SpiceManagerThread 0 Binding to service.
V//SpiceManager.java:1189(11384): 09:38:36.847 SpiceManagerThread 0 Binding to service succeeded.
D//SpiceManager.java:1236(11384): 09:38:36.848 SpiceManagerThread 0 Waiting for service to be bound.
D/com.digiburo.mellow.heeler.app.ConsoleFragment(11384): start collection false
D/com.digiburo.mellow.heeler.app.ConsoleFragment(11384): start collection false
