I/patts   (10139): [grm-manager.h:57] Loading FST archive from "voices/en-us-x-sfg-phone-hmm/roman_numeral_android.far" ...
I/patts   (10139): [android_project_file.cc:35] Loading "voices/en-us-x-sfg-phone-hmm/verbalize_android.far" ...
I/patts   (10139): [grm-manager.h:57] Loading FST archive from "voices/en-us-x-sfg-phone-hmm/verbalize_android.far" ...
I/patts   (10139): [android_project_file.cc:35] Loading "voices/en-us-x-sfg-phone-hmm/textnorm_params_embedded.pb" ...
I/patts   (10139): [android_project_file.cc:35] Loading "voices/en-us-x-sfg-phone-hmm/resolve_homographs_simple_us.pb" ...
I/patts   (10139): [android_project_file.cc:35] Loading "voices/en-us-x-sfg-phone-hmm/g2p_m3_syls0_stress0_en-US.fst" ...
I/patts   (10139): [compact_fst.cc:31] Loading FST from "voices/en-us-x-sfg-phone-hmm/g2p_m3_syls0_stress0_en-US.fst" ...
I/patts   (10139): [decoder_impl.cc:78] g2p FST: 55 graphemes, 41 phonemes (with special symbols)
I/patts   (10139): [android_project_file.cc:35] Loading "voices/en-us-x-sfg-phone-hmm/engine_hmm_22050_ap-embedded_lsp.cfg" ...
I/patts   (10139): [embedded_hmm_synthesizer.cc:21] Embedded HMM synthesizer initialized.
I/patts   (10139): [android_project_file.cc:35] Loading "voices/en-us-x-sfg-phone-hmm/phonology.cfg" ...
I/patts   (10139): [android_project_file.cc:35] Loading "voices/en-us-x-sfg-phone-hmm/compile_hmm_phoneme.cfg" ...
I/patts   (10139): [android_project_file.cc:35] Loading "voices/en-us-x-sfg-phone-hmm/engine_hmm_22050_ap-embedded_lsp.cfg" ...
I/patts   (10139): [android_project_file.cc:35] Loading "voices/en-us-x-sfg-phone-hmm/patts1_hmm_voice_en_us_sfg_all_22050_phoneme_lsp_swop_ap_msd_bin_8bit.voice" ...
W/GAV2    (13224): Thread[GAThread,5,main]: Service unavailable (code=1), will retry.
W/ActivityManager(  375): Unable to start service Intent { act=com.google.android.gms.analytics.service.START cmp=com.google.android.gms/.analytics.service.AnalyticsService (has extras) } U=0: not found
I/GAV2    (13224): Thread[GAThread,5,main]: No campaign data found.
W/TextToSpeech(13246): speak failed: not bound to TTS engine
D//SpiceService.java:127(13246): 18:59:17.972 main SpiceService instance created.
D/dalvikvm(13246): GC_FOR_ALLOC freed 241K, 3% free 9366K/9644K, paused 16ms, total 16ms
V//SpiceService.java:442(13246): 18:59:18.095 main Pending requests : 0
V//SpiceService.java:444(13246): 18:59:18.097 main Stop foreground
I/Choreographer(13246): Skipped 480 frames!  The application may be doing too much work on its main thread.
D/libEGL  (13246): loaded /vendor/lib/egl/libEGL_POWERVR_SGX540_120.so
D/libEGL  (13246): loaded /vendor/lib/egl/libGLESv1_CM_POWERVR_SGX540_120.so
D/libEGL  (13246): loaded /vendor/lib/egl/libGLESv2_POWERVR_SGX540_120.so
D/OpenGLRenderer(13246): Enabling debug mode 0
I/TextToSpeech(13246): Connected to ComponentInfo{com.google.android.tts/com.google.android.tts.service.GoogleTTSService}
D//SpiceServiceListenerNotifier.java:33(13246): 18:59:18.268 main Message Queue starting
I/TextToSpeech(13246): Set up connection to ComponentInfo{com.google.android.tts/com.google.android.tts.service.GoogleTTSService}
D//SpiceManager.java:1086(13246): 18:59:18.271 main Bound to service : JacksonSpringAndroidSpiceService
D//SpiceManager.java:1243(13246): 18:59:18.272 SpiceManagerThread 0 Bound ok.
W/IInputConnectionWrapper(28594): showStatusIcon on inactive InputConnection
I/com.digiburo.mellow.heeler.lib.service.AudioService(13246): onInit:0
I/com.digiburo.mellow.heeler.lib.service.AudioService(13246): onInit success
I/ActivityManager(  375): Displayed com.digiburo.mellow.heeler/.app.MainActivity: +8s864ms
I/com.digiburo.mellow.heeler.lib.service.ProgressListener(13246): utteranceProgressListener.onStart:2718
I/com.digiburo.mellow.heeler.lib.service.ProgressListener(13246): utteranceProgressListener.onDone:2718
I/com.digiburo.mellow.heeler.lib.service.ProgressListener(13246): utteranceProgressListener.onStart:2718
W/GAV2    (13224): Thread[Service Reconnect,5,main]: Service unavailable (code=1), using local store.
W/ActivityManager(  375): Unable to start service Intent { act=com.google.android.gms.analytics.service.START cmp=com.google.android.gms/.analytics.service.AnalyticsService (has extras) } U=0: not found
D/dalvikvm(13224): GC_CONCURRENT freed 273K, 4% free 9190K/9500K, paused 6ms+3ms, total 47ms
I/com.digiburo.mellow.heeler.lib.service.ProgressListener(13246): utteranceProgressListener.onDone:2718
D/Finsky  ( 9624): [1] 5.onFinished: Installation state replication succeeded.
V/DigitalWidgetViewsFactory(13697): DigitalWidget sets next alarm string to null
D/AndroidRuntime(13290): 
D/AndroidRuntime(13290): >>>>>> AndroidRuntime START com.android.internal.os.RuntimeInit <<<<<<
D/AndroidRuntime(13290): CheckJNI is OFF
D/dalvikvm(13290): Trying to load lib libjavacore.so 0x0
D/dalvikvm(13290): Added shared lib libjavacore.so 0x0
D/dalvikvm(13290): Trying to load lib libnativehelper.so 0x0
D/dalvikvm(13290): Added shared lib libnativehelper.so 0x0
D/AndroidRuntime(13290): Calling main entry com.android.commands.pm.Pm
W/ActivityManager(  375): No content provider found for permission revoke: file:///data/local/tmp/com.digiburo.mellow.heeler
W/ActivityManager(  375): No content provider found for permission revoke: file:///data/local/tmp/com.digiburo.mellow.heeler
I/PackageManager(  375): Copying native libraries to /data/app-lib/vmdl-319491983
D/dalvikvm(  375): GC_CONCURRENT freed 3916K, 37% free 24836K/39396K, paused 6ms+15ms, total 121ms
D/dalvikvm(  375): WAIT_FOR_CONCURRENT_GC blocked 106ms
D/dalvikvm(  375): GC_CONCURRENT freed 3821K, 37% free 25011K/39396K, paused 4ms+7ms, total 93ms
D/dalvikvm(  375): WAIT_FOR_CONCURRENT_GC blocked 81ms
I/patts   (10139): [jni_text_analysis_api.cc:337] jni: deleting text normalizer ...
I/ActivityManager(  375): Force stopping package com.digiburo.mellow.heeler appid=10075 user=-1
I/ActivityManager(  375): Killing proc 13246:com.digiburo.mellow.heeler/u0a10075: force stop com.digiburo.mellow.heeler
W/ActivityManager(  375): Scheduling restart of crashed service com.digiburo.mellow.heeler/com.octo.android.robospice.JacksonSpringAndroidSpiceService in 5000ms
W/ActivityManager(  375): Scheduling restart of crashed service com.digiburo.mellow.heeler/.lib.service.AudioService in 14994ms
W/ActivityManager(  375): Force removing ActivityRecord{423a2390 u0 com.digiburo.mellow.heeler/.app.MainActivity}: app died, no saved state
I/ActivityManager(  375):   Force stopping service ServiceRecord{4274c730 u0 com.digiburo.mellow.heeler/.lib.service.AudioService}
I/ActivityManager(  375):   Force stopping service ServiceRecord{4272ff58 u0 com.digiburo.mellow.heeler/com.octo.android.robospice.JacksonSpringAndroidSpiceService}
I/WindowState(  375): WIN DEATH: Window{4202d140 u0 com.digiburo.mellow.heeler/com.digiburo.mellow.heeler.app.MainActivity}
I/patts   (10139): [jni_synthesizer_api.cc:92] jni: deleting synthesizer ...
I/patts   (10139): [jni_project_file_api.cc:110] jni: deleting project file ...
I/patts   (10139): [jni_project_file_api.cc:123] jni: deleting project resource holder ...
I/PackageManager(  375): Package com.digiburo.mellow.heeler codePath changed from /data/app/com.digiburo.mellow.heeler-1.apk to /data/app/com.digiburo.mellow.heeler-2.apk; Retaining data and using new
I/PackageManager(  375): Running dexopt on: com.digiburo.mellow.heeler
W/InputMethodManagerService(  375): Got RemoteException sending setActive(false) notification to pid 13246 uid 10075
D/dalvikvm(13300): DexOpt: load 236ms, verify+opt 2849ms, 4144436 bytes
W/PackageManager(  375): Code path for pkg : com.digiburo.mellow.heeler changing from /data/app/com.digiburo.mellow.heeler-1.apk to /data/app/com.digiburo.mellow.heeler-2.apk
I/ActivityManager(  375): Force stopping package com.digiburo.mellow.heeler appid=10075 user=-1
W/PackageManager(  375): Resource path for pkg : com.digiburo.mellow.heeler changing from /data/app/com.digiburo.mellow.heeler-1.apk to /data/app/com.digiburo.mellow.heeler-2.apk
W/PackageManager(  375): Not granting permission android.permission.SEND_DOWNLOAD_COMPLETED_INTENTS to package com.google.android.browser (protectionLevel=2 flags=0x89be45)
W/PackageManager(  375): Unknown permission android.permission.ADD_SYSTEM_SERVICE in package com.android.phone
W/PackageManager(  375): Unknown permission com.android.smspush.WAPPUSH_MANAGER_BIND in package com.android.phone
W/PackageManager(  375): Unknown permission com.android.nfc.permission.NFCEE_ADMIN in package com.google.android.apps.walletnfcrel
W/PackageManager(  375): Unknown permission com.android.vending.billing.IBillingAccountService.BIND2 in package com.google.android.gsf.login
W/PackageManager(  375): Unknown permission com.android.chrome.TOS_ACKED in package com.google.android.gsf.login
W/PackageManager(  375): Unknown permission com.android.gallery3d.permission.GALLERY_PROVIDER in package com.android.bluetooth
W/PackageManager(  375): Not granting permission android.permission.BROADCAST_PACKAGE_REMOVED to package com.google.android.marvin.talkback (protectionLevel=2 flags=0xc9bec5)
W/PackageManager(  375): Not granting permission android.permission.DEVICE_POWER to package com.google.android.deskclock (protectionLevel=2 flags=0xc8be45)
W/PackageManager(  375): Unknown permission android.permission.RECOVERY in package com.google.android.gms
W/PackageManager(  375): Not granting permission android.permission.READ_DREAM_STATE to package com.google.android.gms (protectionLevel=2 flags=0xc83ec5)
W/PackageManager(  375): Not granting permission android.permission.GET_APP_OPS_STATS to package com.google.android.gms (protectionLevel=50 flags=0xc83ec5)
W/PackageManager(  375): Not granting permission android.permission.UPDATE_APP_OPS_STATS to package com.google.android.gms (protectionLevel=18 flags=0xc83ec5)
W/PackageManager(  375): Unknown permission android.permission.CAPTURE_AUDIO_HOTWORD in package com.google.android.gms
W/PackageManager(  375): Unknown permission android.permission.ACCESS_NETWORK_CONDITIONS in package com.google.android.gms
W/PackageManager(  375): Unknown permission android.permission.MANAGE_DEVICE_ADMINS in package com.google.android.gms
W/PackageManager(  375): Not granting permission android.permission.MODIFY_PHONE_STATE to package com.google.android.gms (protectionLevel=18 flags=0xc83ec5)
W/PackageManager(  375): Not granting permission android.permission.MANAGE_USB to package com.google.android.gms (protectionLevel=18 flags=0xc83ec5)
W/PackageManager(  375): Not granting permission android.permission.CALL_PRIVILEGED to package com.google.android.gms (protectionLevel=18 flags=0xc83ec5)
W/PackageManager(  375): Unknown permission android.permission.BLUETOOTH_PRIVILEGED in package com.google.android.gms
W/PackageManager(  375): Unknown permission android.permission.CAPTURE_AUDIO_OUTPUT in package com.google.android.gms
W/PackageManager(  375): Unknown permission android.permission.CAPTURE_VIDEO_OUTPUT in package com.google.android.gms
W/PackageManager(  375): Unknown permission android.permission.CAPTURE_SECURE_VIDEO_OUTPUT in package com.google.android.gms
W/PackageManager(  375): Not granting permission android.permission.READ_FRAME_BUFFER to package com.google.android.gms (protectionLevel=18 flags=0xc83ec5)
W/PackageManager(  375): Unknown permission com.google.android.wearable.READ_SETTINGS in package com.google.android.gms
W/PackageManager(  375): Unknown permission android.permission.READ_OWNER_DATA in package com.google.android.setupwizard
W/PackageManager(  375): Unknown permission android.permission.WRITE_OWNER_DATA in package com.google.android.setupwizard
W/PackageManager(  375): Unknown permission android.permission.MEDIA_CONTENT_CONTROL in package com.google.android.googlequicksearchbox
W/PackageManager(  375): Unknown permission com.google.android.apps.googlevoice.permission.AUTO_SEND in package com.google.android.googlequicksearchbox
W/PackageManager(  375): Unknown permission com.android.chrome.PRERENDER_URL in package com.google.android.googlequicksearchbox
W/PackageManager(  375): Unknown permission android.permission.CAPTURE_AUDIO_HOTWORD in package com.google.android.googlequicksearchbox
W/PackageManager(  375): Not granting permission android.permission.STOP_APP_SWITCHES to package com.google.android.googlequicksearchbox (protectionLevel=18 flags=0xdbbec5)
W/PackageManager(  375): Not granting permission android.permission.STATUS_BAR to package com.google.android.googlequicksearchbox (protectionLevel=18 flags=0xdbbec5)
W/PackageManager(  375): Unknown permission com.google.android.launcher.permission.CONTENT_REDIRECT in package com.google.android.googlequicksearchbox
W/PackageManager(  375): Not granting permission android.permission.BIND_APPWIDGET to package com.google.android.googlequicksearchbox (protectionLevel=18 flags=0xdbbec5)
W/PackageManager(  375): Not granting permission android.permission.SEND_DOWNLOAD_COMPLETED_INTENTS to package com.android.vending (protectionLevel=2 flags=0x8abec5)
W/PackageManager(  375): Not granting permission android.permission.WRITE_SECURE_SETTINGS to package com.android.vending (protectionLevel=50 flags=0x8abec5)
W/PackageManager(  375): Not granting permission android.permission.FORCE_STOP_PACKAGES to package com.android.vending (protectionLevel=2 flags=0x8abec5)
W/PackageManager(  375): Unknown permission android.permission.MANAGE_DOCUMENTS in package com.google.android.youtube
W/PackageManager(  375): Not granting permission android.permission.READ_DREAM_STATE to package com.google.android.gsf (protectionLevel=2 flags=0x883e45)
W/PackageManager(  375): Unknown permission com.digiburo.mellow.heeler.permission.MAPS_RECEIVE in package com.digiburo.mellow.heeler
I/ActivityManager(  375): Force stopping package com.digiburo.mellow.heeler appid=10075 user=0
D/dalvikvm( 9581): GC_EXPLICIT freed 309K, 5% free 9208K/9692K, paused 2ms+3ms, total 67ms
D/dalvikvm(28594): GC_EXPLICIT freed 247K, 6% free 17084K/18060K, paused 10ms+8ms, total 103ms
I/InputReader(  375): Reconfiguring input devices.  changes=0x00000010
D/BackupManagerService(  375): Received broadcast Intent { act=android.intent.action.PACKAGE_REMOVED dat=package:com.digiburo.mellow.heeler flg=0x8000010 (has extras) }
I/InputReader(  375): Reconfiguring input devices.  changes=0x00000010
D/BackupManagerService(  375): Received broadcast Intent { act=android.intent.action.PACKAGE_ADDED dat=package:com.digiburo.mellow.heeler flg=0x8000010 (has extras) }
V/BackupManagerService(  375): removePackageParticipantsLocked: uid=10075 #1
V/BackupManagerService(  375): addPackageParticipantsLocked: #1
W/ContextImpl(13157): Calling a method in the system process without a qualified user: android.app.ContextImpl.startService:1385 android.content.ContextWrapper.startService:473 android.content.ContextWrapper.startService:473 com.android.keychain.KeyChainBroadcastReceiver.onReceive:12 android.app.ActivityThread.handleReceiver:2424 
D/dalvikvm( 1101): GC_EXPLICIT freed 188K, 8% free 10115K/10984K, paused 2ms+28ms, total 250ms
D/dalvikvm(  637): GC_EXPLICIT freed 271K, 18% free 19008K/23056K, paused 2ms+49ms, total 245ms
D/dalvikvm(  629): GC_CONCURRENT freed 450K, 6% free 9135K/9640K, paused 2ms+1ms, total 19ms
I/Launcher(  637): Deferring update until onResume
D/PackageBroadcastService(  791): Received broadcast action=android.intent.action.PACKAGE_REMOVED and uri=com.digiburo.mellow.heeler
I/Launcher(  637): Deferring update until onResume
I/InternalIcingCorporaPro( 1101): Updating corpora: APPS=com.digiburo.mellow.heeler, CONTACTS=MAYBE
D/dalvikvm(30683): GC_CONCURRENT freed 20K, 65% free 11293K/32104K, paused 2ms+2ms, total 49ms
D/PackageAddedReceiver(  675): package added com.digiburo.mellow.heeler
D/PackageBroadcastService(  791): Received broadcast action=android.intent.action.PACKAGE_ADDED and uri=com.digiburo.mellow.heeler
I/PeopleContactsSync(  791): CP2 sync disabled
I/InternalIcingCorporaPro( 1101): UpdateCorporaTask done [took 43 ms] updated apps [took 43 ms] 
D/PackageBroadcastService(  791): Received broadcast action=android.intent.action.PACKAGE_REPLACED and uri=com.digiburo.mellow.heeler
I/PeopleContactsSync(  791): CP2 sync disabled
D/dalvikvm(  375): GC_EXPLICIT freed 2804K, 37% free 25160K/39396K, paused 5ms+19ms, total 352ms
D/AndroidRuntime(13290): Shutting down VM
D/jdwp    (13290): Got wake-up signal, bailing out of select
D/dalvikvm(13290): Debugger has detached; object registry had 1 entries
D/dalvikvm( 7818): GC_CONCURRENT freed 383K, 5% free 8896K/9324K, paused 3ms+1ms, total 19ms
D/AndroidRuntime(13324): 
D/AndroidRuntime(13324): >>>>>> AndroidRuntime START com.android.internal.os.RuntimeInit <<<<<<
D/AndroidRuntime(13324): CheckJNI is OFF
D/dalvikvm(13324): Trying to load lib libjavacore.so 0x0
D/dalvikvm(13324): Added shared lib libjavacore.so 0x0
D/dalvikvm(13324): Trying to load lib libnativehelper.so 0x0
D/dalvikvm(13324): Added shared lib libnativehelper.so 0x0
D/dalvikvm( 7818): GC_CONCURRENT freed 391K, 5% free 8892K/9324K, paused 18ms+1ms, total 65ms
D/AndroidRuntime(13324): Calling main entry com.android.commands.am.Am
D/dalvikvm(13324): Note: class Landroid/app/ActivityManagerNative; has 163 unimplemented (abstract) methods
I/ActivityManager(  375): START u0 {act=android.intent.action.MAIN cat=[android.intent.category.LAUNCHER] flg=0x10000000 cmp=com.digiburo.mellow.heeler/.app.MainActivity} from pid 13324
D/AndroidRuntime(13324): Shutting down VM
D/jdwp    (13324): Got wake-up signal, bailing out of select
D/dalvikvm(13324): Debugger has detached; object registry had 1 entries
I/ActivityManager(  375): Start proc com.digiburo.mellow.heeler for activity com.digiburo.mellow.heeler/.app.MainActivity: pid=13334 uid=10075 gids={50075, 3003, 1015, 1028}
D/dalvikvm(13334): Late-enabling CheckJNI
D//SpiceManager.java:212(13334): 19:13:06.268 main SpiceManager started.
D/dalvikvm(13334): GC_FOR_ALLOC freed 285K, 4% free 9090K/9412K, paused 22ms, total 22ms
V//SpiceManager.java:1183(13334): 19:13:06.315 SpiceManagerThread 0 Binding to service.
V//SpiceManager.java:1189(13334): 19:13:06.318 SpiceManagerThread 0 Binding to service succeeded.
D//SpiceManager.java:1236(13334): 19:13:06.318 SpiceManagerThread 0 Waiting for service to be bound.
D/com.digiburo.mellow.heeler.app.ConsoleFragment(13334): start collection false
D/com.digiburo.mellow.heeler.app.ConsoleFragment(13334): start collection false
D/com.digiburo.mellow.heeler.lib.service.AudioService(13334): xxx xxx onCreate xxx xxx
I/TextToSpeech(13334): Sucessfully bound to com.google.android.tts
I/GoogleTTSService(10139): Creating Google TTS service, version 3.1.3.1162895
D/com.digiburo.mellow.heeler.lib.service.AudioService(13334): xxx xxx onStart xxx xxx
W/TextToSpeech(13334): speak failed: not bound to TTS engine
D/dalvikvm(10139): Trying to load lib /data/app-lib/com.google.android.tts-2/libpatts_engine_jni_api_ub.210030103.so 0x4200af80
D/dalvikvm(10139): Shared lib '/data/app-lib/com.google.android.tts-2/libpatts_engine_jni_api_ub.210030103.so' already loaded in same CL 0x4200af80
I/patts   (10139): Loading project file (apk mode is true,assets from com.google.android.tts) ...
I/patts   (10139): [android_project_file.cc:35] Loading "voices/en-us-x-sfg-phone-hmm/phonology.cfg" ...
D//SpiceService.java:127(13334): 19:13:06.419 main SpiceService instance created.
I/patts   (10139): [android_project_file.cc:35] Loading "voices/en-us-x-sfg-phone-hmm/compressed_lexicon_en_us.blex" ...
D/dalvikvm(13334): GC_FOR_ALLOC freed 241K, 3% free 9362K/9640K, paused 15ms, total 16ms
I/patts   (10139): [android_project_file.cc:35] Loading "voices/en-us-x-sfg-phone-hmm/phonology.pb" ...
V//SpiceService.java:442(13334): 19:13:06.525 main Pending requests : 0
I/patts   (10139): [android_project_file.cc:35] Loading "voices/en-us-x-sfg-phone-hmm/rewrite_android.far" ...
I/patts   (10139): [grm-manager.h:57] Loading FST archive from "voices/en-us-x-sfg-phone-hmm/rewrite_android.far" ...
V//SpiceService.java:444(13334): 19:13:06.527 main Stop foreground
I/patts   (10139): [android_project_file.cc:35] Loading "voices/en-us-x-sfg-phone-hmm/tokenize_and_classify_embedded_android.far" ...
I/patts   (10139): [grm-manager.h:57] Loading FST archive from "voices/en-us-x-sfg-phone-hmm/tokenize_and_classify_embedded_android.far" ...
D/libEGL  (13334): loaded /vendor/lib/egl/libEGL_POWERVR_SGX540_120.so
I/patts   (10139): [android_project_file.cc:35] Loading "voices/en-us-x-sfg-phone-hmm/textnorm_params_embedded.pb" ...
D/libEGL  (13334): loaded /vendor/lib/egl/libGLESv1_CM_POWERVR_SGX540_120.so
D/libEGL  (13334): loaded /vendor/lib/egl/libGLESv2_POWERVR_SGX540_120.so
D/OpenGLRenderer(13334): Enabling debug mode 0
I/TextToSpeech(13334): Connected to ComponentInfo{com.google.android.tts/com.google.android.tts.service.GoogleTTSService}
D//SpiceServiceListenerNotifier.java:33(13334): 19:13:06.679 main Message Queue starting
D//SpiceManager.java:1086(13334): 19:13:06.680 main Bound to service : JacksonSpringAndroidSpiceService
D//SpiceManager.java:1243(13334): 19:13:06.683 SpiceManagerThread 0 Bound ok.
W/IInputConnectionWrapper(28594): showStatusIcon on inactive InputConnection
I/TextToSpeech(13334): Set up connection to ComponentInfo{com.google.android.tts/com.google.android.tts.service.GoogleTTSService}
I/com.digiburo.mellow.heeler.lib.service.AudioService(13334): onInit:0
I/com.digiburo.mellow.heeler.lib.service.AudioService(13334): onInit success
I/ActivityManager(  375): Displayed com.digiburo.mellow.heeler/.app.MainActivity: +703ms
I/patts   (10139): [android_project_file.cc:35] Loading "voices/en-us-x-sfg-phone-hmm/resolve_homographs_simple_us.pb" ...
I/patts   (10139): [android_project_file.cc:35] Loading "voices/en-us-x-sfg-phone-hmm/mapping_grammar_android.far" ...
I/patts   (10139): [grm-manager.h:57] Loading FST archive from "voices/en-us-x-sfg-phone-hmm/mapping_grammar_android.far" ...
I/patts   (10139): [android_project_file.cc:35] Loading "voices/en-us-x-sfg-phone-hmm/roman_numeral_contexts.pb" ...
I/patts   (10139): [android_project_file.cc:35] Loading "voices/en-us-x-sfg-phone-hmm/roman_numeral_android.far" ...
I/patts   (10139): [grm-manager.h:57] Loading FST archive from "voices/en-us-x-sfg-phone-hmm/roman_numeral_android.far" ...
I/patts   (10139): [android_project_file.cc:35] Loading "voices/en-us-x-sfg-phone-hmm/verbalize_android.far" ...
I/patts   (10139): [grm-manager.h:57] Loading FST archive from "voices/en-us-x-sfg-phone-hmm/verbalize_android.far" ...
I/patts   (10139): [android_project_file.cc:35] Loading "voices/en-us-x-sfg-phone-hmm/textnorm_params_embedded.pb" ...
I/patts   (10139): [android_project_file.cc:35] Loading "voices/en-us-x-sfg-phone-hmm/resolve_homographs_simple_us.pb" ...
I/patts   (10139): [android_project_file.cc:35] Loading "voices/en-us-x-sfg-phone-hmm/g2p_m3_syls0_stress0_en-US.fst" ...
I/patts   (10139): [compact_fst.cc:31] Loading FST from "voices/en-us-x-sfg-phone-hmm/g2p_m3_syls0_stress0_en-US.fst" ...
I/patts   (10139): [decoder_impl.cc:78] g2p FST: 55 graphemes, 41 phonemes (with special symbols)
I/patts   (10139): [android_project_file.cc:35] Loading "voices/en-us-x-sfg-phone-hmm/engine_hmm_22050_ap-embedded_lsp.cfg" ...
I/patts   (10139): [embedded_hmm_synthesizer.cc:21] Embedded HMM synthesizer initialized.
I/patts   (10139): [android_project_file.cc:35] Loading "voices/en-us-x-sfg-phone-hmm/phonology.cfg" ...
I/patts   (10139): [android_project_file.cc:35] Loading "voices/en-us-x-sfg-phone-hmm/compile_hmm_phoneme.cfg" ...
I/patts   (10139): [android_project_file.cc:35] Loading "voices/en-us-x-sfg-phone-hmm/engine_hmm_22050_ap-embedded_lsp.cfg" ...
I/patts   (10139): [android_project_file.cc:35] Loading "voices/en-us-x-sfg-phone-hmm/patts1_hmm_voice_en_us_sfg_all_22050_phoneme_lsp_swop_ap_msd_bin_8bit.voice" ...
I/com.digiburo.mellow.heeler.lib.service.ProgressListener(13334): utteranceProgressListener.onStart:2718
I/com.digiburo.mellow.heeler.lib.service.ProgressListener(13334): utteranceProgressListener.onDone:2718
D/Finsky  ( 9624): [1] 5.onFinished: Installation state replication succeeded.
D/ConnectivityService(  375): Captive portal check NetworkInfo: type: WIFI[], state: CONNECTING/CAPTIVE_PORTAL_CHECK, reason: (unspecified), extra: "braingang1", roaming: false, failover: false, isAvailable: true
D/ConnectivityService(  375): ConnectivityChange for WIFI: CONNECTED/CONNECTED
D/ConnectivityService(  375): handleConnectivityChange: address are the same reset per doReset linkProperty[1]: resetMask=0
D/Nat464Xlat(  375): requiresClat: netType=1, hasIPv4Address=true
D/ConnectivityService(  375): NetTransition Wakelock for ConnectedState released by timeout
D/Tethering(  375): MasterInitialState.processMessage what=3
I/PinnedContentDownloader(11944): Started downloading pinned content.
I/PinnedContentDownloader(11944): Finished downloading pinned content.
I/ActivityManager(  375): Start proc com.android.mms for broadcast com.android.mms/.transaction.MmsSystemEventReceiver: pid=13381 uid=10036 gids={50036, 3003, 1015, 1028}
D/CountryDetector(  375): The first listener is added
V/MmsConfig(13381): mnc/mcc: 
V/MmsConfig(13381): tag: bool value: enabledMMS - true
V/MmsConfig(13381): tag: int value: maxMessageSize - 307200
V/MmsConfig(13381): tag: int value: maxImageHeight - 480
V/MmsConfig(13381): tag: int value: maxImageWidth - 640
V/MmsConfig(13381): tag: int value: defaultSMSMessagesPerThread - 500
V/MmsConfig(13381): tag: int value: defaultMMSMessagesPerThread - 50
V/MmsConfig(13381): tag: int value: minMessageCountPerThread - 10
V/MmsConfig(13381): tag: int value: maxMessageCountPerThread - 5000
V/MmsConfig(13381): tag: string value: uaProfUrl - http://wap.samsungmobile.com/uaprof/galaxynexus.xml
V/MmsConfig(13381): tag: int value: recipientLimit - -1
V/MmsConfig(13381): tag: bool value: enableSlideDuration - true
V/MmsConfig(13381): tag: int value: maxMessageTextSize - -1
V/MmsConfig(13381): tag: string value: userAgent - GalaxyNexus
I/ActivityManager(  375): Start proc com.google.android.apps.walletnfcrel for broadcast com.google.android.apps.walletnfcrel/com.google.android.apps.wallet.util.WalletNetworkAccessReceiver: pid=13402 uid=10057 gids={50057, 3003, 1028}
I/ActivityManager(  375): No longer want com.google.android.keep (pid 11911): empty #17
I/SystemUpdateService(  791): acquiring wakelock
I/SystemUpdateService(  791): onCreate
I/SystemUpdateService(  791): cancelUpdate (empty URL)
I/SystemUpdateService(  791): cancelUpdate (empty URL)
D/GCM     (  675): GcmService start Intent { act=android.net.conn.CONNECTIVITY_CHANGE flg=0x8000010 cmp=com.google.android.gms/.gcm.GcmService (has extras) } android.net.conn.CONNECTIVITY_CHANGE
I/SystemUpdateService(  791): releasing wakelock
V/SmsReceiverService(13381): onStart: #1 mResultCode: -1 = Activity.RESULT_OK
D/dalvikvm(13381): GC_CONCURRENT freed 210K, 3% free 9042K/9292K, paused 3ms+1ms, total 24ms
D/ConnectivityService(  375): handleInetConditionHoldEnd: net=1, condition=100, published condition=0
D/GCM     (  675): Message class jwi
D/ConnectivityService(  375): handleInetConditionHoldEnd: net=1, condition=100, published condition=100
D/AndroidRuntime(13423): 
D/AndroidRuntime(13423): >>>>>> AndroidRuntime START com.android.internal.os.RuntimeInit <<<<<<
D/AndroidRuntime(13423): CheckJNI is OFF
D/dalvikvm(13423): Trying to load lib libjavacore.so 0x0
D/dalvikvm(13423): Added shared lib libjavacore.so 0x0
D/dalvikvm(13423): Trying to load lib libnativehelper.so 0x0
D/dalvikvm(13423): Added shared lib libnativehelper.so 0x0
D/AndroidRuntime(13423): Calling main entry com.android.commands.pm.Pm
W/ActivityManager(  375): No content provider found for permission revoke: file:///data/local/tmp/com.digiburo.mellow.heeler
W/ActivityManager(  375): No content provider found for permission revoke: file:///data/local/tmp/com.digiburo.mellow.heeler
I/PackageManager(  375): Copying native libraries to /data/app-lib/vmdl1045828723
D/dalvikvm(  375): GC_CONCURRENT freed 4065K, 37% free 25170K/39396K, paused 4ms+10ms, total 111ms
D/dalvikvm(  375): WAIT_FOR_CONCURRENT_GC blocked 93ms
D/dalvikvm(  375): GC_CONCURRENT freed 4138K, 37% free 25099K/39396K, paused 4ms+9ms, total 97ms
I/patts   (10139): [jni_text_analysis_api.cc:337] jni: deleting text normalizer ...
I/ActivityManager(  375): Force stopping package com.digiburo.mellow.heeler appid=10075 user=-1
I/ActivityManager(  375): Killing proc 13334:com.digiburo.mellow.heeler/u0a10075: force stop com.digiburo.mellow.heeler
W/ActivityManager(  375): Scheduling restart of crashed service com.digiburo.mellow.heeler/.lib.service.AudioService in 5000ms
W/ActivityManager(  375): Scheduling restart of crashed service com.digiburo.mellow.heeler/com.octo.android.robospice.JacksonSpringAndroidSpiceService in 14999ms
W/ActivityManager(  375): Force removing ActivityRecord{423a26f0 u0 com.digiburo.mellow.heeler/.app.MainActivity}: app died, no saved state
I/ActivityManager(  375):   Force stopping service ServiceRecord{42884780 u0 com.digiburo.mellow.heeler/.lib.service.AudioService}
I/ActivityManager(  375):   Force stopping service ServiceRecord{42804150 u0 com.digiburo.mellow.heeler/com.octo.android.robospice.JacksonSpringAndroidSpiceService}
I/patts   (10139): [jni_synthesizer_api.cc:92] jni: deleting synthesizer ...
I/patts   (10139): [jni_project_file_api.cc:110] jni: deleting project file ...
I/patts   (10139): [jni_project_file_api.cc:123] jni: deleting project resource holder ...
I/WindowState(  375): WIN DEATH: Window{424c7510 u0 com.digiburo.mellow.heeler/com.digiburo.mellow.heeler.app.MainActivity}
I/PackageManager(  375): Package com.digiburo.mellow.heeler codePath changed from /data/app/com.digiburo.mellow.heeler-2.apk to /data/app/com.digiburo.mellow.heeler-1.apk; Retaining data and using new
I/ActivityManager(  375): No longer want com.google.android.calendar (pid 11777): empty #17
I/PackageManager(  375): Running dexopt on: com.digiburo.mellow.heeler
W/InputMethodManagerService(  375): Got RemoteException sending setActive(false) notification to pid 13334 uid 10075
D/dalvikvm(13433): DexOpt: load 234ms, verify+opt 1684ms, 4144436 bytes
W/PackageManager(  375): Code path for pkg : com.digiburo.mellow.heeler changing from /data/app/com.digiburo.mellow.heeler-2.apk to /data/app/com.digiburo.mellow.heeler-1.apk
W/PackageManager(  375): Resource path for pkg : com.digiburo.mellow.heeler changing from /data/app/com.digiburo.mellow.heeler-2.apk to /data/app/com.digiburo.mellow.heeler-1.apk
I/ActivityManager(  375): Force stopping package com.digiburo.mellow.heeler appid=10075 user=-1
W/PackageManager(  375): Not granting permission android.permission.SEND_DOWNLOAD_COMPLETED_INTENTS to package com.google.android.browser (protectionLevel=2 flags=0x89be45)
W/PackageManager(  375): Unknown permission android.permission.ADD_SYSTEM_SERVICE in package com.android.phone
W/PackageManager(  375): Unknown permission com.android.smspush.WAPPUSH_MANAGER_BIND in package com.android.phone
W/PackageManager(  375): Unknown permission com.android.nfc.permission.NFCEE_ADMIN in package com.google.android.apps.walletnfcrel
W/PackageManager(  375): Unknown permission com.android.vending.billing.IBillingAccountService.BIND2 in package com.google.android.gsf.login
W/PackageManager(  375): Unknown permission com.android.chrome.TOS_ACKED in package com.google.android.gsf.login
W/PackageManager(  375): Unknown permission com.android.gallery3d.permission.GALLERY_PROVIDER in package com.android.bluetooth
W/PackageManager(  375): Not granting permission android.permission.BROADCAST_PACKAGE_REMOVED to package com.google.android.marvin.talkback (protectionLevel=2 flags=0xc9bec5)
W/PackageManager(  375): Not granting permission android.permission.DEVICE_POWER to package com.google.android.deskclock (protectionLevel=2 flags=0xc8be45)
W/PackageManager(  375): Unknown permission android.permission.RECOVERY in package com.google.android.gms
W/PackageManager(  375): Not granting permission android.permission.READ_DREAM_STATE to package com.google.android.gms (protectionLevel=2 flags=0xc83ec5)
W/PackageManager(  375): Not granting permission android.permission.GET_APP_OPS_STATS to package com.google.android.gms (protectionLevel=50 flags=0xc83ec5)
W/PackageManager(  375): Not granting permission android.permission.UPDATE_APP_OPS_STATS to package com.google.android.gms (protectionLevel=18 flags=0xc83ec5)
W/PackageManager(  375): Unknown permission android.permission.CAPTURE_AUDIO_HOTWORD in package com.google.android.gms
W/PackageManager(  375): Unknown permission android.permission.ACCESS_NETWORK_CONDITIONS in package com.google.android.gms
W/PackageManager(  375): Unknown permission android.permission.MANAGE_DEVICE_ADMINS in package com.google.android.gms
W/PackageManager(  375): Not granting permission android.permission.MODIFY_PHONE_STATE to package com.google.android.gms (protectionLevel=18 flags=0xc83ec5)
W/PackageManager(  375): Not granting permission android.permission.MANAGE_USB to package com.google.android.gms (protectionLevel=18 flags=0xc83ec5)
W/PackageManager(  375): Not granting permission android.permission.CALL_PRIVILEGED to package com.google.android.gms (protectionLevel=18 flags=0xc83ec5)
W/PackageManager(  375): Unknown permission android.permission.BLUETOOTH_PRIVILEGED in package com.google.android.gms
W/PackageManager(  375): Unknown permission android.permission.CAPTURE_AUDIO_OUTPUT in package com.google.android.gms
W/PackageManager(  375): Unknown permission android.permission.CAPTURE_VIDEO_OUTPUT in package com.google.android.gms
W/PackageManager(  375): Unknown permission android.permission.CAPTURE_SECURE_VIDEO_OUTPUT in package com.google.android.gms
W/PackageManager(  375): Not granting permission android.permission.READ_FRAME_BUFFER to package com.google.android.gms (protectionLevel=18 flags=0xc83ec5)
W/PackageManager(  375): Unknown permission com.google.android.wearable.READ_SETTINGS in package com.google.android.gms
W/PackageManager(  375): Unknown permission android.permission.READ_OWNER_DATA in package com.google.android.setupwizard
W/PackageManager(  375): Unknown permission android.permission.WRITE_OWNER_DATA in package com.google.android.setupwizard
W/PackageManager(  375): Unknown permission android.permission.MEDIA_CONTENT_CONTROL in package com.google.android.googlequicksearchbox
W/PackageManager(  375): Unknown permission com.google.android.apps.googlevoice.permission.AUTO_SEND in package com.google.android.googlequicksearchbox
W/PackageManager(  375): Unknown permission com.android.chrome.PRERENDER_URL in package com.google.android.googlequicksearchbox
W/PackageManager(  375): Unknown permission android.permission.CAPTURE_AUDIO_HOTWORD in package com.google.android.googlequicksearchbox
W/PackageManager(  375): Not granting permission android.permission.STOP_APP_SWITCHES to package com.google.android.googlequicksearchbox (protectionLevel=18 flags=0xdbbec5)
W/PackageManager(  375): Not granting permission android.permission.STATUS_BAR to package com.google.android.googlequicksearchbox (protectionLevel=18 flags=0xdbbec5)
W/PackageManager(  375): Unknown permission com.google.android.launcher.permission.CONTENT_REDIRECT in package com.google.android.googlequicksearchbox
W/PackageManager(  375): Not granting permission android.permission.BIND_APPWIDGET to package com.google.android.googlequicksearchbox (protectionLevel=18 flags=0xdbbec5)
W/PackageManager(  375): Not granting permission android.permission.SEND_DOWNLOAD_COMPLETED_INTENTS to package com.android.vending (protectionLevel=2 flags=0x8abec5)
W/PackageManager(  375): Not granting permission android.permission.WRITE_SECURE_SETTINGS to package com.android.vending (protectionLevel=50 flags=0x8abec5)
W/PackageManager(  375): Not granting permission android.permission.FORCE_STOP_PACKAGES to package com.android.vending (protectionLevel=2 flags=0x8abec5)
W/PackageManager(  375): Unknown permission android.permission.MANAGE_DOCUMENTS in package com.google.android.youtube
W/PackageManager(  375): Not granting permission android.permission.READ_DREAM_STATE to package com.google.android.gsf (protectionLevel=2 flags=0x883e45)
W/PackageManager(  375): Unknown permission com.digiburo.mellow.heeler.permission.MAPS_RECEIVE in package com.digiburo.mellow.heeler
I/ActivityManager(  375): Force stopping package com.digiburo.mellow.heeler appid=10075 user=0
D/dalvikvm(28594): GC_EXPLICIT freed 269K, 6% free 17084K/18060K, paused 6ms+8ms, total 73ms
D/dalvikvm(  637): GC_EXPLICIT freed 251K, 18% free 19003K/23056K, paused 2ms+6ms, total 56ms
D/dalvikvm(30683): GC_CONCURRENT freed 138K, 63% free 11929K/32104K, paused 4ms+4ms, total 104ms
D/dalvikvm( 1101): GC_EXPLICIT freed 189K, 8% free 10112K/10984K, paused 2ms+3ms, total 85ms
D/dalvikvm( 9581): GC_EXPLICIT freed 312K, 5% free 9208K/9692K, paused 2ms+4ms, total 69ms
I/InputReader(  375): Reconfiguring input devices.  changes=0x00000010
I/InputReader(  375): Reconfiguring input devices.  changes=0x00000010
D/BackupManagerService(  375): Received broadcast Intent { act=android.intent.action.PACKAGE_REMOVED dat=package:com.digiburo.mellow.heeler flg=0x8000010 (has extras) }
D/BackupManagerService(  375): Received broadcast Intent { act=android.intent.action.PACKAGE_ADDED dat=package:com.digiburo.mellow.heeler flg=0x8000010 (has extras) }
V/BackupManagerService(  375): removePackageParticipantsLocked: uid=10075 #1
I/Launcher(  637): Deferring update until onResume
W/ContextImpl(13157): Calling a method in the system process without a qualified user: android.app.ContextImpl.startService:1385 android.content.ContextWrapper.startService:473 android.content.ContextWrapper.startService:473 com.android.keychain.KeyChainBroadcastReceiver.onReceive:12 android.app.ActivityThread.handleReceiver:2424 
V/BackupManagerService(  375): addPackageParticipantsLocked: #1
D/dalvikvm(  600): GC_CONCURRENT freed 365K, 6% free 9774K/10340K, paused 2ms+2ms, total 165ms
I/Launcher(  637): Deferring update until onResume
D/PackageBroadcastService(  791): Received broadcast action=android.intent.action.PACKAGE_REMOVED and uri=com.digiburo.mellow.heeler
I/InternalIcingCorporaPro( 1101): Updating corpora: APPS=com.digiburo.mellow.heeler, CONTACTS=MAYBE
D/PackageBroadcastService(  791): Received broadcast action=android.intent.action.PACKAGE_ADDED and uri=com.digiburo.mellow.heeler
D/PackageAddedReceiver(  675): package added com.digiburo.mellow.heeler
I/InternalIcingCorporaPro( 1101): UpdateCorporaTask done [took 76 ms] updated apps [took 76 ms] 
I/PeopleContactsSync(  791): CP2 sync disabled
D/dalvikvm(  791): GC_CONCURRENT freed 482K, 6% free 10683K/11276K, paused 2ms+40ms, total 74ms
D/PackageBroadcastService(  791): Received broadcast action=android.intent.action.PACKAGE_REPLACED and uri=com.digiburo.mellow.heeler
I/PeopleContactsSync(  791): CP2 sync disabled
D/dalvikvm(  375): GC_EXPLICIT freed 1501K, 36% free 25215K/39396K, paused 16ms+18ms, total 308ms
D/AndroidRuntime(13423): Shutting down VM
D/jdwp    (13423): Got wake-up signal, bailing out of select
D/dalvikvm(13423): Debugger has detached; object registry had 1 entries
D/dalvikvm( 7818): GC_CONCURRENT freed 385K, 5% free 8895K/9324K, paused 2ms+1ms, total 13ms
D/AndroidRuntime(13456): 
D/AndroidRuntime(13456): >>>>>> AndroidRuntime START com.android.internal.os.RuntimeInit <<<<<<
D/AndroidRuntime(13456): CheckJNI is OFF
D/dalvikvm(13456): Trying to load lib libjavacore.so 0x0
D/dalvikvm(13456): Added shared lib libjavacore.so 0x0
D/dalvikvm(13456): Trying to load lib libnativehelper.so 0x0
D/dalvikvm(13456): Added shared lib libnativehelper.so 0x0
D/AndroidRuntime(13456): Calling main entry com.android.commands.am.Am
D/dalvikvm(13456): Note: class Landroid/app/ActivityManagerNative; has 163 unimplemented (abstract) methods
I/ActivityManager(  375): START u0 {act=android.intent.action.MAIN cat=[android.intent.category.LAUNCHER] flg=0x10000000 cmp=com.digiburo.mellow.heeler/.app.MainActivity} from pid 13456
D/AndroidRuntime(13456): Shutting down VM
I/ActivityManager(  375): Start proc com.digiburo.mellow.heeler for activity com.digiburo.mellow.heeler/.app.MainActivity: pid=13466 uid=10075 gids={50075, 3003, 1015, 1028}
D/dalvikvm(13466): Late-enabling CheckJNI
D/jdwp    (13456): Got wake-up signal, bailing out of select
D/dalvikvm(13456): Debugger has detached; object registry had 1 entries
D//SpiceManager.java:212(13466): 19:14:03.259 main SpiceManager started.
D/dalvikvm(13466): GC_FOR_ALLOC freed 290K, 4% free 9085K/9412K, paused 19ms, total 20ms
V//SpiceManager.java:1183(13466): 19:14:03.264 SpiceManagerThread 0 Binding to service.
V//SpiceManager.java:1189(13466): 19:14:03.288 SpiceManagerThread 0 Binding to service succeeded.
D//SpiceManager.java:1236(13466): 19:14:03.289 SpiceManagerThread 0 Waiting for service to be bound.
D/com.digiburo.mellow.heeler.app.ConsoleFragment(13466): start collection false
D/com.digiburo.mellow.heeler.app.ConsoleFragment(13466): start collection false
D//SpiceService.java:127(13466): 19:14:03.380 main SpiceService instance created.
D/com.digiburo.mellow.heeler.lib.service.AudioService(13466): xxx xxx onCreate xxx xxx
D/dalvikvm(13466): GC_FOR_ALLOC freed 240K, 3% free 9359K/9636K, paused 16ms, total 16ms
I/GoogleTTSService(10139): Creating Google TTS service, version 3.1.3.1162895
I/TextToSpeech(13466): Sucessfully bound to com.google.android.tts
D/com.digiburo.mellow.heeler.lib.service.AudioService(13466): xxx xxx onStart xxx xxx
W/TextToSpeech(13466): speak failed: not bound to TTS engine
V//SpiceService.java:442(13466): 19:14:03.472 main Pending requests : 0
D/dalvikvm(10139): Trying to load lib /data/app-lib/com.google.android.tts-2/libpatts_engine_jni_api_ub.210030103.so 0x4200af80
D/dalvikvm(10139): Shared lib '/data/app-lib/com.google.android.tts-2/libpatts_engine_jni_api_ub.210030103.so' already loaded in same CL 0x4200af80
I/patts   (10139): Loading project file (apk mode is true,assets from com.google.android.tts) ...
V//SpiceService.java:444(13466): 19:14:03.477 main Stop foreground
I/patts   (10139): [android_project_file.cc:35] Loading "voices/en-us-x-sfg-phone-hmm/phonology.cfg" ...
I/patts   (10139): [android_project_file.cc:35] Loading "voices/en-us-x-sfg-phone-hmm/compressed_lexicon_en_us.blex" ...
D/dalvikvm(10139): GC_CONCURRENT freed 446K, 6% free 9333K/9904K, paused 2ms+2ms, total 46ms
D/libEGL  (13466): loaded /vendor/lib/egl/libEGL_POWERVR_SGX540_120.so
D/libEGL  (13466): loaded /vendor/lib/egl/libGLESv1_CM_POWERVR_SGX540_120.so
D/libEGL  (13466): loaded /vendor/lib/egl/libGLESv2_POWERVR_SGX540_120.so
I/patts   (10139): [android_project_file.cc:35] Loading "voices/en-us-x-sfg-phone-hmm/phonology.pb" ...
I/patts   (10139): [android_project_file.cc:35] Loading "voices/en-us-x-sfg-phone-hmm/rewrite_android.far" ...
I/patts   (10139): [grm-manager.h:57] Loading FST archive from "voices/en-us-x-sfg-phone-hmm/rewrite_android.far" ...
I/patts   (10139): [android_project_file.cc:35] Loading "voices/en-us-x-sfg-phone-hmm/tokenize_and_classify_embedded_android.far" ...
I/patts   (10139): [grm-manager.h:57] Loading FST archive from "voices/en-us-x-sfg-phone-hmm/tokenize_and_classify_embedded_android.far" ...
D/OpenGLRenderer(13466): Enabling debug mode 0
D//SpiceServiceListenerNotifier.java:33(13466): 19:14:03.684 main Message Queue starting
D//SpiceManager.java:1086(13466): 19:14:03.686 main Bound to service : JacksonSpringAndroidSpiceService
I/TextToSpeech(13466): Connected to ComponentInfo{com.google.android.tts/com.google.android.tts.service.GoogleTTSService}
D//SpiceManager.java:1243(13466): 19:14:03.688 SpiceManagerThread 0 Bound ok.
W/IInputConnectionWrapper(28594): showStatusIcon on inactive InputConnection
I/TextToSpeech(13466): Set up connection to ComponentInfo{com.google.android.tts/com.google.android.tts.service.GoogleTTSService}
I/patts   (10139): [android_project_file.cc:35] Loading "voices/en-us-x-sfg-phone-hmm/textnorm_params_embedded.pb" ...
I/com.digiburo.mellow.heeler.lib.service.AudioService(13466): onInit:0
I/com.digiburo.mellow.heeler.lib.service.AudioService(13466): onInit success
I/ActivityManager(  375): Displayed com.digiburo.mellow.heeler/.app.MainActivity: +729ms
I/patts   (10139): [android_project_file.cc:35] Loading "voices/en-us-x-sfg-phone-hmm/resolve_homographs_simple_us.pb" ...
I/patts   (10139): [android_project_file.cc:35] Loading "voices/en-us-x-sfg-phone-hmm/mapping_grammar_android.far" ...
I/patts   (10139): [grm-manager.h:57] Loading FST archive from "voices/en-us-x-sfg-phone-hmm/mapping_grammar_android.far" ...
I/patts   (10139): [android_project_file.cc:35] Loading "voices/en-us-x-sfg-phone-hmm/roman_numeral_contexts.pb" ...
I/patts   (10139): [android_project_file.cc:35] Loading "voices/en-us-x-sfg-phone-hmm/roman_numeral_android.far" ...
I/patts   (10139): [grm-manager.h:57] Loading FST archive from "voices/en-us-x-sfg-phone-hmm/roman_numeral_android.far" ...
I/patts   (10139): [android_project_file.cc:35] Loading "voices/en-us-x-sfg-phone-hmm/verbalize_android.far" ...
I/patts   (10139): [grm-manager.h:57] Loading FST archive from "voices/en-us-x-sfg-phone-hmm/verbalize_android.far" ...
I/patts   (10139): [android_project_file.cc:35] Loading "voices/en-us-x-sfg-phone-hmm/textnorm_params_embedded.pb" ...
I/patts   (10139): [android_project_file.cc:35] Loading "voices/en-us-x-sfg-phone-hmm/resolve_homographs_simple_us.pb" ...
I/patts   (10139): [android_project_file.cc:35] Loading "voices/en-us-x-sfg-phone-hmm/g2p_m3_syls0_stress0_en-US.fst" ...
I/patts   (10139): [compact_fst.cc:31] Loading FST from "voices/en-us-x-sfg-phone-hmm/g2p_m3_syls0_stress0_en-US.fst" ...
I/patts   (10139): [decoder_impl.cc:78] g2p FST: 55 graphemes, 41 phonemes (with special symbols)
I/patts   (10139): [android_project_file.cc:35] Loading "voices/en-us-x-sfg-phone-hmm/engine_hmm_22050_ap-embedded_lsp.cfg" ...
I/patts   (10139): [embedded_hmm_synthesizer.cc:21] Embedded HMM synthesizer initialized.
I/patts   (10139): [android_project_file.cc:35] Loading "voices/en-us-x-sfg-phone-hmm/phonology.cfg" ...
I/patts   (10139): [android_project_file.cc:35] Loading "voices/en-us-x-sfg-phone-hmm/compile_hmm_phoneme.cfg" ...
I/patts   (10139): [android_project_file.cc:35] Loading "voices/en-us-x-sfg-phone-hmm/engine_hmm_22050_ap-embedded_lsp.cfg" ...
I/patts   (10139): [android_project_file.cc:35] Loading "voices/en-us-x-sfg-phone-hmm/patts1_hmm_voice_en_us_sfg_all_22050_phoneme_lsp_swop_ap_msd_bin_8bit.voice" ...
I/com.digiburo.mellow.heeler.lib.service.ProgressListener(13466): utteranceProgressListener.onStart:2719
I/com.digiburo.mellow.heeler.lib.service.ProgressListener(13466): utteranceProgressListener.onDone:2719
D/Finsky  ( 9624): [1] 5.onFinished: Installation state replication succeeded.
D/dalvikvm( 9624): GC_CONCURRENT freed 1093K, 8% free 13429K/14572K, paused 4ms+3ms, total 73ms
V/DigitalWidgetViewsFactory(13697): DigitalWidget sets next alarm string to null
I/EventLogService(  791): Aggregate from 1403109957672 (log), 1403109957672 (data)
I/ServiceDumpSys(  791): dumping service [account]
I/ActivityManager(  375): No longer want com.android.providers.calendar (pid 11795): empty for 1801s
D/dalvikvm(13697): GC_CONCURRENT freed 1974K, 12% free 15051K/17064K, paused 4ms+3ms, total 51ms
I/ActivityManager(  375): Start proc com.android.providers.calendar for broadcast com.android.providers.calendar/.CalendarReceiver: pid=13491 uid=10007 gids={50007, 3003, 1015, 1028}
D/dalvikvm(  125): GC_EXPLICIT freed 40K, 1% free 8863K/8944K, paused 5ms+3ms, total 37ms
D/dalvikvm(  125): GC_EXPLICIT freed <1K, 1% free 8863K/8944K, paused 2ms+4ms, total 27ms
D/dalvikvm(  125): GC_EXPLICIT freed <1K, 1% free 8863K/8944K, paused 2ms+3ms, total 26ms
I/CalendarProvider2(13491): Sending notification intent: Intent { act=android.intent.action.PROVIDER_CHANGED dat=content://com.android.calendar }
W/ContentResolver(13491): Failed to get type for: content://com.android.calendar (Unknown URL content://com.android.calendar)
I/ActivityManager(  375): Start proc com.google.android.calendar for broadcast com.google.android.calendar/com.android.calendar.alerts.AlertReceiver: pid=13505 uid=10006 gids={50006, 3003, 1028}
D/AlertReceiver(13505): onReceive: a=android.intent.action.PROVIDER_CHANGED Intent { act=android.intent.action.PROVIDER_CHANGED dat=content://com.android.calendar flg=0x10 cmp=com.google.android.calendar/com.android.calendar.alerts.AlertReceiver }
D/AlertService(13505): 0 Action = android.intent.action.PROVIDER_CHANGED
D/AlertService(13505): Beginning updateAlertNotification
D/AlertService(13505): No fired or scheduled alerts
D/AlertService(13505): Scheduling next alarm with AlarmScheduler. sEventReminderReceived: null
I/dalvikvm(13505): Could not find method android.app.AlarmManager.setExact, referenced from method com.android.calendar.alerts.AlertUtils$1.set
W/dalvikvm(13505): VFY: unable to resolve virtual method 87: Landroid/app/AlarmManager;.setExact (IJLandroid/app/PendingIntent;)V
D/dalvikvm(13505): VFY: replacing opcode 0x6e at 0x0008
D/AlarmScheduler(13505): No events found starting within 1 week.
I/ActivityManager(  375): No longer want com.google.android.gsf.login (pid 11287): empty #17
I/ActivityManager(  375): No longer want com.google.android.apps.uploader (pid 10712): empty #17
I/ActivityManager(  375): No longer want android.process.media (pid 4525): empty #18
