W/ActivityManager(  375): Scheduling restart of crashed service com.android.providers.media/.MtpService in 5000ms
I/ActivityManager(  375): Start proc android.process.media for service com.android.providers.media/.MtpService: pid=13529 uid=10013 gids={50013, 1015, 1023, 1024, 1028, 2001, 3003, 3007}
D/MtpService(13529): updating state; isCurrentUser=true, mMtpLocked=false
D/MtpService(13529): addStorageLocked 65537 /storage/emulated/0
D/MtpService(13529): updating state; isCurrentUser=true, mMtpLocked=false
D/MtpService(13529): starting MTP server in MTP mode
D/MtpService(13529): addStorageLocked 65537 /storage/emulated/0
D/dalvikvm(13529): GC_CONCURRENT freed 203K, 3% free 9052K/9296K, paused 2ms+2ms, total 21ms
D/dalvikvm(  496): GC_CONCURRENT freed 946K, 31% free 12051K/17272K, paused 5ms+5ms, total 41ms
D/GCM     (  675): Message class jwi
D/ConnectivityService(  375): handleInetConditionHoldEnd: net=1, condition=100, published condition=100
V/DigitalWidgetViewsFactory(13697): DigitalWidget sets next alarm string to null
D/AndroidRuntime(13550): 
D/AndroidRuntime(13550): >>>>>> AndroidRuntime START com.android.internal.os.RuntimeInit <<<<<<
D/AndroidRuntime(13550): CheckJNI is OFF
D/dalvikvm(13550): Trying to load lib libjavacore.so 0x0
D/dalvikvm(13550): Added shared lib libjavacore.so 0x0
D/dalvikvm(13550): Trying to load lib libnativehelper.so 0x0
D/dalvikvm(13550): Added shared lib libnativehelper.so 0x0
D/AndroidRuntime(13550): Calling main entry com.android.commands.pm.Pm
W/ActivityManager(  375): No content provider found for permission revoke: file:///data/local/tmp/com.digiburo.mellow.heeler
W/ActivityManager(  375): No content provider found for permission revoke: file:///data/local/tmp/com.digiburo.mellow.heeler
I/PackageManager(  375): Copying native libraries to /data/app-lib/vmdl-2054033221
D/dalvikvm(  375): JIT code cache reset in 8 ms (1048568 bytes 38/0)
D/dalvikvm(  375): GC_CONCURRENT freed 4376K, 37% free 24929K/39396K, paused 4ms+23ms, total 162ms
D/dalvikvm(  375): WAIT_FOR_CONCURRENT_GC blocked 159ms
D/dalvikvm(  375): GC_CONCURRENT freed 3961K, 37% free 24993K/39396K, paused 5ms+10ms, total 132ms
D/dalvikvm(  375): WAIT_FOR_CONCURRENT_GC blocked 121ms
I/patts   (10139): [jni_text_analysis_api.cc:337] jni: deleting text normalizer ...
I/ActivityManager(  375): Force stopping package com.digiburo.mellow.heeler appid=10075 user=-1
I/ActivityManager(  375): Killing proc 13466:com.digiburo.mellow.heeler/u0a10075: force stop com.digiburo.mellow.heeler
W/ActivityManager(  375): Scheduling restart of crashed service com.digiburo.mellow.heeler/.lib.service.AudioService in 5000ms
W/ActivityManager(  375): Scheduling restart of crashed service com.digiburo.mellow.heeler/com.octo.android.robospice.JacksonSpringAndroidSpiceService in 14999ms
W/ActivityManager(  375): Force removing ActivityRecord{424d82e0 u0 com.digiburo.mellow.heeler/.app.MainActivity}: app died, no saved state
I/ActivityManager(  375):   Force stopping service ServiceRecord{42728640 u0 com.digiburo.mellow.heeler/.lib.service.AudioService}
I/ActivityManager(  375):   Force stopping service ServiceRecord{42899f90 u0 com.digiburo.mellow.heeler/com.octo.android.robospice.JacksonSpringAndroidSpiceService}
I/patts   (10139): [jni_synthesizer_api.cc:92] jni: deleting synthesizer ...
I/patts   (10139): [jni_project_file_api.cc:110] jni: deleting project file ...
I/patts   (10139): [jni_project_file_api.cc:123] jni: deleting project resource holder ...
I/WindowState(  375): WIN DEATH: Window{4282c2d0 u0 com.digiburo.mellow.heeler/com.digiburo.mellow.heeler.app.MainActivity}
I/PackageManager(  375): Package com.digiburo.mellow.heeler codePath changed from /data/app/com.digiburo.mellow.heeler-1.apk to /data/app/com.digiburo.mellow.heeler-2.apk; Retaining data and using new
I/ActivityManager(  375): No longer want com.google.android.apps.walletnfcrel (pid 13402): empty #17
I/PackageManager(  375): Running dexopt on: com.digiburo.mellow.heeler
W/InputMethodManagerService(  375): Got RemoteException sending setActive(false) notification to pid 13466 uid 10075
D/dalvikvm(13561): DexOpt: load 233ms, verify+opt 1699ms, 4145540 bytes
W/PackageManager(  375): Code path for pkg : com.digiburo.mellow.heeler changing from /data/app/com.digiburo.mellow.heeler-1.apk to /data/app/com.digiburo.mellow.heeler-2.apk
I/ActivityManager(  375): Force stopping package com.digiburo.mellow.heeler appid=10075 user=-1
W/PackageManager(  375): Resource path for pkg : com.digiburo.mellow.heeler changing from /data/app/com.digiburo.mellow.heeler-1.apk to /data/app/com.digiburo.mellow.heeler-2.apk
W/PackageManager(  375): Not granting permission android.permission.SEND_DOWNLOAD_COMPLETED_INTENTS to package com.google.android.browser (protectionLevel=2 flags=0x89be45)
W/PackageManager(  375): Unknown permission android.permission.ADD_SYSTEM_SERVICE in package com.android.phone
W/PackageManager(  375): Unknown permission com.android.smspush.WAPPUSH_MANAGER_BIND in package com.android.phone
W/PackageManager(  375): Unknown permission com.android.nfc.permission.NFCEE_ADMIN in package com.google.android.apps.walletnfcrel
W/PackageManager(  375): Unknown permission com.android.vending.billing.IBillingAccountService.BIND2 in package com.google.android.gsf.login
W/PackageManager(  375): Unknown permission com.android.chrome.TOS_ACKED in package com.google.android.gsf.login
W/PackageManager(  375): Unknown permission com.android.gallery3d.permission.GALLERY_PROVIDER in package com.android.bluetooth
W/PackageManager(  375): Not granting permission android.permission.BROADCAST_PACKAGE_REMOVED to package com.google.android.marvin.talkback (protectionLevel=2 flags=0xc9bec5)
W/PackageManager(  375): Not granting permission android.permission.DEVICE_POWER to package com.google.android.deskclock (protectionLevel=2 flags=0xc8be45)
W/PackageManager(  375): Unknown permission android.permission.RECOVERY in package com.google.android.gms
W/PackageManager(  375): Not granting permission android.permission.READ_DREAM_STATE to package com.google.android.gms (protectionLevel=2 flags=0xc83ec5)
W/PackageManager(  375): Not granting permission android.permission.GET_APP_OPS_STATS to package com.google.android.gms (protectionLevel=50 flags=0xc83ec5)
W/PackageManager(  375): Not granting permission android.permission.UPDATE_APP_OPS_STATS to package com.google.android.gms (protectionLevel=18 flags=0xc83ec5)
W/PackageManager(  375): Unknown permission android.permission.CAPTURE_AUDIO_HOTWORD in package com.google.android.gms
W/PackageManager(  375): Unknown permission android.permission.ACCESS_NETWORK_CONDITIONS in package com.google.android.gms
W/PackageManager(  375): Unknown permission android.permission.MANAGE_DEVICE_ADMINS in package com.google.android.gms
W/PackageManager(  375): Not granting permission android.permission.MODIFY_PHONE_STATE to package com.google.android.gms (protectionLevel=18 flags=0xc83ec5)
W/PackageManager(  375): Not granting permission android.permission.MANAGE_USB to package com.google.android.gms (protectionLevel=18 flags=0xc83ec5)
W/PackageManager(  375): Not granting permission android.permission.CALL_PRIVILEGED to package com.google.android.gms (protectionLevel=18 flags=0xc83ec5)
W/PackageManager(  375): Unknown permission android.permission.BLUETOOTH_PRIVILEGED in package com.google.android.gms
W/PackageManager(  375): Unknown permission android.permission.CAPTURE_AUDIO_OUTPUT in package com.google.android.gms
W/PackageManager(  375): Unknown permission android.permission.CAPTURE_VIDEO_OUTPUT in package com.google.android.gms
W/PackageManager(  375): Unknown permission android.permission.CAPTURE_SECURE_VIDEO_OUTPUT in package com.google.android.gms
W/PackageManager(  375): Not granting permission android.permission.READ_FRAME_BUFFER to package com.google.android.gms (protectionLevel=18 flags=0xc83ec5)
W/PackageManager(  375): Unknown permission com.google.android.wearable.READ_SETTINGS in package com.google.android.gms
W/PackageManager(  375): Unknown permission android.permission.READ_OWNER_DATA in package com.google.android.setupwizard
W/PackageManager(  375): Unknown permission android.permission.WRITE_OWNER_DATA in package com.google.android.setupwizard
W/PackageManager(  375): Unknown permission android.permission.MEDIA_CONTENT_CONTROL in package com.google.android.googlequicksearchbox
W/PackageManager(  375): Unknown permission com.google.android.apps.googlevoice.permission.AUTO_SEND in package com.google.android.googlequicksearchbox
W/PackageManager(  375): Unknown permission com.android.chrome.PRERENDER_URL in package com.google.android.googlequicksearchbox
W/PackageManager(  375): Unknown permission android.permission.CAPTURE_AUDIO_HOTWORD in package com.google.android.googlequicksearchbox
W/PackageManager(  375): Not granting permission android.permission.STOP_APP_SWITCHES to package com.google.android.googlequicksearchbox (protectionLevel=18 flags=0xdbbec5)
W/PackageManager(  375): Not granting permission android.permission.STATUS_BAR to package com.google.android.googlequicksearchbox (protectionLevel=18 flags=0xdbbec5)
W/PackageManager(  375): Unknown permission com.google.android.launcher.permission.CONTENT_REDIRECT in package com.google.android.googlequicksearchbox
W/PackageManager(  375): Not granting permission android.permission.BIND_APPWIDGET to package com.google.android.googlequicksearchbox (protectionLevel=18 flags=0xdbbec5)
W/PackageManager(  375): Not granting permission android.permission.SEND_DOWNLOAD_COMPLETED_INTENTS to package com.android.vending (protectionLevel=2 flags=0x8abec5)
W/PackageManager(  375): Not granting permission android.permission.WRITE_SECURE_SETTINGS to package com.android.vending (protectionLevel=50 flags=0x8abec5)
W/PackageManager(  375): Not granting permission android.permission.FORCE_STOP_PACKAGES to package com.android.vending (protectionLevel=2 flags=0x8abec5)
W/PackageManager(  375): Unknown permission android.permission.MANAGE_DOCUMENTS in package com.google.android.youtube
W/PackageManager(  375): Not granting permission android.permission.READ_DREAM_STATE to package com.google.android.gsf (protectionLevel=2 flags=0x883e45)
W/PackageManager(  375): Unknown permission com.digiburo.mellow.heeler.permission.MAPS_RECEIVE in package com.digiburo.mellow.heeler
I/ActivityManager(  375): Force stopping package com.digiburo.mellow.heeler appid=10075 user=0
D/dalvikvm(28594): GC_EXPLICIT freed 266K, 6% free 17085K/18060K, paused 5ms+7ms, total 66ms
D/dalvikvm( 9581): GC_EXPLICIT freed 313K, 5% free 9208K/9692K, paused 1ms+4ms, total 48ms
D/dalvikvm( 1101): GC_EXPLICIT freed 187K, 8% free 10112K/10984K, paused 2ms+9ms, total 94ms
D/dalvikvm(  637): GC_EXPLICIT freed 275K, 18% free 19005K/23056K, paused 3ms+6ms, total 86ms
I/InputReader(  375): Reconfiguring input devices.  changes=0x00000010
I/InputReader(  375): Reconfiguring input devices.  changes=0x00000010
I/Launcher(  637): Deferring update until onResume
W/ContextImpl(13157): Calling a method in the system process without a qualified user: android.app.ContextImpl.startService:1385 android.content.ContextWrapper.startService:473 android.content.ContextWrapper.startService:473 com.android.keychain.KeyChainBroadcastReceiver.onReceive:12 android.app.ActivityThread.handleReceiver:2424 
D/dalvikvm(  629): GC_CONCURRENT freed 455K, 6% free 9137K/9640K, paused 1ms+1ms, total 19ms
I/Launcher(  637): Deferring update until onResume
D/BackupManagerService(  375): Received broadcast Intent { act=android.intent.action.PACKAGE_REMOVED dat=package:com.digiburo.mellow.heeler flg=0x8000010 (has extras) }
D/BackupManagerService(  375): Received broadcast Intent { act=android.intent.action.PACKAGE_ADDED dat=package:com.digiburo.mellow.heeler flg=0x8000010 (has extras) }
V/BackupManagerService(  375): removePackageParticipantsLocked: uid=10075 #1
V/BackupManagerService(  375): addPackageParticipantsLocked: #1
D/PackageBroadcastService(  791): Received broadcast action=android.intent.action.PACKAGE_REMOVED and uri=com.digiburo.mellow.heeler
D/dalvikvm(30683): GC_CONCURRENT freed 163K, 61% free 12691K/32104K, paused 2ms+8ms, total 28ms
I/InternalIcingCorporaPro( 1101): Updating corpora: APPS=com.digiburo.mellow.heeler, CONTACTS=MAYBE
D/PackageAddedReceiver(  675): package added com.digiburo.mellow.heeler
D/PackageBroadcastService(  791): Received broadcast action=android.intent.action.PACKAGE_ADDED and uri=com.digiburo.mellow.heeler
D/dalvikvm(13169): GC_CONCURRENT freed 351K, 5% free 8898K/9288K, paused 5ms+34ms, total 72ms
I/InternalIcingCorporaPro( 1101): UpdateCorporaTask done [took 46 ms] updated apps [took 46 ms] 
I/PeopleContactsSync(  791): CP2 sync disabled
D/dalvikvm(  375): GC_EXPLICIT freed 2850K, 37% free 25166K/39396K, paused 5ms+20ms, total 399ms
D/PackageBroadcastService(  791): Received broadcast action=android.intent.action.PACKAGE_REPLACED and uri=com.digiburo.mellow.heeler
D/AndroidRuntime(13550): Shutting down VM
D/jdwp    (13550): Got wake-up signal, bailing out of select
D/dalvikvm(13550): Debugger has detached; object registry had 1 entries
I/PeopleContactsSync(  791): CP2 sync disabled
D/dalvikvm( 7818): GC_CONCURRENT freed 388K, 5% free 8895K/9320K, paused 2ms+1ms, total 14ms
D/AndroidRuntime(13585): 
D/AndroidRuntime(13585): >>>>>> AndroidRuntime START com.android.internal.os.RuntimeInit <<<<<<
D/AndroidRuntime(13585): CheckJNI is OFF
D/dalvikvm(13585): Trying to load lib libjavacore.so 0x0
D/dalvikvm(13585): Added shared lib libjavacore.so 0x0
D/dalvikvm(13585): Trying to load lib libnativehelper.so 0x0
D/dalvikvm(13585): Added shared lib libnativehelper.so 0x0
D/dalvikvm( 7818): GC_CONCURRENT freed 387K, 5% free 8893K/9320K, paused 3ms+1ms, total 27ms
D/AndroidRuntime(13585): Calling main entry com.android.commands.am.Am
D/dalvikvm(13585): Note: class Landroid/app/ActivityManagerNative; has 163 unimplemented (abstract) methods
I/ActivityManager(  375): START u0 {act=android.intent.action.MAIN cat=[android.intent.category.LAUNCHER] flg=0x10000000 cmp=com.digiburo.mellow.heeler/.app.MainActivity} from pid 13585
D/AndroidRuntime(13585): Shutting down VM
D/jdwp    (13585): Got wake-up signal, bailing out of select
D/dalvikvm(13585): Debugger has detached; object registry had 1 entries
D/dalvikvm(13596): Late-enabling CheckJNI
I/ActivityManager(  375): Start proc com.digiburo.mellow.heeler for activity com.digiburo.mellow.heeler/.app.MainActivity: pid=13596 uid=10075 gids={50075, 3003, 1015, 1028}
D//SpiceManager.java:212(13596): 19:32:58.795 main SpiceManager started.
V//SpiceManager.java:1183(13596): 19:32:58.797 SpiceManagerThread 0 Binding to service.
V//SpiceManager.java:1189(13596): 19:32:58.814 SpiceManagerThread 0 Binding to service succeeded.
D/dalvikvm(13596): GC_FOR_ALLOC freed 283K, 4% free 9092K/9412K, paused 15ms, total 16ms
D//SpiceManager.java:1236(13596): 19:32:58.816 SpiceManagerThread 0 Waiting for service to be bound.
D/com.digiburo.mellow.heeler.app.ConsoleFragment(13596): start collection false
D/com.digiburo.mellow.heeler.app.ConsoleFragment(13596): start collection false
D//SpiceService.java:127(13596): 19:32:58.924 main SpiceService instance created.
D/com.digiburo.mellow.heeler.lib.service.SpeechService(13596): xxx xxx onCreate xxx xxx
D/com.digiburo.mellow.heeler.lib.service.SpeechService(13596): xxx xxx onHandleIntent xxx xxx
V//SpiceService.java:442(13596): 19:32:58.989 main Pending requests : 0
V//SpiceService.java:444(13596): 19:32:58.992 main Stop foreground
I/GoogleTTSService(10139): Creating Google TTS service, version 3.1.3.1162895
I/TextToSpeech(13596): Sucessfully bound to com.google.android.tts
D/dalvikvm(10139): Trying to load lib /data/app-lib/com.google.android.tts-2/libpatts_engine_jni_api_ub.210030103.so 0x4200af80
D/dalvikvm(10139): Shared lib '/data/app-lib/com.google.android.tts-2/libpatts_engine_jni_api_ub.210030103.so' already loaded in same CL 0x4200af80
I/patts   (10139): Loading project file (apk mode is true,assets from com.google.android.tts) ...
I/patts   (10139): [android_project_file.cc:35] Loading "voices/en-us-x-sfg-phone-hmm/phonology.cfg" ...
D/dalvikvm(13596): GC_FOR_ALLOC freed 244K, 3% free 9363K/9644K, paused 19ms, total 20ms
I/patts   (10139): [android_project_file.cc:35] Loading "voices/en-us-x-sfg-phone-hmm/compressed_lexicon_en_us.blex" ...
D/libEGL  (13596): loaded /vendor/lib/egl/libEGL_POWERVR_SGX540_120.so
D/libEGL  (13596): loaded /vendor/lib/egl/libGLESv1_CM_POWERVR_SGX540_120.so
D/libEGL  (13596): loaded /vendor/lib/egl/libGLESv2_POWERVR_SGX540_120.so
I/patts   (10139): [android_project_file.cc:35] Loading "voices/en-us-x-sfg-phone-hmm/phonology.pb" ...
I/patts   (10139): [android_project_file.cc:35] Loading "voices/en-us-x-sfg-phone-hmm/rewrite_android.far" ...
I/patts   (10139): [grm-manager.h:57] Loading FST archive from "voices/en-us-x-sfg-phone-hmm/rewrite_android.far" ...
I/patts   (10139): [android_project_file.cc:35] Loading "voices/en-us-x-sfg-phone-hmm/tokenize_and_classify_embedded_android.far" ...
I/patts   (10139): [grm-manager.h:57] Loading FST archive from "voices/en-us-x-sfg-phone-hmm/tokenize_and_classify_embedded_android.far" ...
D/OpenGLRenderer(13596): Enabling debug mode 0
D//SpiceServiceListenerNotifier.java:33(13596): 19:32:59.200 main Message Queue starting
D//SpiceManager.java:1086(13596): 19:32:59.201 main Bound to service : JacksonSpringAndroidSpiceService
D/com.digiburo.mellow.heeler.lib.service.SpeechService(13596): xxx xxx onDestroy xxx xxx
W/IInputConnectionWrapper(28594): showStatusIcon on inactive InputConnection
I/patts   (10139): [android_project_file.cc:35] Loading "voices/en-us-x-sfg-phone-hmm/textnorm_params_embedded.pb" ...
D//SpiceManager.java:1243(13596): 19:32:59.226 SpiceManagerThread 0 Bound ok.
I/ActivityManager(  375): Displayed com.digiburo.mellow.heeler/.app.MainActivity: +736ms
I/patts   (10139): [android_project_file.cc:35] Loading "voices/en-us-x-sfg-phone-hmm/resolve_homographs_simple_us.pb" ...
I/patts   (10139): [android_project_file.cc:35] Loading "voices/en-us-x-sfg-phone-hmm/mapping_grammar_android.far" ...
I/patts   (10139): [grm-manager.h:57] Loading FST archive from "voices/en-us-x-sfg-phone-hmm/mapping_grammar_android.far" ...
I/patts   (10139): [android_project_file.cc:35] Loading "voices/en-us-x-sfg-phone-hmm/roman_numeral_contexts.pb" ...
I/patts   (10139): [android_project_file.cc:35] Loading "voices/en-us-x-sfg-phone-hmm/roman_numeral_android.far" ...
I/patts   (10139): [grm-manager.h:57] Loading FST archive from "voices/en-us-x-sfg-phone-hmm/roman_numeral_android.far" ...
I/patts   (10139): [android_project_file.cc:35] Loading "voices/en-us-x-sfg-phone-hmm/verbalize_android.far" ...
I/patts   (10139): [grm-manager.h:57] Loading FST archive from "voices/en-us-x-sfg-phone-hmm/verbalize_android.far" ...
I/patts   (10139): [android_project_file.cc:35] Loading "voices/en-us-x-sfg-phone-hmm/textnorm_params_embedded.pb" ...
I/patts   (10139): [android_project_file.cc:35] Loading "voices/en-us-x-sfg-phone-hmm/resolve_homographs_simple_us.pb" ...
I/patts   (10139): [android_project_file.cc:35] Loading "voices/en-us-x-sfg-phone-hmm/g2p_m3_syls0_stress0_en-US.fst" ...
I/patts   (10139): [compact_fst.cc:31] Loading FST from "voices/en-us-x-sfg-phone-hmm/g2p_m3_syls0_stress0_en-US.fst" ...
I/patts   (10139): [decoder_impl.cc:78] g2p FST: 55 graphemes, 41 phonemes (with special symbols)
I/patts   (10139): [android_project_file.cc:35] Loading "voices/en-us-x-sfg-phone-hmm/engine_hmm_22050_ap-embedded_lsp.cfg" ...
I/patts   (10139): [embedded_hmm_synthesizer.cc:21] Embedded HMM synthesizer initialized.
I/patts   (10139): [android_project_file.cc:35] Loading "voices/en-us-x-sfg-phone-hmm/phonology.cfg" ...
I/patts   (10139): [android_project_file.cc:35] Loading "voices/en-us-x-sfg-phone-hmm/compile_hmm_phoneme.cfg" ...
I/patts   (10139): [android_project_file.cc:35] Loading "voices/en-us-x-sfg-phone-hmm/engine_hmm_22050_ap-embedded_lsp.cfg" ...
I/patts   (10139): [android_project_file.cc:35] Loading "voices/en-us-x-sfg-phone-hmm/patts1_hmm_voice_en_us_sfg_all_22050_phoneme_lsp_swop_ap_msd_bin_8bit.voice" ...
I/patts   (10139): [jni_text_analysis_api.cc:337] jni: deleting text normalizer ...
I/patts   (10139): [jni_synthesizer_api.cc:92] jni: deleting synthesizer ...
I/patts   (10139): [jni_project_file_api.cc:110] jni: deleting project file ...
I/patts   (10139): [jni_project_file_api.cc:123] jni: deleting project resource holder ...
D/Finsky  ( 9624): [1] 5.onFinished: Installation state replication succeeded.
D/AndroidRuntime(13625): 
D/AndroidRuntime(13625): >>>>>> AndroidRuntime START com.android.internal.os.RuntimeInit <<<<<<
D/AndroidRuntime(13625): CheckJNI is OFF
D/dalvikvm(13625): Trying to load lib libjavacore.so 0x0
D/dalvikvm(13625): Added shared lib libjavacore.so 0x0
D/dalvikvm(13625): Trying to load lib libnativehelper.so 0x0
D/dalvikvm(13625): Added shared lib libnativehelper.so 0x0
D/AndroidRuntime(13625): Calling main entry com.android.commands.pm.Pm
W/ActivityManager(  375): No content provider found for permission revoke: file:///data/local/tmp/com.digiburo.mellow.heeler
W/ActivityManager(  375): No content provider found for permission revoke: file:///data/local/tmp/com.digiburo.mellow.heeler
I/PackageManager(  375): Copying native libraries to /data/app-lib/vmdl-1459824787
D/dalvikvm(  375): GC_CONCURRENT freed 4081K, 37% free 25165K/39396K, paused 3ms+12ms, total 116ms
D/dalvikvm(  375): WAIT_FOR_CONCURRENT_GC blocked 108ms
I/ActivityManager(  375): Force stopping package com.digiburo.mellow.heeler appid=10075 user=-1
I/ActivityManager(  375): Killing proc 13596:com.digiburo.mellow.heeler/u0a10075: force stop com.digiburo.mellow.heeler
W/ActivityManager(  375): Scheduling restart of crashed service com.digiburo.mellow.heeler/com.octo.android.robospice.JacksonSpringAndroidSpiceService in 5000ms
W/ActivityManager(  375): Force removing ActivityRecord{42789a28 u0 com.digiburo.mellow.heeler/.app.MainActivity}: app died, no saved state
I/ActivityManager(  375):   Force stopping service ServiceRecord{434d6ce0 u0 com.digiburo.mellow.heeler/com.octo.android.robospice.JacksonSpringAndroidSpiceService}
W/InputDispatcher(  375): channel '424c7510 com.digiburo.mellow.heeler/com.digiburo.mellow.heeler.app.MainActivity (server)' ~ Consumer closed input channel or an error occurred.  events=0x9
E/InputDispatcher(  375): channel '424c7510 com.digiburo.mellow.heeler/com.digiburo.mellow.heeler.app.MainActivity (server)' ~ Channel is unrecoverably broken and will be disposed!
D/dalvikvm(  375): GC_CONCURRENT freed 4176K, 37% free 25072K/39396K, paused 4ms+12ms, total 115ms
D/dalvikvm(  375): WAIT_FOR_CONCURRENT_GC blocked 49ms
W/InputDispatcher(  375): Attempted to unregister already unregistered input channel '424c7510 com.digiburo.mellow.heeler/com.digiburo.mellow.heeler.app.MainActivity (server)'
I/WindowState(  375): WIN DEATH: Window{424c7510 u0 com.digiburo.mellow.heeler/com.digiburo.mellow.heeler.app.MainActivity}
D/dalvikvm(  375): WAIT_FOR_CONCURRENT_GC blocked 64ms
I/PackageManager(  375): Package com.digiburo.mellow.heeler codePath changed from /data/app/com.digiburo.mellow.heeler-2.apk to /data/app/com.digiburo.mellow.heeler-1.apk; Retaining data and using new
I/PackageManager(  375): Running dexopt on: com.digiburo.mellow.heeler
W/InputMethodManagerService(  375): Got RemoteException sending setActive(false) notification to pid 13596 uid 10075
D/dalvikvm(13635): DexOpt: load 241ms, verify+opt 1715ms, 4145540 bytes
I/ActivityManager(  375): Force stopping package com.digiburo.mellow.heeler appid=10075 user=-1
W/PackageManager(  375): Code path for pkg : com.digiburo.mellow.heeler changing from /data/app/com.digiburo.mellow.heeler-2.apk to /data/app/com.digiburo.mellow.heeler-1.apk
W/PackageManager(  375): Resource path for pkg : com.digiburo.mellow.heeler changing from /data/app/com.digiburo.mellow.heeler-2.apk to /data/app/com.digiburo.mellow.heeler-1.apk
W/PackageManager(  375): Not granting permission android.permission.SEND_DOWNLOAD_COMPLETED_INTENTS to package com.google.android.browser (protectionLevel=2 flags=0x89be45)
W/PackageManager(  375): Unknown permission android.permission.ADD_SYSTEM_SERVICE in package com.android.phone
W/PackageManager(  375): Unknown permission com.android.smspush.WAPPUSH_MANAGER_BIND in package com.android.phone
W/PackageManager(  375): Unknown permission com.android.nfc.permission.NFCEE_ADMIN in package com.google.android.apps.walletnfcrel
W/PackageManager(  375): Unknown permission com.android.vending.billing.IBillingAccountService.BIND2 in package com.google.android.gsf.login
W/PackageManager(  375): Unknown permission com.android.chrome.TOS_ACKED in package com.google.android.gsf.login
W/PackageManager(  375): Unknown permission com.android.gallery3d.permission.GALLERY_PROVIDER in package com.android.bluetooth
W/PackageManager(  375): Not granting permission android.permission.BROADCAST_PACKAGE_REMOVED to package com.google.android.marvin.talkback (protectionLevel=2 flags=0xc9bec5)
W/PackageManager(  375): Not granting permission android.permission.DEVICE_POWER to package com.google.android.deskclock (protectionLevel=2 flags=0xc8be45)
W/PackageManager(  375): Unknown permission android.permission.RECOVERY in package com.google.android.gms
W/PackageManager(  375): Not granting permission android.permission.READ_DREAM_STATE to package com.google.android.gms (protectionLevel=2 flags=0xc83ec5)
W/PackageManager(  375): Not granting permission android.permission.GET_APP_OPS_STATS to package com.google.android.gms (protectionLevel=50 flags=0xc83ec5)
W/PackageManager(  375): Not granting permission android.permission.UPDATE_APP_OPS_STATS to package com.google.android.gms (protectionLevel=18 flags=0xc83ec5)
W/PackageManager(  375): Unknown permission android.permission.CAPTURE_AUDIO_HOTWORD in package com.google.android.gms
W/PackageManager(  375): Unknown permission android.permission.ACCESS_NETWORK_CONDITIONS in package com.google.android.gms
W/PackageManager(  375): Unknown permission android.permission.MANAGE_DEVICE_ADMINS in package com.google.android.gms
W/PackageManager(  375): Not granting permission android.permission.MODIFY_PHONE_STATE to package com.google.android.gms (protectionLevel=18 flags=0xc83ec5)
W/PackageManager(  375): Not granting permission android.permission.MANAGE_USB to package com.google.android.gms (protectionLevel=18 flags=0xc83ec5)
W/PackageManager(  375): Not granting permission android.permission.CALL_PRIVILEGED to package com.google.android.gms (protectionLevel=18 flags=0xc83ec5)
W/PackageManager(  375): Unknown permission android.permission.BLUETOOTH_PRIVILEGED in package com.google.android.gms
W/PackageManager(  375): Unknown permission android.permission.CAPTURE_AUDIO_OUTPUT in package com.google.android.gms
W/PackageManager(  375): Unknown permission android.permission.CAPTURE_VIDEO_OUTPUT in package com.google.android.gms
W/PackageManager(  375): Unknown permission android.permission.CAPTURE_SECURE_VIDEO_OUTPUT in package com.google.android.gms
W/PackageManager(  375): Not granting permission android.permission.READ_FRAME_BUFFER to package com.google.android.gms (protectionLevel=18 flags=0xc83ec5)
W/PackageManager(  375): Unknown permission com.google.android.wearable.READ_SETTINGS in package com.google.android.gms
W/PackageManager(  375): Unknown permission android.permission.READ_OWNER_DATA in package com.google.android.setupwizard
W/PackageManager(  375): Unknown permission android.permission.WRITE_OWNER_DATA in package com.google.android.setupwizard
W/PackageManager(  375): Unknown permission android.permission.MEDIA_CONTENT_CONTROL in package com.google.android.googlequicksearchbox
W/PackageManager(  375): Unknown permission com.google.android.apps.googlevoice.permission.AUTO_SEND in package com.google.android.googlequicksearchbox
W/PackageManager(  375): Unknown permission com.android.chrome.PRERENDER_URL in package com.google.android.googlequicksearchbox
W/PackageManager(  375): Unknown permission android.permission.CAPTURE_AUDIO_HOTWORD in package com.google.android.googlequicksearchbox
W/PackageManager(  375): Not granting permission android.permission.STOP_APP_SWITCHES to package com.google.android.googlequicksearchbox (protectionLevel=18 flags=0xdbbec5)
W/PackageManager(  375): Not granting permission android.permission.STATUS_BAR to package com.google.android.googlequicksearchbox (protectionLevel=18 flags=0xdbbec5)
W/PackageManager(  375): Unknown permission com.google.android.launcher.permission.CONTENT_REDIRECT in package com.google.android.googlequicksearchbox
W/PackageManager(  375): Not granting permission android.permission.BIND_APPWIDGET to package com.google.android.googlequicksearchbox (protectionLevel=18 flags=0xdbbec5)
W/PackageManager(  375): Not granting permission android.permission.SEND_DOWNLOAD_COMPLETED_INTENTS to package com.android.vending (protectionLevel=2 flags=0x8abec5)
W/PackageManager(  375): Not granting permission android.permission.WRITE_SECURE_SETTINGS to package com.android.vending (protectionLevel=50 flags=0x8abec5)
W/PackageManager(  375): Not granting permission android.permission.FORCE_STOP_PACKAGES to package com.android.vending (protectionLevel=2 flags=0x8abec5)
W/PackageManager(  375): Unknown permission android.permission.MANAGE_DOCUMENTS in package com.google.android.youtube
W/PackageManager(  375): Not granting permission android.permission.READ_DREAM_STATE to package com.google.android.gsf (protectionLevel=2 flags=0x883e45)
W/PackageManager(  375): Unknown permission com.digiburo.mellow.heeler.permission.MAPS_RECEIVE in package com.digiburo.mellow.heeler
I/ActivityManager(  375): Force stopping package com.digiburo.mellow.heeler appid=10075 user=0
I/InputReader(  375): Reconfiguring input devices.  changes=0x00000010
D/dalvikvm(28594): GC_EXPLICIT freed 267K, 6% free 17085K/18060K, paused 3ms+6ms, total 84ms
D/BackupManagerService(  375): Received broadcast Intent { act=android.intent.action.PACKAGE_REMOVED dat=package:com.digiburo.mellow.heeler flg=0x8000010 (has extras) }
I/InputReader(  375): Reconfiguring input devices.  changes=0x00000010
D/BackupManagerService(  375): Received broadcast Intent { act=android.intent.action.PACKAGE_ADDED dat=package:com.digiburo.mellow.heeler flg=0x8000010 (has extras) }
V/BackupManagerService(  375): removePackageParticipantsLocked: uid=10075 #1
V/BackupManagerService(  375): addPackageParticipantsLocked: #1
W/ContextImpl(13157): Calling a method in the system process without a qualified user: android.app.ContextImpl.startService:1385 android.content.ContextWrapper.startService:473 android.content.ContextWrapper.startService:473 com.android.keychain.KeyChainBroadcastReceiver.onReceive:12 android.app.ActivityThread.handleReceiver:2424 
D/dalvikvm(  629): GC_CONCURRENT freed 455K, 6% free 9135K/9632K, paused 3ms+2ms, total 43ms
D/dalvikvm( 1101): GC_EXPLICIT freed 187K, 8% free 10114K/10984K, paused 3ms+11ms, total 273ms
D/dalvikvm(  637): GC_EXPLICIT freed 258K, 18% free 19006K/23056K, paused 23ms+7ms, total 202ms
I/Launcher(  637): Deferring update until onResume
I/Launcher(  637): Deferring update until onResume
D/PackageBroadcastService(  791): Received broadcast action=android.intent.action.PACKAGE_REMOVED and uri=com.digiburo.mellow.heeler
I/InternalIcingCorporaPro( 1101): Updating corpora: APPS=com.digiburo.mellow.heeler, CONTACTS=MAYBE
D/dalvikvm( 7702): GC_CONCURRENT freed 493K, 6% free 9404K/9964K, paused 2ms+21ms, total 54ms
D/PackageBroadcastService(  791): Received broadcast action=android.intent.action.PACKAGE_ADDED and uri=com.digiburo.mellow.heeler
D/PackageAddedReceiver(  675): package added com.digiburo.mellow.heeler
I/InternalIcingCorporaPro( 1101): UpdateCorporaTask done [took 48 ms] updated apps [took 48 ms] 
I/PeopleContactsSync(  791): CP2 sync disabled
D/PackageBroadcastService(  791): Received broadcast action=android.intent.action.PACKAGE_REPLACED and uri=com.digiburo.mellow.heeler
I/PeopleContactsSync(  791): CP2 sync disabled
D/dalvikvm(  375): GC_EXPLICIT freed 1430K, 37% free 25156K/39396K, paused 17ms+19ms, total 389ms
D/AndroidRuntime(13625): Shutting down VM
D/jdwp    (13625): Got wake-up signal, bailing out of select
D/dalvikvm(13625): Debugger has detached; object registry had 1 entries
D/dalvikvm( 7818): GC_CONCURRENT freed 385K, 5% free 8895K/9320K, paused 2ms+1ms, total 13ms
D/AndroidRuntime(13659): 
D/AndroidRuntime(13659): >>>>>> AndroidRuntime START com.android.internal.os.RuntimeInit <<<<<<
D/AndroidRuntime(13659): CheckJNI is OFF
D/dalvikvm(13659): Trying to load lib libjavacore.so 0x0
D/dalvikvm(13659): Added shared lib libjavacore.so 0x0
D/dalvikvm(13659): Trying to load lib libnativehelper.so 0x0
D/dalvikvm(13659): Added shared lib libnativehelper.so 0x0
D/dalvikvm( 9581): GC_CONCURRENT freed 380K, 5% free 9235K/9720K, paused 4ms+2ms, total 22ms
D/AndroidRuntime(13659): Calling main entry com.android.commands.am.Am
D/dalvikvm(13659): Note: class Landroid/app/ActivityManagerNative; has 163 unimplemented (abstract) methods
I/ActivityManager(  375): START u0 {act=android.intent.action.MAIN cat=[android.intent.category.LAUNCHER] flg=0x10000000 cmp=com.digiburo.mellow.heeler/.app.MainActivity} from pid 13659
D/AndroidRuntime(13659): Shutting down VM
D/jdwp    (13659): Got wake-up signal, bailing out of select
D/dalvikvm(13659): Debugger has detached; object registry had 1 entries
D/dalvikvm(13669): Late-enabling CheckJNI
I/ActivityManager(  375): Start proc com.digiburo.mellow.heeler for activity com.digiburo.mellow.heeler/.app.MainActivity: pid=13669 uid=10075 gids={50075, 3003, 1015, 1028}
D//SpiceManager.java:212(13669): 19:36:39.648 main SpiceManager started.
V//SpiceManager.java:1183(13669): 19:36:39.673 SpiceManagerThread 0 Binding to service.
D/dalvikvm(13669): GC_FOR_ALLOC freed 282K, 4% free 9094K/9412K, paused 21ms, total 21ms
V//SpiceManager.java:1189(13669): 19:36:39.703 SpiceManagerThread 0 Binding to service succeeded.
D//SpiceManager.java:1236(13669): 19:36:39.708 SpiceManagerThread 0 Waiting for service to be bound.
D/com.digiburo.mellow.heeler.app.ConsoleFragment(13669): start collection false
D/com.digiburo.mellow.heeler.app.ConsoleFragment(13669): start collection false
D//SpiceService.java:127(13669): 19:36:39.787 main SpiceService instance created.
D/com.digiburo.mellow.heeler.lib.service.SpeechService(13669): xxx xxx onCreate xxx xxx
D/com.digiburo.mellow.heeler.lib.service.SpeechService(13669): xxx xxx onHandleIntent xxx xxx
D/com.digiburo.mellow.heeler.lib.service.SpeechService(13669): action:INTENT_ACTION_SAY_THIS
V//SpiceService.java:442(13669): 19:36:39.860 main Pending requests : 0
D/com.digiburo.mellow.heeler.lib.service.SpeechService(13669): phrase:heeler start
V//SpiceService.java:444(13669): 19:36:39.871 main Stop foreground
D/dalvikvm(13669): GC_FOR_ALLOC freed 247K, 3% free 9361K/9644K, paused 31ms, total 31ms
I/GoogleTTSService(10139): Creating Google TTS service, version 3.1.3.1162895
I/TextToSpeech(13669): Sucessfully bound to com.google.android.tts
D/dalvikvm(10139): Trying to load lib /data/app-lib/com.google.android.tts-2/libpatts_engine_jni_api_ub.210030103.so 0x4200af80
D/dalvikvm(10139): Shared lib '/data/app-lib/com.google.android.tts-2/libpatts_engine_jni_api_ub.210030103.so' already loaded in same CL 0x4200af80
I/patts   (10139): Loading project file (apk mode is true,assets from com.google.android.tts) ...
I/patts   (10139): [android_project_file.cc:35] Loading "voices/en-us-x-sfg-phone-hmm/phonology.cfg" ...
I/patts   (10139): [android_project_file.cc:35] Loading "voices/en-us-x-sfg-phone-hmm/compressed_lexicon_en_us.blex" ...
D/libEGL  (13669): loaded /vendor/lib/egl/libEGL_POWERVR_SGX540_120.so
D/libEGL  (13669): loaded /vendor/lib/egl/libGLESv1_CM_POWERVR_SGX540_120.so
D/libEGL  (13669): loaded /vendor/lib/egl/libGLESv2_POWERVR_SGX540_120.so
I/patts   (10139): [android_project_file.cc:35] Loading "voices/en-us-x-sfg-phone-hmm/phonology.pb" ...
I/patts   (10139): [android_project_file.cc:35] Loading "voices/en-us-x-sfg-phone-hmm/rewrite_android.far" ...
I/patts   (10139): [grm-manager.h:57] Loading FST archive from "voices/en-us-x-sfg-phone-hmm/rewrite_android.far" ...
I/patts   (10139): [android_project_file.cc:35] Loading "voices/en-us-x-sfg-phone-hmm/tokenize_and_classify_embedded_android.far" ...
I/patts   (10139): [grm-manager.h:57] Loading FST archive from "voices/en-us-x-sfg-phone-hmm/tokenize_and_classify_embedded_android.far" ...
D/OpenGLRenderer(13669): Enabling debug mode 0
D//SpiceServiceListenerNotifier.java:33(13669): 19:36:40.130 main Message Queue starting
D//SpiceManager.java:1086(13669): 19:36:40.132 main Bound to service : JacksonSpringAndroidSpiceService
D/com.digiburo.mellow.heeler.lib.service.SpeechService(13669): xxx xxx onDestroy xxx xxx
D//SpiceManager.java:1243(13669): 19:36:40.135 SpiceManagerThread 0 Bound ok.
W/IInputConnectionWrapper(28594): showStatusIcon on inactive InputConnection
I/patts   (10139): [android_project_file.cc:35] Loading "voices/en-us-x-sfg-phone-hmm/textnorm_params_embedded.pb" ...
I/ActivityManager(  375): Displayed com.digiburo.mellow.heeler/.app.MainActivity: +866ms
I/patts   (10139): [android_project_file.cc:35] Loading "voices/en-us-x-sfg-phone-hmm/resolve_homographs_simple_us.pb" ...
I/patts   (10139): [android_project_file.cc:35] Loading "voices/en-us-x-sfg-phone-hmm/mapping_grammar_android.far" ...
I/patts   (10139): [grm-manager.h:57] Loading FST archive from "voices/en-us-x-sfg-phone-hmm/mapping_grammar_android.far" ...
I/patts   (10139): [android_project_file.cc:35] Loading "voices/en-us-x-sfg-phone-hmm/roman_numeral_contexts.pb" ...
I/patts   (10139): [android_project_file.cc:35] Loading "voices/en-us-x-sfg-phone-hmm/roman_numeral_android.far" ...
I/patts   (10139): [grm-manager.h:57] Loading FST archive from "voices/en-us-x-sfg-phone-hmm/roman_numeral_android.far" ...
I/patts   (10139): [android_project_file.cc:35] Loading "voices/en-us-x-sfg-phone-hmm/verbalize_android.far" ...
I/patts   (10139): [grm-manager.h:57] Loading FST archive from "voices/en-us-x-sfg-phone-hmm/verbalize_android.far" ...
I/patts   (10139): [android_project_file.cc:35] Loading "voices/en-us-x-sfg-phone-hmm/textnorm_params_embedded.pb" ...
I/patts   (10139): [android_project_file.cc:35] Loading "voices/en-us-x-sfg-phone-hmm/resolve_homographs_simple_us.pb" ...
I/patts   (10139): [android_project_file.cc:35] Loading "voices/en-us-x-sfg-phone-hmm/g2p_m3_syls0_stress0_en-US.fst" ...
I/patts   (10139): [compact_fst.cc:31] Loading FST from "voices/en-us-x-sfg-phone-hmm/g2p_m3_syls0_stress0_en-US.fst" ...
I/patts   (10139): [decoder_impl.cc:78] g2p FST: 55 graphemes, 41 phonemes (with special symbols)
I/patts   (10139): [android_project_file.cc:35] Loading "voices/en-us-x-sfg-phone-hmm/engine_hmm_22050_ap-embedded_lsp.cfg" ...
I/patts   (10139): [embedded_hmm_synthesizer.cc:21] Embedded HMM synthesizer initialized.
I/patts   (10139): [android_project_file.cc:35] Loading "voices/en-us-x-sfg-phone-hmm/phonology.cfg" ...
I/patts   (10139): [android_project_file.cc:35] Loading "voices/en-us-x-sfg-phone-hmm/compile_hmm_phoneme.cfg" ...
I/patts   (10139): [android_project_file.cc:35] Loading "voices/en-us-x-sfg-phone-hmm/engine_hmm_22050_ap-embedded_lsp.cfg" ...
I/patts   (10139): [android_project_file.cc:35] Loading "voices/en-us-x-sfg-phone-hmm/patts1_hmm_voice_en_us_sfg_all_22050_phoneme_lsp_swop_ap_msd_bin_8bit.voice" ...
I/patts   (10139): [jni_text_analysis_api.cc:337] jni: deleting text normalizer ...
I/patts   (10139): [jni_synthesizer_api.cc:92] jni: deleting synthesizer ...
I/patts   (10139): [jni_project_file_api.cc:110] jni: deleting project file ...
I/patts   (10139): [jni_project_file_api.cc:123] jni: deleting project resource holder ...
D/Finsky  ( 9624): [1] 5.onFinished: Installation state replication succeeded.
^C
gsc@duckman:14>exu[Kit
exit

Script done on Wed Jun 18 10:37:06 2014
